Component: ARM Compiler 5.06 update 4 (build 422) Tool: armlink [4d35d2]

==============================================================================

Section Cross References

    startup_stm32f4xx.o(STACK) refers (Special) to heapauxi.o(.text) for __use_two_region_memory
    startup_stm32f4xx.o(HEAP) refers (Special) to heapauxi.o(.text) for __use_two_region_memory
    startup_stm32f4xx.o(RESET) refers (Special) to heapauxi.o(.text) for __use_two_region_memory
    startup_stm32f4xx.o(RESET) refers to startup_stm32f4xx.o(STACK) for __initial_sp
    startup_stm32f4xx.o(RESET) refers to startup_stm32f4xx.o(.text) for Reset_Handler
    startup_stm32f4xx.o(RESET) refers to stm32f4xx_it.o(.text) for NMI_Handler
    startup_stm32f4xx.o(RESET) refers to port.o(.emb_text) for SVC_Handler
    startup_stm32f4xx.o(RESET) refers to port.o(.text) for SysTick_Handler
    startup_stm32f4xx.o(RESET) refers to main.o(.text) for EXTI0_IRQHandler
    startup_stm32f4xx.o(.text) refers (Special) to heapauxi.o(.text) for __use_two_region_memory
    startup_stm32f4xx.o(.text) refers to system_stm32f4xx.o(.text) for SystemInit
    startup_stm32f4xx.o(.text) refers to __main.o(!!!main) for __main
    startup_stm32f4xx.o(.text) refers to startup_stm32f4xx.o(HEAP) for Heap_Mem
    startup_stm32f4xx.o(.text) refers to startup_stm32f4xx.o(STACK) for Stack_Mem
    system_stm32f4xx.o(.text) refers to system_stm32f4xx.o(.data) for SystemCoreClock
    main.o(.text) refers to stm32f4xx_rcc.o(.text) for RCC_GetClocksFreq
    main.o(.text) refers to queue.o(.text) for xQueueGenericReceive
    main.o(.text) refers to tasks.o(.text) for vTaskDelay
    main.o(.text) refers to discoveryf4utils.o(.text) for STM_EVAL_LEDOff
    main.o(.text) refers to codec.o(.text) for codec_init
    main.o(.text) refers to stm32f4xx_spi.o(.text) for I2S_Cmd
    main.o(.text) refers to daddsub_clz.o(x$fpl$dadd) for __aeabi_dadd
    main.o(.text) refers to drleqf.o(x$fpl$drleqf) for __aeabi_cdrcmple
    main.o(.text) refers to daddsub_clz.o(x$fpl$dsub) for __aeabi_dsub
    main.o(.text) refers to d2f.o(x$fpl$d2f) for __aeabi_d2f
    main.o(.text) refers to f2d.o(x$fpl$f2d) for __aeabi_f2d
    main.o(.text) refers to dmul.o(x$fpl$dmul) for __aeabi_dmul
    main.o(.text) refers to dfix.o(x$fpl$dfix) for __aeabi_d2iz
    main.o(.text) refers to main.o(.data) for multiplier
    main.o(.text) refers to main.o(.bss) for currently_brewing
    main.o(.text) refers to stm32f4xx_exti.o(.text) for EXTI_GetITStatus
    main.o(.text) refers to stm32f4xx_gpio.o(.text) for GPIO_PinAFConfig
    main.o(.text) refers to stm32f4xx_i2c.o(.text) for I2C_Init
    main.o(.text) refers to misc.o(.text) for NVIC_PriorityGroupConfig
    main.o(.text) refers to system_stm32f4xx.o(.data) for SystemCoreClock
    discoveryf4utils.o(.text) refers to stm32f4xx_rcc.o(.text) for RCC_AHB1PeriphClockCmd
    discoveryf4utils.o(.text) refers to stm32f4xx_gpio.o(.text) for GPIO_Init
    discoveryf4utils.o(.text) refers to stm32f4xx_syscfg.o(.text) for SYSCFG_EXTILineConfig
    discoveryf4utils.o(.text) refers to stm32f4xx_exti.o(.text) for EXTI_Init
    discoveryf4utils.o(.text) refers to misc.o(.text) for NVIC_Init
    discoveryf4utils.o(.text) refers to stm32f4xx_usart.o(.text) for USART_Init
    discoveryf4utils.o(.text) refers to discoveryf4utils.o(.constdata) for GPIO_CLK
    discoveryf4utils.o(.text) refers to discoveryf4utils.o(.data) for GPIO_PORT
    codec.o(.text) refers to stm32f4xx_gpio.o(.text) for GPIO_StructInit
    codec.o(.text) refers to stm32f4xx_rcc.o(.text) for RCC_AHB1PeriphClockCmd
    codec.o(.text) refers to stm32f4xx_spi.o(.text) for SPI_I2S_DeInit
    codec.o(.text) refers to stm32f4xx_i2c.o(.text) for I2C_DeInit
    event_groups.o(.text) refers to heap_2.o(.text) for pvPortMalloc
    event_groups.o(.text) refers to list.o(.text) for vListInitialise
    event_groups.o(.text) refers to tasks.o(.text) for vTaskSuspendAll
    event_groups.o(.text) refers to port.o(.text) for vPortEnterCritical
    queue.o(.text) refers to port.o(.text) for vPortEnterCritical
    queue.o(.text) refers to tasks.o(.text) for xTaskRemoveFromEventList
    queue.o(.text) refers to list.o(.text) for vListInitialise
    queue.o(.text) refers to heap_2.o(.text) for pvPortMalloc
    queue.o(.text) refers to rt_memcpy_v6.o(.text) for __aeabi_memcpy
    queue.o(.text) refers to queue.o(.bss) for xQueueRegistry
    tasks.o(.text) refers to list.o(.text) for vListInitialise
    tasks.o(.text) refers to port.o(.text) for vPortEnterCritical
    tasks.o(.text) refers to aeabi_memset.o(.text) for __aeabi_memset
    tasks.o(.text) refers to heap_2.o(.text) for pvPortMalloc
    tasks.o(.text) refers to tasks.o(.bss) for pxReadyTasksLists
    tasks.o(.text) refers to tasks.o(.data) for pxDelayedTaskList
    tasks.o(.text) refers to timers.o(.text) for xTimerCreateTimerTask
    timers.o(.text) refers to list.o(.text) for vListInsert
    timers.o(.text) refers to tasks.o(.text) for xTaskGetSchedulerState
[...]
    .ARM.Collect$$libinit$$0000000A          0x08000202   Section        0  libinit2.o(.ARM.Collect$$libinit$$0000000A)
    .ARM.Collect$$libinit$$0000000C          0x08000202   Section        0  libinit2.o(.ARM.Collect$$libinit$$0000000C)
    .ARM.Collect$$libinit$$0000000E          0x08000202   Section        0  libinit2.o(.ARM.Collect$$libinit$$0000000E)
    .ARM.Collect$$libinit$$00000011          0x08000202   Section        0  libinit2.o(.ARM.Collect$$libinit$$00000011)
    .ARM.Collect$$libinit$$00000013          0x08000202   Section        0  libinit2.o(.ARM.Collect$$libinit$$00000013)
    .ARM.Collect$$libinit$$00000015          0x08000202   Section        0  libinit2.o(.ARM.Collect$$libinit$$00000015)
    .ARM.Collect$$libinit$$00000017          0x08000202   Section        0  libinit2.o(.ARM.Collect$$libinit$$00000017)
    .ARM.Collect$$libinit$$00000019          0x08000202   Section        0  libinit2.o(.ARM.Collect$$libinit$$00000019)
    .ARM.Collect$$libinit$$0000001B          0x08000202   Section        0  libinit2.o(.ARM.Collect$$libinit$$0000001B)
    .ARM.Collect$$libinit$$0000001D          0x08000202   Section        0  libinit2.o(.ARM.Collect$$libinit$$0000001D)
    .ARM.Collect$$libinit$$0000001F          0x08000202   Section        0  libinit2.o(.ARM.Collect$$libinit$$0000001F)
    .ARM.Collect$$libinit$$00000021          0x08000202   Section        0  libinit2.o(.ARM.Collect$$libinit$$00000021)
    .ARM.Collect$$libinit$$00000023          0x08000202   Section        0  libinit2.o(.ARM.Collect$$libinit$$00000023)
    .ARM.Collect$$libinit$$00000025          0x08000202   Section        0  libinit2.o(.ARM.Collect$$libinit$$00000025)
    .ARM.Collect$$libinit$$0000002C          0x08000202   Section        0  libinit2.o(.ARM.Collect$$libinit$$0000002C)
    .ARM.Collect$$libinit$$0000002E          0x08000202   Section        0  libinit2.o(.ARM.Collect$$libinit$$0000002E)
    .ARM.Collect$$libinit$$00000030          0x08000202   Section        0  libinit2.o(.ARM.Collect$$libinit$$00000030)
    .ARM.Collect$$libinit$$00000032          0x08000202   Section        0  libinit2.o(.ARM.Collect$$libinit$$00000032)
    .ARM.Collect$$libinit$$00000033          0x08000202   Section        2  libinit2.o(.ARM.Collect$$libinit$$00000033)
    .ARM.Collect$$libshutdown$$00000000      0x08000204   Section        2  libshutdown.o(.ARM.Collect$$libshutdown$$00000000)
    .ARM.Collect$$libshutdown$$00000002      0x08000206   Section        0  libshutdown2.o(.ARM.Collect$$libshutdown$$00000002)
    .ARM.Collect$$libshutdown$$00000004      0x08000206   Section        0  libshutdown2.o(.ARM.Collect$$libshutdown$$00000004)
    .ARM.Collect$$libshutdown$$00000007      0x08000206   Section        0  libshutdown2.o(.ARM.Collect$$libshutdown$$00000007)
    .ARM.Collect$$libshutdown$$0000000A      0x08000206   Section        0  libshutdown2.o(.ARM.Collect$$libshutdown$$0000000A)
    .ARM.Collect$$libshutdown$$0000000C      0x08000206   Section        0  libshutdown2.o(.ARM.Collect$$libshutdown$$0000000C)
    .ARM.Collect$$libshutdown$$0000000F      0x08000206   Section        0  libshutdown2.o(.ARM.Collect$$libshutdown$$0000000F)
    .ARM.Collect$$libshutdown$$00000010      0x08000206   Section        2  libshutdown2.o(.ARM.Collect$$libshutdown$$00000010)
    .ARM.Collect$$rtentry$$00000000          0x08000208   Section        0  __rtentry.o(.ARM.Collect$$rtentry$$00000000)
    .ARM.Collect$$rtentry$$00000002          0x08000208   Section        0  __rtentry2.o(.ARM.Collect$$rtentry$$00000002)
    .ARM.Collect$$rtentry$$00000004          0x08000208   Section        6  __rtentry4.o(.ARM.Collect$$rtentry$$00000004)
    .ARM.Collect$$rtentry$$00000009          0x0800020e   Section        0  __rtentry2.o(.ARM.Collect$$rtentry$$00000009)
    .ARM.Collect$$rtentry$$0000000A          0x0800020e   Section        4  __rtentry2.o(.ARM.Collect$$rtentry$$0000000A)
    .ARM.Collect$$rtentry$$0000000C          0x08000212   Section        0  __rtentry2.o(.ARM.Collect$$rtentry$$0000000C)
    .ARM.Collect$$rtentry$$0000000D          0x08000212   Section        8  __rtentry2.o(.ARM.Collect$$rtentry$$0000000D)
    .ARM.Collect$$rtexit$$00000000           0x0800021a   Section        2  rtexit.o(.ARM.Collect$$rtexit$$00000000)
    .ARM.Collect$$rtexit$$00000002           0x0800021c   Section        0  rtexit2.o(.ARM.Collect$$rtexit$$00000002)
    .ARM.Collect$$rtexit$$00000003           0x0800021c   Section        4  rtexit2.o(.ARM.Collect$$rtexit$$00000003)
    .ARM.Collect$$rtexit$$00000004           0x08000220   Section        6  rtexit2.o(.ARM.Collect$$rtexit$$00000004)
    .emb_text                                0x08000228   Section      182  port.o(.emb_text)
    $v0                                      0x08000228   Number         0  port.o(.emb_text)
    .text                                    0x080002e0   Section       64  startup_stm32f4xx.o(.text)
    $v0                                      0x080002e0   Number         0  startup_stm32f4xx.o(.text)
    .text                                    0x08000320   Section        0  system_stm32f4xx.o(.text)
    SetSysClock                              0x08000321   Thumb Code   220  system_stm32f4xx.o(.text)
    .text                                    0x08000530   Section        0  main.o(.text)
    vDoubleClickTask                         0x08000563   Thumb Code   110  main.o(.text)
    vButtonTask                              0x080005d1   Thumb Code   128  main.o(.text)
    vBrewGreenTask                           0x080007ff   Thumb Code   106  main.o(.text)
    vBrewOrangeTask                          0x08000869   Thumb Code   106  main.o(.text)
    vBrewRedTask                             0x080008d3   Thumb Code   236  main.o(.text)
    vBrewBlueTask                            0x080009bf   Thumb Code   106  main.o(.text)
    .text                                    0x08000d6c   Section        0  discoveryf4utils.o(.text)
    .text                                    0x08000f94   Section        0  stm32f4xx_it.o(.text)
    .text                                    0x08000fa8   Section        0  codec.o(.text)
    .text                                    0x080013c4   Section        0  list.o(.text)
    .text                                    0x08001458   Section        0  queue.o(.text)
    prvInitialiseNewQueue                    0x080014eb   Thumb Code    42  queue.o(.text)
    prvUnlockQueue                           0x0800156d   Thumb Code   126  queue.o(.text)
    prvIsQueueFull                           0x080015eb   Thumb Code    30  queue.o(.text)
    prvCopyDataToQueue                       0x08001609   Thumb Code   124  queue.o(.text)
    prvInitialiseMutex                       0x08001829   Thumb Code    28  queue.o(.text)
    prvIsQueueEmpty                          0x080018b3   Thumb Code    26  queue.o(.text)
    prvCopyDataFromQueue                     0x080018cd   Thumb Code    42  queue.o(.text)
    .text                                    0x08002088   Section        0  tasks.o(.text)
    prvInitialiseTaskLists                   0x08002089   Thumb Code    70  tasks.o(.text)
    prvAddNewTaskToReadyList                 0x080020cf   Thumb Code   156  tasks.o(.text)
    prvInitialiseNewTask                     0x0800216b   Thumb Code   180  tasks.o(.text)
    prvResetNextTaskUnblockTime              0x0800227f   Thumb Code    42  tasks.o(.text)
    prvDeleteTCB                             0x080022a9   Thumb Code    18  tasks.o(.text)
    prvAddCurrentTaskToDelayedList           0x080025cb   Thumb Code   124  tasks.o(.text)
    prvTaskIsTaskSuspended                   0x08002ab5   Thumb Code    80  tasks.o(.text)
    prvCheckTasksWaitingTermination          0x08002c23   Thumb Code    86  tasks.o(.text)
    prvIdleTask                              0x08002c79   Thumb Code    32  tasks.o(.text)
    prvTaskCheckFreeStackSpace               0x08002dc1   Thumb Code    22  tasks.o(.text)
    prvListTasksWithinSingleList             0x08002e49   Thumb Code   106  tasks.o(.text)
    .text                                    0x0800384c   Section        0  timers.o(.text)
    prvInsertTimerInActiveList               0x0800384d   Thumb Code    80  timers.o(.text)
    prvSwitchTimerLists                      0x0800391b   Thumb Code   150  timers.o(.text)
    prvSampleTimeNow                         0x080039b1   Thumb Code    40  timers.o(.text)
    prvProcessReceivedCommands               0x080039d9   Thumb Code   242  timers.o(.text)
    prvProcessExpiredTimer                   0x08003acb   Thumb Code    94  timers.o(.text)
    prvProcessTimerOrBlockTask               0x08003b29   Thumb Code   102  timers.o(.text)
    prvGetNextExpireTime                     0x08003b8f   Thumb Code    36  timers.o(.text)
    prvTimerTask                             0x08003bb3   Thumb Code    26  timers.o(.text)
    prvCheckForValidListAndQueue             0x08003bcd   Thumb Code    72  timers.o(.text)
    prvInitialiseNewTimer                    0x08003c8d   Thumb Code    78  timers.o(.text)
    .text                                    0x08003e2c   Section        0  port.o(.text)
    prvTaskExitError                         0x08003e2d   Thumb Code    60  port.o(.text)
    .text                                    0x08004138   Section        0  heap_2.o(.text)
    prvHeapInit                              0x08004139   Thumb Code    38  heap_2.o(.text)
    .text                                    0x0800425c   Section        0  misc.o(.text)
    .text                                    0x0800433c   Section        0  stm32f4xx_exti.o(.text)
    .text                                    0x0800444c   Section        0  stm32f4xx_gpio.o(.text)
    .text                                    0x080046e0   Section        0  stm32f4xx_i2c.o(.text)
    .text                                    0x08004b38   Section        0  stm32f4xx_rcc.o(.text)
    .text                                    0x0800516c   Section        0  stm32f4xx_spi.o(.text)
    .text                                    0x080055bc   Section        0  stm32f4xx_syscfg.o(.text)
    .text                                    0x08005650   Section        0  stm32f4xx_usart.o(.text)
    .text                                    0x08005aa4   Section      138  rt_memcpy_v6.o(.text)
    .text                                    0x08005b2e   Section       16  aeabi_memset.o(.text)
    .text                                    0x08005b3e   Section        0  heapauxi.o(.text)
    .text                                    0x08005b44   Section      100  rt_memcpy_w.o(.text)
    .text                                    0x08005ba8   Section       68  rt_memclr.o(.text)
    .text                                    0x08005bec   Section       78  rt_memclr_w.o(.text)
    .text                                    0x08005c3a   Section       74  sys_stackheap_outer.o(.text)
    .text                                    0x08005c84   Section        0  exit.o(.text)
    .text                                    0x08005c98   Section        8  libspace.o(.text)
    .text                                    0x08005ca0   Section        0  sys_exit.o(.text)
    .text                                    0x08005cac   Section        2  use_no_semi.o(.text)
    .text                                    0x08005cae   Section        0  indicate_semi.o(.text)
    x$fpl$d2f                                0x08005cb0   Section       98  d2f.o(x$fpl$d2f)
    $v0                                      0x08005cb0   Number         0  d2f.o(x$fpl$d2f)
    x$fpl$dadd                               0x08005d14   Section      336  daddsub_clz.o(x$fpl$dadd)
    $v0                                      0x08005d14   Number         0  daddsub_clz.o(x$fpl$dadd)
    _dadd1                                   0x08005d25   Thumb Code     0  daddsub_clz.o(x$fpl$dadd)
    x$fpl$dcmpinf                            0x08005e64   Section       24  dcmpi.o(x$fpl$dcmpinf)
    $v0                                      0x08005e64   Number         0  dcmpi.o(x$fpl$dcmpinf)
    x$fpl$dfix                               0x08005e7c   Section       94  dfix.o(x$fpl$dfix)
    $v0                                      0x08005e7c   Number         0  dfix.o(x$fpl$dfix)
    x$fpl$dleqf                              0x08005edc   Section      120  dleqf.o(x$fpl$dleqf)
    $v0                                      0x08005edc   Number         0  dleqf.o(x$fpl$dleqf)
    x$fpl$dmul                               0x08005f54   Section      340  dmul.o(x$fpl$dmul)
    $v0                                      0x08005f54   Number         0  dmul.o(x$fpl$dmul)
    x$fpl$dnaninf                            0x080060a8   Section      156  dnaninf.o(x$fpl$dnaninf)
    $v0                                      0x080060a8   Number         0  dnaninf.o(x$fpl$dnaninf)
    x$fpl$dretinf                            0x08006144   Section       12  dretinf.o(x$fpl$dretinf)
    $v0                                      0x08006144   Number         0  dretinf.o(x$fpl$dretinf)
    x$fpl$drleqf                             0x08006150   Section      108  drleqf.o(x$fpl$drleqf)
    $v0                                      0x08006150   Number         0  drleqf.o(x$fpl$drleqf)
    x$fpl$dsub                               0x080061bc   Section      468  daddsub_clz.o(x$fpl$dsub)
    $v0                                      0x080061bc   Number         0  daddsub_clz.o(x$fpl$dsub)
    _dsub1                                   0x080061cd   Thumb Code     0  daddsub_clz.o(x$fpl$dsub)
    x$fpl$f2d                                0x08006390   Section       86  f2d.o(x$fpl$f2d)
    $v0                                      0x08006390   Number         0  f2d.o(x$fpl$f2d)
    x$fpl$fnaninf                            0x080063e6   Section      140  fnaninf.o(x$fpl$fnaninf)
    $v0                                      0x080063e6   Number         0  fnaninf.o(x$fpl$fnaninf)
    x$fpl$fpinit                             0x08006472   Section       10  fpinit.o(x$fpl$fpinit)
    $v0                                      0x08006472   Number         0  fpinit.o(x$fpl$fpinit)
    x$fpl$fretinf                            0x0800647c   Section       10  fretinf.o(x$fpl$fretinf)
    $v0                                      0x0800647c   Number         0  fretinf.o(x$fpl$fretinf)
    x$fpl$usenofp                            0x08006486   Section        0  usenofp.o(x$fpl$usenofp)
    .constdata                               0x08006488   Section       64  discoveryf4utils.o(.constdata)
    .data                                    0x20000000   Section       20  system_stm32f4xx.o(.data)
    .data                                    0x20000018   Section       88  main.o(.data)
    xHigherPriorityTaskWoken                 0x2000006c   Data           4  main.o(.data)
    .data                                    0x20000070   Section       36  discoveryf4utils.o(.data)
    .data                                    0x20000094   Section       60  tasks.o(.data)
    pxDelayedTaskList                        0x20000098   Data           4  tasks.o(.data)
    pxOverflowDelayedTaskList                0x2000009c   Data           4  tasks.o(.data)
    uxDeletedTasksWaitingCleanUp             0x200000a0   Data           4  tasks.o(.data)
    uxCurrentNumberOfTasks                   0x200000a4   Data           4  tasks.o(.data)
    xTickCount                               0x200000a8   Data           4  tasks.o(.data)
    uxTopReadyPriority                       0x200000ac   Data           4  tasks.o(.data)
    xSchedulerRunning                        0x200000b0   Data           4  tasks.o(.data)
    uxPendedTicks                            0x200000b4   Data           4  tasks.o(.data)
    xYieldPending                            0x200000b8   Data           4  tasks.o(.data)
    xNumOfOverflows                          0x200000bc   Data           4  tasks.o(.data)
    uxTaskNumber                             0x200000c0   Data           4  tasks.o(.data)
    xNextTaskUnblockTime                     0x200000c4   Data           4  tasks.o(.data)
    xIdleTaskHandle                          0x200000c8   Data           4  tasks.o(.data)
    uxSchedulerSuspended                     0x200000cc   Data           4  tasks.o(.data)
    .data                                    0x200000d0   Section       20  timers.o(.data)
    pxCurrentTimerList                       0x200000d0   Data           4  timers.o(.data)
    pxOverflowTimerList                      0x200000d4   Data           4  timers.o(.data)
    xTimerQueue                              0x200000d8   Data           4  timers.o(.data)
    xTimerTaskHandle                         0x200000dc   Data           4  timers.o(.data)
    xLastTime                                0x200000e0   Data           4  timers.o(.data)
    .data                                    0x200000e4   Section       12  port.o(.data)
    uxCriticalNesting                        0x200000e4   Data           4  port.o(.data)
    ucMaxSysCallPriority                     0x200000e8   Data           1  port.o(.data)
    ulMaxPRIGROUPValue                       0x200000ec   Data           4  port.o(.data)
    .data                                    0x200000f0   Section       24  heap_2.o(.data)
    xStart                                   0x200000f0   Data           8  heap_2.o(.data)
    xEnd                                     0x200000f8   Data           8  heap_2.o(.data)
    xFreeBytesRemaining                      0x20000100   Data           4  heap_2.o(.data)
    xHeapHasBeenInitialised                  0x20000104   Data           4  heap_2.o(.data)
    .data                                    0x20000108   Section       16  stm32f4xx_rcc.o(.data)
    APBAHBPrescTable                         0x20000108   Data          16  stm32f4xx_rcc.o(.data)
    .bss                                     0x20000118   Section      100  main.o(.bss)
    .bss                                     0x2000017c   Section       64  queue.o(.bss)
    .bss                                     0x200001bc   Section      200  tasks.o(.bss)
    pxReadyTasksLists                        0x200001bc   Data         100  tasks.o(.bss)
    xDelayedTaskList1                        0x20000220   Data          20  tasks.o(.bss)
    xDelayedTaskList2                        0x20000234   Data          20  tasks.o(.bss)
    xPendingReadyList                        0x20000248   Data          20  tasks.o(.bss)
    xTasksWaitingTermination                 0x2000025c   Data          20  tasks.o(.bss)
    xSuspendedTaskList                       0x20000270   Data          20  tasks.o(.bss)
    .bss                                     0x20000284   Section       40  timers.o(.bss)
    xActiveTimerList1                        0x20000284   Data          20  timers.o(.bss)
    xActiveTimerList2                        0x20000298   Data          20  timers.o(.bss)
    .bss                                     0x200002ac   Section    76800  heap_2.o(.bss)
    ucHeap                                   0x200002ac   Data       76800  heap_2.o(.bss)
    .bss                                     0x20012eac   Section       96  libspace.o(.bss)
    HEAP                                     0x20012f10   Section      512  startup_stm32f4xx.o(HEAP)
    Heap_Mem                                 0x20012f10   Data         512  startup_stm32f4xx.o(HEAP)
    STACK                                    0x20013110   Section     1024  startup_stm32f4xx.o(STACK)
    Stack_Mem                                0x20013110   Data        1024  startup_stm32f4xx.o(STACK)
    __initial_sp                             0x20013510   Data           0  startup_stm32f4xx.o(STACK)

    Global Symbols

    Symbol Name                              Value     Ov Type        Size  Object(Section)

    BuildAttributes$$THM_ISAv4$E$P$D$K$B$S$7EM$VFPi3$EXTD16$VFPS$VFMA$PE$A:L22UL41UL21$X:L11$S22US41US21$IEEE1$IW$USESV6$~STKCKD$USESV7$~SHL$OSPACE$ROPI$EBA8$UX$STANDARDLIB$REQ8$PRES8$EABIv2 0x00000000   Number         0  anon$$obj.o ABSOLUTE
    __ARM_use_no_argv                        0x00000000   Number         0  main.o ABSOLUTE
    __ARM_exceptions_init                     - Undefined Weak Reference
    __alloca_initialize                       - Undefined Weak Reference
    __arm_preinit_                            - Undefined Weak Reference
    __cpp_initialize__aeabi_                  - Undefined Weak Reference
    __cxa_finalize                            - Undefined Weak Reference
    __rt_locale                               - Undefined Weak Reference
    __sigvec_lookup                           - Undefined Weak Reference
    _atexit_init                              - Undefined Weak Reference
    _call_atexit_fns                          - Undefined Weak Reference
    _clock_init                               - Undefined Weak Reference
    _fp_trap_init                             - Undefined Weak Reference
    _fp_trap_shutdown                         - Undefined Weak Reference
    _get_lc_collate                           - Undefined Weak Reference
    _get_lc_ctype                             - Undefined Weak Reference
    _get_lc_monetary                          - Undefined Weak Reference
    _get_lc_numeric                           - Undefined Weak Reference
    _get_lc_time                              - Undefined Weak Reference
    _getenv_init                              - Undefined Weak Reference
    _handle_redirection                       - Undefined Weak Reference
    _init_alloc                               - Undefined Weak Reference
    _init_user_alloc                          - Undefined Weak Reference
    _initio                                   - Undefined Weak Reference
    _rand_init                                - Undefined Weak Reference
    _signal_finish                            - Undefined Weak Reference
    _signal_init                              - Undefined Weak Reference
    _terminate_alloc                          - Undefined Weak Reference
    _terminate_user_alloc                     - Undefined Weak Reference
    _terminateio                              - Undefined Weak Reference
    __Vectors_Size                           0x00000188   Number         0  startup_stm32f4xx.o ABSOLUTE
    __Vectors                                0x08000000   Data           4  startup_stm32f4xx.o(RESET)
    __Vectors_End                            0x08000188   Data           0  startup_stm32f4xx.o(RESET)
    __main                                   0x08000189   Thumb Code     8  __main.o(!!!main)
    __scatterload                            0x08000191   Thumb Code     0  __scatter.o(!!!scatter)
    __scatterload_rt2                        0x08000191   Thumb Code    44  __scatter.o(!!!scatter)
    __scatterload_rt2_thumb_only             0x08000191   Thumb Code     0  __scatter.o(!!!scatter)
    __scatterload_null                       0x0800019f   Thumb Code     0  __scatter.o(!!!scatter)
    __scatterload_copy                       0x080001c5   Thumb Code    26  __scatter_copy.o(!!handler_copy)
    __scatterload_zeroinit                   0x080001e1   Thumb Code    28  __scatter_zi.o(!!handler_zi)
    __rt_lib_init                            0x080001fd   Thumb Code     0  libinit.o(.ARM.Collect$$libinit$$00000000)
    __rt_lib_init_fp_1                       0x080001ff   Thumb Code     0  libinit2.o(.ARM.Collect$$libinit$$00000001)
    __rt_lib_init_alloca_1                   0x08000203   Thumb Code     0  libinit2.o(.ARM.Collect$$libinit$$0000002E)
    __rt_lib_init_argv_1                     0x08000203   Thumb Code     0  libinit2.o(.ARM.Collect$$libinit$$0000002C)
    __rt_lib_init_atexit_1                   0x08000203   Thumb Code     0  libinit2.o(.ARM.Collect$$libinit$$0000001B)
    __rt_lib_init_clock_1                    0x08000203   Thumb Code     0  libinit2.o(.ARM.Collect$$libinit$$00000021)
    __rt_lib_init_cpp_1                      0x08000203   Thumb Code     0  libinit2.o(.ARM.Collect$$libinit$$00000032)
    __rt_lib_init_exceptions_1               0x08000203   Thumb Code     0  libinit2.o(.ARM.Collect$$libinit$$00000030)
    __rt_lib_init_fp_trap_1                  0x08000203   Thumb Code     0  libinit2.o(.ARM.Collect$$libinit$$0000001F)
    __rt_lib_init_getenv_1                   0x08000203   Thumb Code     0  libinit2.o(.ARM.Collect$$libinit$$00000023)
    __rt_lib_init_heap_1                     0x08000203   Thumb Code     0  libinit2.o(.ARM.Collect$$libinit$$0000000A)
    __rt_lib_init_lc_collate_1               0x08000203   Thumb Code     0  libinit2.o(.ARM.Collect$$libinit$$00000011)
    __rt_lib_init_lc_ctype_1                 0x08000203   Thumb Code     0  libinit2.o(.ARM.Collect$$libinit$$00000013)
    __rt_lib_init_lc_monetary_1              0x08000203   Thumb Code     0  libinit2.o(.ARM.Collect$$libinit$$00000015)
    __rt_lib_init_lc_numeric_1               0x08000203   Thumb Code     0  libinit2.o(.ARM.Collect$$libinit$$00000017)
    __rt_lib_init_lc_time_1                  0x08000203   Thumb Code     0  libinit2.o(.ARM.Collect$$libinit$$00000019)
    __rt_lib_init_preinit_1                  0x08000203   Thumb Code     0  libinit2.o(.ARM.Collect$$libinit$$00000004)
    __rt_lib_init_rand_1                     0x08000203   Thumb Code     0  libinit2.o(.ARM.Collect$$libinit$$0000000E)
    __rt_lib_init_return                     0x08000203   Thumb Code     0  libinit2.o(.ARM.Collect$$libinit$$00000033)
    __rt_lib_init_signal_1                   0x08000203   Thumb Code     0  libinit2.o(.ARM.Collect$$libinit$$0000001D)
    __rt_lib_init_stdio_1                    0x08000203   Thumb Code     0  libinit2.o(.ARM.Collect$$libinit$$00000025)
    __rt_lib_init_user_alloc_1               0x08000203   Thumb Code     0  libinit2.o(.ARM.Collect$$libinit$$0000000C)
    __rt_lib_shutdown                        0x08000205   Thumb Code     0  libshutdown.o(.ARM.Collect$$libshutdown$$00000000)
    __rt_lib_shutdown_cpp_1                  0x08000207   Thumb Code     0  libshutdown2.o(.ARM.Collect$$libshutdown$$00000002)
    __rt_lib_shutdown_fp_trap_1              0x08000207   Thumb Code     0  libshutdown2.o(.ARM.Collect$$libshutdown$$00000007)
    __rt_lib_shutdown_heap_1                 0x08000207   Thumb Code     0  libshutdown2.o(.ARM.Collect$$libshutdown$$0000000F)
    __rt_lib_shutdown_return                 0x08000207   Thumb Code     0  libshutdown2.o(.ARM.Collect$$libshutdown$$00000010)
    __rt_lib_shutdown_signal_1               0x08000207   Thumb Code     0  libshutdown2.o(.ARM.Collect$$libshutdown$$0000000A)
    __rt_lib_shutdown_stdio_1                0x08000207   Thumb Code     0  libshutdown2.o(.ARM.Collect$$libshutdown$$00000004)
    __rt_lib_shutdown_user_alloc_1           0x08000207   Thumb Code     0  libshutdown2.o(.ARM.Collect$$libshutdown$$0000000C)
    __rt_entry                               0x08000209   Thumb Code     0  __rtentry.o(.ARM.Collect$$rtentry$$00000000)
    __rt_entry_presh_1                       0x08000209   Thumb Code     0  __rtentry2.o(.ARM.Collect$$rtentry$$00000002)
    __rt_entry_sh                            0x08000209   Thumb Code     0  __rtentry4.o(.ARM.Collect$$rtentry$$00000004)
    __rt_entry_li                            0x0800020f   Thumb Code     0  __rtentry2.o(.ARM.Collect$$rtentry$$0000000A)
    __rt_entry_postsh_1                      0x0800020f   Thumb Code     0  __rtentry2.o(.ARM.Collect$$rtentry$$00000009)
    __rt_entry_main                          0x08000213   Thumb Code     0  __rtentry2.o(.ARM.Collect$$rtentry$$0000000D)
    __rt_entry_postli_1                      0x08000213   Thumb Code     0  __rtentry2.o(.ARM.Collect$$rtentry$$0000000C)
    __rt_exit                                0x0800021b   Thumb Code     0  rtexit.o(.ARM.Collect$$rtexit$$00000000)
    __rt_exit_ls                             0x0800021d   Thumb Code     0  rtexit2.o(.ARM.Collect$$rtexit$$00000003)
    __rt_exit_prels_1                        0x0800021d   Thumb Code     0  rtexit2.o(.ARM.Collect$$rtexit$$00000002)
    __rt_exit_exit                           0x08000221   Thumb Code     0  rtexit2.o(.ARM.Collect$$rtexit$$00000004)
    SVC_Handler                              0x08000229   Thumb Code    28  port.o(.emb_text)
    __asm___6_port_c_39a90d8d__prvStartFirstTask 0x08000249   Thumb Code    28  port.o(.emb_text)
    __asm___6_port_c_39a90d8d__prvEnableVFP  0x08000269   Thumb Code    16  port.o(.emb_text)
    PendSV_Handler                           0x0800027d   Thumb Code    88  port.o(.emb_text)
    vPortGetIPSR                             0x080002d9   Thumb Code     6  port.o(.emb_text)
    Reset_Handler                            0x080002e1   Thumb Code     8  startup_stm32f4xx.o(.text)
    ADC_IRQHandler                           0x080002fb   Thumb Code     0  startup_stm32f4xx.o(.text)
    CAN1_RX0_IRQHandler                      0x080002fb   Thumb Code     0  startup_stm32f4xx.o(.text)
    CAN1_RX1_IRQHandler                      0x080002fb   Thumb Code     0  startup_stm32f4xx.o(.text)
    CAN1_SCE_IRQHandler                      0x080002fb   Thumb Code     0  startup_stm32f4xx.o(.text)
    CAN1_TX_IRQHandler                       0x080002fb   Thumb Code     0  startup_stm32f4xx.o(.text)
    CAN2_RX0_IRQHandler                      0x080002fb   Thumb Code     0  startup_stm32f4xx.o(.text)
    CAN2_RX1_IRQHandler                      0x080002fb   Thumb Code     0  startup_stm32f4xx.o(.text)
    CAN2_SCE_IRQHandler                      0x080002fb   Thumb Code     0  startup_stm32f4xx.o(.text)
    CAN2_TX_IRQHandler                       0x080002fb   Thumb Code     0  startup_stm32f4xx.o(.text)
    CRYP_IRQHandler                          0x080002fb   Thumb Code     0  startup_stm32f4xx.o(.text)
    DCMI_IRQHandler                          0x080002fb   Thumb Code     0  startup_stm32f4xx.o(.text)
    DMA1_Stream0_IRQHandler                  0x080002fb   Thumb Code     0  startup_stm32f4xx.o(.text)
    DMA1_Stream1_IRQHandler                  0x080002fb   Thumb Code     0  startup_stm32f4xx.o(.text)
    DMA1_Stream2_IRQHandler                  0x080002fb   Thumb Code     0  startup_stm32f4xx.o(.text)
    DMA1_Stream3_IRQHandler                  0x080002fb   Thumb Code     0  startup_stm32f4xx.o(.text)
    DMA1_Stream4_IRQHandler                  0x080002fb   Thumb Code     0  startup_stm32f4xx.o(.text)
    DMA1_Stream5_IRQHandler                  0x080002fb   Thumb Code     0  startup_stm32f4xx.o(.text)
    DMA1_Stream6_IRQHandler                  0x080002fb   Thumb Code     0  startup_stm32f4xx.o(.text)
    DMA1_Stream7_IRQHandler                  0x080002fb   Thumb Code     0  startup_stm32f4xx.o(.text)
    DMA2_Stream0_IRQHandler                  0x080002fb   Thumb Code     0  startup_stm32f4xx.o(.text)
    DMA2_Stream1_IRQHandler                  0x080002fb   Thumb Code     0  startup_stm32f4xx.o(.text)
    DMA2_Stream2_IRQHandler                  0x080002fb   Thumb Code     0  startup_stm32f4xx.o(.text)
    DMA2_Stream3_IRQHandler                  0x080002fb   Thumb Code     0  startup_stm32f4xx.o(.text)
    DMA2_Stream4_IRQHandler                  0x080002fb   Thumb Code     0  startup_stm32f4xx.o(.text)
    DMA2_Stream5_IRQHandler                  0x080002fb   Thumb Code     0  startup_stm32f4xx.o(.text)
    DMA2_Stream6_IRQHandler                  0x080002fb   Thumb Code     0  startup_stm32f4xx.o(.text)
    DMA2_Stream7_IRQHandler                  0x080002fb   Thumb Code     0  startup_stm32f4xx.o(.text)
    ETH_IRQHandler                           0x080002fb   Thumb Code     0  startup_stm32f4xx.o(.text)
    ETH_WKUP_IRQHandler                      0x080002fb   Thumb Code     0  startup_stm32f4xx.o(.text)
    EXTI15_10_IRQHandler                     0x080002fb   Thumb Code     0  startup_stm32f4xx.o(.text)
    EXTI1_IRQHandler                         0x080002fb   Thumb Code     0  startup_stm32f4xx.o(.text)
    EXTI2_IRQHandler                         0x080002fb   Thumb Code     0  startup_stm32f4xx.o(.text)
    EXTI3_IRQHandler                         0x080002fb   Thumb Code     0  startup_stm32f4xx.o(.text)
    EXTI4_IRQHandler                         0x080002fb   Thumb Code     0  startup_stm32f4xx.o(.text)
    EXTI9_5_IRQHandler                       0x080002fb   Thumb Code     0  startup_stm32f4xx.o(.text)
    FLASH_IRQHandler                         0x080002fb   Thumb Code     0  startup_stm32f4xx.o(.text)
    FPU_IRQHandler                           0x080002fb   Thumb Code     0  startup_stm32f4xx.o(.text)
    FSMC_IRQHandler                          0x080002fb   Thumb Code     0  startup_stm32f4xx.o(.text)
    HASH_RNG_IRQHandler                      0x080002fb   Thumb Code     0  startup_stm32f4xx.o(.text)
    I2C1_ER_IRQHandler                       0x080002fb   Thumb Code     0  startup_stm32f4xx.o(.text)
    I2C1_EV_IRQHandler                       0x080002fb   Thumb Code     0  startup_stm32f4xx.o(.text)
    I2C2_ER_IRQHandler                       0x080002fb   Thumb Code     0  startup_stm32f4xx.o(.text)
    I2C2_EV_IRQHandler                       0x080002fb   Thumb Code     0  startup_stm32f4xx.o(.text)
    I2C3_ER_IRQHandler                       0x080002fb   Thumb Code     0  startup_stm32f4xx.o(.text)
    I2C3_EV_IRQHandler                       0x080002fb   Thumb Code     0  startup_stm32f4xx.o(.text)
    OTG_FS_IRQHandler                        0x080002fb   Thumb Code     0  startup_stm32f4xx.o(.text)
    OTG_FS_WKUP_IRQHandler                   0x080002fb   Thumb Code     0  startup_stm32f4xx.o(.text)
    OTG_HS_EP1_IN_IRQHandler                 0x080002fb   Thumb Code     0  startup_stm32f4xx.o(.text)
    OTG_HS_EP1_OUT_IRQHandler                0x080002fb   Thumb Code     0  startup_stm32f4xx.o(.text)
    OTG_HS_IRQHandler                        0x080002fb   Thumb Code     0  startup_stm32f4xx.o(.text)
    OTG_HS_WKUP_IRQHandler                   0x080002fb   Thumb Code     0  startup_stm32f4xx.o(.text)
    PVD_IRQHandler                           0x080002fb   Thumb Code     0  startup_stm32f4xx.o(.text)
    RCC_IRQHandler                           0x080002fb   Thumb Code     0  startup_stm32f4xx.o(.text)
    RTC_Alarm_IRQHandler                     0x080002fb   Thumb Code     0  startup_stm32f4xx.o(.text)
    RTC_WKUP_IRQHandler                      0x080002fb   Thumb Code     0  startup_stm32f4xx.o(.text)
    SDIO_IRQHandler                          0x080002fb   Thumb Code     0  startup_stm32f4xx.o(.text)
    SPI1_IRQHandler                          0x080002fb   Thumb Code     0  startup_stm32f4xx.o(.text)
    SPI2_IRQHandler                          0x080002fb   Thumb Code     0  startup_stm32f4xx.o(.text)
    SPI3_IRQHandler                          0x080002fb   Thumb Code     0  startup_stm32f4xx.o(.text)
    TAMP_STAMP_IRQHandler                    0x080002fb   Thumb Code     0  startup_stm32f4xx.o(.text)
    TIM1_BRK_TIM9_IRQHandler                 0x080002fb   Thumb Code     0  startup_stm32f4xx.o(.text)
    TIM1_CC_IRQHandler                       0x080002fb   Thumb Code     0  startup_stm32f4xx.o(.text)
    TIM1_TRG_COM_TIM11_IRQHandler            0x080002fb   Thumb Code     0  startup_stm32f4xx.o(.text)
    TIM1_UP_TIM10_IRQHandler                 0x080002fb   Thumb Code     0  startup_stm32f4xx.o(.text)
    TIM2_IRQHandler                          0x080002fb   Thumb Code     0  startup_stm32f4xx.o(.text)
    TIM3_IRQHandler                          0x080002fb   Thumb Code     0  startup_stm32f4xx.o(.text)
    TIM4_IRQHandler                          0x080002fb   Thumb Code     0  startup_stm32f4xx.o(.text)
    TIM5_IRQHandler                          0x080002fb   Thumb Code     0  startup_stm32f4xx.o(.text)
    TIM6_DAC_IRQHandler                      0x080002fb   Thumb Code     0  startup_stm32f4xx.o(.text)
    TIM7_IRQHandler                          0x080002fb   Thumb Code     0  startup_stm32f4xx.o(.text)
    TIM8_BRK_TIM12_IRQHandler                0x080002fb   Thumb Code     0  startup_stm32f4xx.o(.text)
    TIM8_CC_IRQHandler                       0x080002fb   Thumb Code     0  startup_stm32f4xx.o(.text)
    TIM8_TRG_COM_TIM14_IRQHandler            0x080002fb   Thumb Code     0  startup_stm32f4xx.o(.text)
    TIM8_UP_TIM13_IRQHandler                 0x080002fb   Thumb Code     0  startup_stm32f4xx.o(.text)
    UART4_IRQHandler                         0x080002fb   Thumb Code     0  startup_stm32f4xx.o(.text)
    UART5_IRQHandler                         0x080002fb   Thumb Code     0  startup_stm32f4xx.o(.text)
    USART1_IRQHandler                        0x080002fb   Thumb Code     0  startup_stm32f4xx.o(.text)
    USART2_IRQHandler                        0x080002fb   Thumb Code     0  startup_stm32f4xx.o(.text)
    USART3_IRQHandler                        0x080002fb   Thumb Code     0  startup_stm32f4xx.o(.text)
    USART6_IRQHandler                        0x080002fb   Thumb Code     0  startup_stm32f4xx.o(.text)
    WWDG_IRQHandler                          0x080002fb   Thumb Code     0  startup_stm32f4xx.o(.text)
    __user_initial_stackheap                 0x080002fd   Thumb Code     0  startup_stm32f4xx.o(.text)
    SystemInit                               0x080003fd   Thumb Code    88  system_stm32f4xx.o(.text)
    SystemCoreClockUpdate                    0x08000455   Thumb Code   174  system_stm32f4xx.o(.text)
    TM_Delay_Init                            0x08000531   Thumb Code    22  main.o(.text)
    TM_DelayMillis                           0x08000547   Thumb Code    28  main.o(.text)
    updateFilter                             0x08000651   Thumb Code    88  main.o(.text)
    initFilter                               0x080006a9   Thumb Code    96  main.o(.text)
    playSound                                0x08000709   Thumb Code   246  main.o(.text)
    EXTI0_IRQHandler                         0x08000a29   Thumb Code    84  main.o(.text)
    initPlayback                             0x08000a7d   Thumb Code   144  main.o(.text)
    main                                     0x08000b0d   Thumb Code   432  main.o(.text)
    STM_EVAL_LEDInit                         0x08000d6d   Thumb Code    62  discoveryf4utils.o(.text)
    STM_EVAL_LEDOn                           0x08000dab   Thumb Code    16  discoveryf4utils.o(.text)
    STM_EVAL_LEDOff                          0x08000dbb   Thumb Code    16  discoveryf4utils.o(.text)
    STM_EVAL_LEDToggle                       0x08000dcb   Thumb Code    26  discoveryf4utils.o(.text)
    STM_EVAL_PBInit                          0x08000de5   Thumb Code   140  discoveryf4utils.o(.text)
    STM_EVAL_PBGetState                      0x08000e71   Thumb Code    22  discoveryf4utils.o(.text)
    STM_EVAL_COMInit                         0x08000e87   Thumb Code   182  discoveryf4utils.o(.text)
    NMI_Handler                              0x08000f95   Thumb Code     2  stm32f4xx_it.o(.text)
    HardFault_Handler                        0x08000f97   Thumb Code     4  stm32f4xx_it.o(.text)
    MemManage_Handler                        0x08000f9b   Thumb Code     4  stm32f4xx_it.o(.text)
    BusFault_Handler                         0x08000f9f   Thumb Code     4  stm32f4xx_it.o(.text)
    UsageFault_Handler                       0x08000fa3   Thumb Code     4  stm32f4xx_it.o(.text)
    DebugMon_Handler                         0x08000fa7   Thumb Code     2  stm32f4xx_it.o(.text)
    codec_init                               0x08000fa9   Thumb Code   324  codec.o(.text)
    send_codec_ctrl                          0x080010ed   Thumb Code   130  codec.o(.text)
    read_codec_register                      0x0800116f   Thumb Code   206  codec.o(.text)
    codec_ctrl_init                          0x0800123d   Thumb Code   346  codec.o(.text)
    vListInitialise                          0x080013c5   Thumb Code    26  list.o(.text)
    vListInitialiseItem                      0x080013df   Thumb Code     6  list.o(.text)
    vListInsertEnd                           0x080013e5   Thumb Code    24  list.o(.text)
    vListInsert                              0x080013fd   Thumb Code    52  list.o(.text)
    uxListRemove                             0x08001431   Thumb Code    40  list.o(.text)
    xQueueGenericReset                       0x08001459   Thumb Code   146  queue.o(.text)
    xQueueGenericCreate                      0x08001515   Thumb Code    88  queue.o(.text)
    xQueueGenericSend                        0x08001685   Thumb Code   420  queue.o(.text)
    xQueueCreateMutex                        0x08001845   Thumb Code    34  queue.o(.text)
    xQueueGiveMutexRecursive                 0x08001867   Thumb Code    76  queue.o(.text)
    xQueueGenericReceive                     0x080018f7   Thumb Code   446  queue.o(.text)
    xQueueTakeMutexRecursive                 0x08001ab5   Thumb Code    82  queue.o(.text)
    xQueueCreateCountingSemaphore            0x08001b07   Thumb Code    92  queue.o(.text)
    xQueueGenericSendFromISR                 0x08001b63   Thumb Code   248  queue.o(.text)
    xQueueGiveFromISR                        0x08001c5b   Thumb Code   224  queue.o(.text)
    xQueueReceiveFromISR                     0x08001d3b   Thumb Code   210  queue.o(.text)
    xQueuePeekFromISR                        0x08001e0d   Thumb Code   176  queue.o(.text)
    uxQueueMessagesWaiting                   0x08001ebd   Thumb Code    42  queue.o(.text)
    uxQueueSpacesAvailable                   0x08001ee7   Thumb Code    48  queue.o(.text)
    uxQueueMessagesWaitingFromISR            0x08001f17   Thumb Code    30  queue.o(.text)
    vQueueUnregisterQueue                    0x08001f35   Thumb Code    44  queue.o(.text)
    vQueueDelete                             0x08001f61   Thumb Code    44  queue.o(.text)
    uxQueueGetQueueNumber                    0x08001f8d   Thumb Code     6  queue.o(.text)
    vQueueSetQueueNumber                     0x08001f93   Thumb Code     4  queue.o(.text)
    ucQueueGetQueueType                      0x08001f97   Thumb Code     8  queue.o(.text)
    xQueueIsQueueEmptyFromISR                0x08001f9f   Thumb Code    38  queue.o(.text)
    xQueueIsQueueFullFromISR                 0x08001fc5   Thumb Code    42  queue.o(.text)
    vQueueAddToRegistry                      0x08001fef   Thumb Code    38  queue.o(.text)
    pcQueueGetName                           0x08002015   Thumb Code    38  queue.o(.text)
    vQueueWaitForMessageRestricted           0x0800203b   Thumb Code    74  queue.o(.text)
    xTaskCreate                              0x0800221f   Thumb Code    96  tasks.o(.text)
    vTaskDelete                              0x080022bb   Thumb Code   202  tasks.o(.text)
    xTaskIncrementTick                       0x08002385   Thumb Code   358  tasks.o(.text)
    xTaskResumeAll                           0x080024eb   Thumb Code   224  tasks.o(.text)
    vTaskSuspendAll                          0x08002647   Thumb Code    12  tasks.o(.text)
    vTaskDelayUntil                          0x08002653   Thumb Code   200  tasks.o(.text)
    vTaskDelay                               0x0800271b   Thumb Code    82  tasks.o(.text)
    eTaskGetState                            0x0800276d   Thumb Code   112  tasks.o(.text)
    uxTaskPriorityGet                        0x080027dd   Thumb Code    30  tasks.o(.text)
    uxTaskPriorityGetFromISR                 0x080027fb   Thumb Code    62  tasks.o(.text)
    vTaskPrioritySet                         0x08002839   Thumb Code   322  tasks.o(.text)
    vTaskSwitchContext                       0x0800297b   Thumb Code   118  tasks.o(.text)
    vTaskSuspend                             0x080029f1   Thumb Code   196  tasks.o(.text)
    vTaskResume                              0x08002b05   Thumb Code   128  tasks.o(.text)
    xTaskResumeFromISR                       0x08002b85   Thumb Code   158  tasks.o(.text)
    vTaskStartScheduler                      0x08002c99   Thumb Code   192  tasks.o(.text)
    vTaskEndScheduler                        0x08002d59   Thumb Code    32  tasks.o(.text)
    xTaskGetTickCount                        0x08002d79   Thumb Code     6  tasks.o(.text)
    xTaskGetTickCountFromISR                 0x08002d7f   Thumb Code    16  tasks.o(.text)
    uxTaskGetNumberOfTasks                   0x08002d8f   Thumb Code     6  tasks.o(.text)
    pcTaskGetName                            0x08002d95   Thumb Code    44  tasks.o(.text)
    vTaskGetInfo                             0x08002dd7   Thumb Code   114  tasks.o(.text)
    uxTaskGetSystemState                     0x08002eb3   Thumb Code   152  tasks.o(.text)
    vTaskPlaceOnEventList                    0x08002f4b   Thumb Code    52  tasks.o(.text)
    vTaskPlaceOnUnorderedEventList           0x08002f7f   Thumb Code   100  tasks.o(.text)
    vTaskPlaceOnEventListRestricted          0x08002fe3   Thumb Code    60  tasks.o(.text)
    xTaskRemoveFromEventList                 0x0800301f   Thumb Code   128  tasks.o(.text)
    xTaskRemoveFromUnorderedEventList        0x0800309f   Thumb Code   154  tasks.o(.text)
    vTaskSetTimeOutState                     0x08003139   Thumb Code    90  tasks.o(.text)
    xTaskCheckForTimeOut                     0x08003193   Thumb Code   132  tasks.o(.text)
    vTaskMissedYield                         0x08003217   Thumb Code     8  tasks.o(.text)
    uxTaskGetTaskNumber                      0x0800321f   Thumb Code    14  tasks.o(.text)
    vTaskSetTaskNumber                       0x0800322d   Thumb Code     8  tasks.o(.text)
    xTaskGetCurrentTaskHandle                0x08003235   Thumb Code     6  tasks.o(.text)
    xTaskGetSchedulerState                   0x0800323b   Thumb Code    24  tasks.o(.text)
    vTaskPriorityInherit                     0x08003253   Thumb Code   164  tasks.o(.text)
    xTaskPriorityDisinherit                  0x080032f7   Thumb Code   188  tasks.o(.text)
    uxTaskResetEventItemValue                0x080033b3   Thumb Code    24  tasks.o(.text)
    pvTaskIncrementMutexHeldCount            0x080033cb   Thumb Code    26  tasks.o(.text)
    ulTaskNotifyTake                         0x080033e5   Thumb Code   108  tasks.o(.text)
    xTaskNotifyWait                          0x08003451   Thumb Code   150  tasks.o(.text)
    xTaskGenericNotify                       0x080034e7   Thumb Code   280  tasks.o(.text)
    xTaskGenericNotifyFromISR                0x080035ff   Thumb Code   298  tasks.o(.text)
    vTaskNotifyGiveFromISR                   0x08003729   Thumb Code   216  tasks.o(.text)
    xTaskNotifyStateClear                    0x08003801   Thumb Code    48  tasks.o(.text)
    xTimerGenericCommand                     0x0800389d   Thumb Code   126  timers.o(.text)
    xTimerCreateTimerTask                    0x08003c15   Thumb Code   120  timers.o(.text)
    xTimerCreate                             0x08003cdb   Thumb Code    48  timers.o(.text)
    xTimerGetTimerDaemonTaskHandle           0x08003d0b   Thumb Code    42  timers.o(.text)
    xTimerGetPeriod                          0x08003d35   Thumb Code    32  timers.o(.text)
    xTimerGetExpiryTime                      0x08003d55   Thumb Code    34  timers.o(.text)
    pcTimerGetName                           0x08003d77   Thumb Code    32  timers.o(.text)
    xTimerIsTimerActive                      0x08003d97   Thumb Code    56  timers.o(.text)
    pvTimerGetTimerID                        0x08003dcf   Thumb Code    44  timers.o(.text)
    vTimerSetTimerID                         0x08003dfb   Thumb Code    44  timers.o(.text)
    pxPortInitialiseStack                    0x08003e69   Thumb Code    38  port.o(.text)
    vPortSetupTimerInterrupt                 0x08003e8f   Thumb Code    26  port.o(.text)
    xPortStartScheduler                      0x08003ea9   Thumb Code   288  port.o(.text)
    vPortEndScheduler                        0x08003fc9   Thumb Code    42  port.o(.text)
    vPortEnterCritical                       0x08003ff3   Thumb Code    78  port.o(.text)
    vPortExitCritical                        0x08004041   Thumb Code    56  port.o(.text)
    SysTick_Handler                          0x08004079   Thumb Code    48  port.o(.text)
    vPortValidateInterruptPriority           0x080040a9   Thumb Code   108  port.o(.text)
    pvPortMalloc                             0x0800415f   Thumb Code   164  heap_2.o(.text)
    vPortFree                                0x08004203   Thumb Code    56  heap_2.o(.text)
    xPortGetFreeHeapSize                     0x0800423b   Thumb Code     6  heap_2.o(.text)
    vPortInitialiseBlocks                    0x08004241   Thumb Code     2  heap_2.o(.text)
    NVIC_PriorityGroupConfig                 0x0800425d   Thumb Code    10  misc.o(.text)
    NVIC_Init                                0x08004267   Thumb Code   106  misc.o(.text)
    NVIC_SetVectorTable                      0x080042d1   Thumb Code    14  misc.o(.text)
    NVIC_SystemLPConfig                      0x080042df   Thumb Code    34  misc.o(.text)
    SysTick_CLKSourceConfig                  0x08004301   Thumb Code    40  misc.o(.text)
    EXTI_DeInit                              0x0800433d   Thumb Code    28  stm32f4xx_exti.o(.text)
    EXTI_Init                                0x08004359   Thumb Code   142  stm32f4xx_exti.o(.text)
    EXTI_StructInit                          0x080043e7   Thumb Code    16  stm32f4xx_exti.o(.text)
    EXTI_GenerateSWInterrupt                 0x080043f7   Thumb Code    16  stm32f4xx_exti.o(.text)
    EXTI_GetFlagStatus                       0x08004407   Thumb Code    22  stm32f4xx_exti.o(.text)
    EXTI_ClearFlag                           0x0800441d   Thumb Code     8  stm32f4xx_exti.o(.text)
    EXTI_GetITStatus                         0x08004425   Thumb Code    22  stm32f4xx_exti.o(.text)
    EXTI_ClearITPendingBit                   0x0800443b   Thumb Code     8  stm32f4xx_exti.o(.text)
    GPIO_DeInit                              0x0800444d   Thumb Code   268  stm32f4xx_gpio.o(.text)
    GPIO_Init                                0x08004559   Thumb Code   144  stm32f4xx_gpio.o(.text)
    GPIO_StructInit                          0x080045e9   Thumb Code    18  stm32f4xx_gpio.o(.text)
    GPIO_PinLockConfig                       0x080045fb   Thumb Code    34  stm32f4xx_gpio.o(.text)
    GPIO_ReadInputDataBit                    0x0800461d   Thumb Code    18  stm32f4xx_gpio.o(.text)
    GPIO_ReadInputData                       0x0800462f   Thumb Code     8  stm32f4xx_gpio.o(.text)
    GPIO_ReadOutputDataBit                   0x08004637   Thumb Code    18  stm32f4xx_gpio.o(.text)
    GPIO_ReadOutputData                      0x08004649   Thumb Code     8  stm32f4xx_gpio.o(.text)
    GPIO_SetBits                             0x08004651   Thumb Code     4  stm32f4xx_gpio.o(.text)
    GPIO_ResetBits                           0x08004655   Thumb Code     4  stm32f4xx_gpio.o(.text)
    GPIO_WriteBit                            0x08004659   Thumb Code    10  stm32f4xx_gpio.o(.text)
    GPIO_Write                               0x08004663   Thumb Code     4  stm32f4xx_gpio.o(.text)
    GPIO_ToggleBits                          0x08004667   Thumb Code     8  stm32f4xx_gpio.o(.text)
    GPIO_PinAFConfig                         0x0800466f   Thumb Code    70  stm32f4xx_gpio.o(.text)
    I2C_DeInit                               0x080046e1   Thumb Code    82  stm32f4xx_i2c.o(.text)
    I2C_Init                                 0x08004733   Thumb Code   218  stm32f4xx_i2c.o(.text)
    I2C_StructInit                           0x0800480d   Thumb Code    30  stm32f4xx_i2c.o(.text)
    I2C_Cmd                                  0x0800482b   Thumb Code    24  stm32f4xx_i2c.o(.text)
    I2C_AnalogFilterCmd                      0x08004843   Thumb Code    24  stm32f4xx_i2c.o(.text)
    I2C_DigitalFilterConfig                  0x0800485b   Thumb Code    22  stm32f4xx_i2c.o(.text)
    I2C_GenerateSTART                        0x08004871   Thumb Code    24  stm32f4xx_i2c.o(.text)
    I2C_GenerateSTOP                         0x08004889   Thumb Code    24  stm32f4xx_i2c.o(.text)
    I2C_Send7bitAddress                      0x080048a1   Thumb Code    16  stm32f4xx_i2c.o(.text)
    I2C_AcknowledgeConfig                    0x080048b1   Thumb Code    24  stm32f4xx_i2c.o(.text)
    I2C_OwnAddress2Config                    0x080048c9   Thumb Code    22  stm32f4xx_i2c.o(.text)
    I2C_DualAddressCmd                       0x080048df   Thumb Code    24  stm32f4xx_i2c.o(.text)
    I2C_GeneralCallCmd                       0x080048f7   Thumb Code    24  stm32f4xx_i2c.o(.text)
    I2C_SoftwareResetCmd                     0x0800490f   Thumb Code    22  stm32f4xx_i2c.o(.text)
    I2C_StretchClockCmd                      0x08004925   Thumb Code    24  stm32f4xx_i2c.o(.text)
    I2C_FastModeDutyCycleConfig              0x0800493d   Thumb Code    28  stm32f4xx_i2c.o(.text)
    I2C_NACKPositionConfig                   0x08004959   Thumb Code    28  stm32f4xx_i2c.o(.text)
    I2C_SMBusAlertConfig                     0x08004975   Thumb Code    28  stm32f4xx_i2c.o(.text)
    I2C_ARPCmd                               0x08004991   Thumb Code    24  stm32f4xx_i2c.o(.text)
    I2C_SendData                             0x080049a9   Thumb Code     4  stm32f4xx_i2c.o(.text)
    I2C_ReceiveData                          0x080049ad   Thumb Code     8  stm32f4xx_i2c.o(.text)
    I2C_TransmitPEC                          0x080049b5   Thumb Code    24  stm32f4xx_i2c.o(.text)
    I2C_PECPositionConfig                    0x080049cd   Thumb Code    28  stm32f4xx_i2c.o(.text)
    I2C_CalculatePEC                         0x080049e9   Thumb Code    24  stm32f4xx_i2c.o(.text)
    I2C_GetPEC                               0x08004a01   Thumb Code     8  stm32f4xx_i2c.o(.text)
    I2C_DMACmd                               0x08004a09   Thumb Code    24  stm32f4xx_i2c.o(.text)
    I2C_DMALastTransferCmd                   0x08004a21   Thumb Code    24  stm32f4xx_i2c.o(.text)
    I2C_ReadRegister                         0x08004a39   Thumb Code    22  stm32f4xx_i2c.o(.text)
    I2C_ITConfig                             0x08004a4f   Thumb Code    18  stm32f4xx_i2c.o(.text)
    I2C_CheckEvent                           0x08004a61   Thumb Code    42  stm32f4xx_i2c.o(.text)
    I2C_GetLastEvent                         0x08004a8b   Thumb Code    26  stm32f4xx_i2c.o(.text)
    I2C_GetFlagStatus                        0x08004aa5   Thumb Code    84  stm32f4xx_i2c.o(.text)
    I2C_ClearFlag                            0x08004af9   Thumb Code    12  stm32f4xx_i2c.o(.text)
    I2C_GetITStatus                          0x08004b05   Thumb Code    38  stm32f4xx_i2c.o(.text)
    I2C_ClearITPendingBit                    0x08004b2b   Thumb Code    12  stm32f4xx_i2c.o(.text)
    RCC_DeInit                               0x08004b39   Thumb Code    82  stm32f4xx_rcc.o(.text)
    RCC_HSEConfig                            0x08004b8b   Thumb Code    14  stm32f4xx_rcc.o(.text)
    RCC_GetFlagStatus                        0x08004b99   Thumb Code    60  stm32f4xx_rcc.o(.text)
    RCC_WaitForHSEStartUp                    0x08004bd5   Thumb Code    56  stm32f4xx_rcc.o(.text)
    RCC_AdjustHSICalibrationValue            0x08004c0d   Thumb Code    20  stm32f4xx_rcc.o(.text)
    RCC_HSICmd                               0x08004c21   Thumb Code     6  stm32f4xx_rcc.o(.text)
    RCC_LSEConfig                            0x08004c27   Thumb Code    46  stm32f4xx_rcc.o(.text)
    RCC_LSICmd                               0x08004c55   Thumb Code     6  stm32f4xx_rcc.o(.text)
    RCC_PLLConfig                            0x08004c5b   Thumb Code    32  stm32f4xx_rcc.o(.text)
    RCC_PLLCmd                               0x08004c7b   Thumb Code     6  stm32f4xx_rcc.o(.text)
    RCC_PLLI2SConfig                         0x08004c81   Thumb Code    14  stm32f4xx_rcc.o(.text)
    RCC_PLLI2SCmd                            0x08004c8f   Thumb Code     6  stm32f4xx_rcc.o(.text)
    RCC_PLLSAIConfig                         0x08004c95   Thumb Code    20  stm32f4xx_rcc.o(.text)
    RCC_PLLSAICmd                            0x08004ca9   Thumb Code     6  stm32f4xx_rcc.o(.text)
    RCC_ClockSecuritySystemCmd               0x08004caf   Thumb Code     6  stm32f4xx_rcc.o(.text)
    RCC_MCO1Config                           0x08004cb5   Thumb Code    28  stm32f4xx_rcc.o(.text)
    RCC_MCO2Config                           0x08004cd1   Thumb Code    28  stm32f4xx_rcc.o(.text)
    RCC_SYSCLKConfig                         0x08004ced   Thumb Code    20  stm32f4xx_rcc.o(.text)
    RCC_GetSYSCLKSource                      0x08004d01   Thumb Code    12  stm32f4xx_rcc.o(.text)
    RCC_HCLKConfig                           0x08004d0d   Thumb Code    20  stm32f4xx_rcc.o(.text)
    RCC_PCLK1Config                          0x08004d21   Thumb Code    20  stm32f4xx_rcc.o(.text)
    RCC_PCLK2Config                          0x08004d35   Thumb Code    22  stm32f4xx_rcc.o(.text)
    RCC_GetClocksFreq                        0x08004d4b   Thumb Code   222  stm32f4xx_rcc.o(.text)
    RCC_RTCCLKConfig                         0x08004e29   Thumb Code    54  stm32f4xx_rcc.o(.text)
    RCC_RTCCLKCmd                            0x08004e5f   Thumb Code     8  stm32f4xx_rcc.o(.text)
    RCC_BackupResetCmd                       0x08004e67   Thumb Code     8  stm32f4xx_rcc.o(.text)
    RCC_I2SCLKConfig                         0x08004e6f   Thumb Code     6  stm32f4xx_rcc.o(.text)
    RCC_SAIPLLI2SClkDivConfig                0x08004e75   Thumb Code    26  stm32f4xx_rcc.o(.text)
    RCC_SAIPLLSAIClkDivConfig                0x08004e8f   Thumb Code    28  stm32f4xx_rcc.o(.text)
    RCC_SAIBlockACLKConfig                   0x08004eab   Thumb Code    20  stm32f4xx_rcc.o(.text)
    RCC_SAIBlockBCLKConfig                   0x08004ebf   Thumb Code    20  stm32f4xx_rcc.o(.text)
    RCC_LTDCCLKDivConfig                     0x08004ed3   Thumb Code    20  stm32f4xx_rcc.o(.text)
    RCC_TIMCLKPresConfig                     0x08004ee7   Thumb Code     6  stm32f4xx_rcc.o(.text)
    RCC_AHB1PeriphClockCmd                   0x08004eed   Thumb Code    34  stm32f4xx_rcc.o(.text)
    RCC_AHB2PeriphClockCmd                   0x08004f0f   Thumb Code    78  stm32f4xx_rcc.o(.text)
    RCC_AHB3PeriphClockCmd                   0x08004f5d   Thumb Code    34  stm32f4xx_rcc.o(.text)
    RCC_APB1PeriphClockCmd                   0x08004f7f   Thumb Code    34  stm32f4xx_rcc.o(.text)
    RCC_APB2PeriphClockCmd                   0x08004fa1   Thumb Code    34  stm32f4xx_rcc.o(.text)
    RCC_AHB1PeriphResetCmd                   0x08004fc3   Thumb Code    34  stm32f4xx_rcc.o(.text)
    RCC_AHB2PeriphResetCmd                   0x08004fe5   Thumb Code    34  stm32f4xx_rcc.o(.text)
    RCC_AHB3PeriphResetCmd                   0x08005007   Thumb Code    34  stm32f4xx_rcc.o(.text)
    RCC_APB1PeriphResetCmd                   0x08005029   Thumb Code    34  stm32f4xx_rcc.o(.text)
    RCC_APB2PeriphResetCmd                   0x0800504b   Thumb Code    34  stm32f4xx_rcc.o(.text)
    RCC_AHB1PeriphClockLPModeCmd             0x0800506d   Thumb Code    34  stm32f4xx_rcc.o(.text)
    RCC_AHB2PeriphClockLPModeCmd             0x0800508f   Thumb Code    34  stm32f4xx_rcc.o(.text)
    RCC_AHB3PeriphClockLPModeCmd             0x080050b1   Thumb Code    34  stm32f4xx_rcc.o(.text)
    RCC_APB1PeriphClockLPModeCmd             0x080050d3   Thumb Code    34  stm32f4xx_rcc.o(.text)
    RCC_APB2PeriphClockLPModeCmd             0x080050f5   Thumb Code    34  stm32f4xx_rcc.o(.text)
    RCC_ITConfig                             0x08005117   Thumb Code    34  stm32f4xx_rcc.o(.text)
    RCC_ClearFlag                            0x08005139   Thumb Code    18  stm32f4xx_rcc.o(.text)
    RCC_GetITStatus                          0x0800514b   Thumb Code    22  stm32f4xx_rcc.o(.text)
    RCC_ClearITPendingBit                    0x08005161   Thumb Code     8  stm32f4xx_rcc.o(.text)
    SPI_I2S_DeInit                           0x0800516d   Thumb Code   152  stm32f4xx_spi.o(.text)
    SPI_Init                                 0x08005205   Thumb Code    60  stm32f4xx_spi.o(.text)
    I2S_Init                                 0x08005241   Thumb Code   350  stm32f4xx_spi.o(.text)
    SPI_StructInit                           0x0800539f   Thumb Code    24  stm32f4xx_spi.o(.text)
    I2S_StructInit                           0x080053b7   Thumb Code    20  stm32f4xx_spi.o(.text)
    SPI_Cmd                                  0x080053cb   Thumb Code    24  stm32f4xx_spi.o(.text)
    I2S_Cmd                                  0x080053e3   Thumb Code    24  stm32f4xx_spi.o(.text)
    SPI_DataSizeConfig                       0x080053fb   Thumb Code    18  stm32f4xx_spi.o(.text)
    SPI_BiDirectionalLineConfig              0x0800540d   Thumb Code    28  stm32f4xx_spi.o(.text)
    SPI_NSSInternalSoftwareConfig            0x08005429   Thumb Code    30  stm32f4xx_spi.o(.text)
    SPI_SSOutputCmd                          0x08005447   Thumb Code    24  stm32f4xx_spi.o(.text)
    SPI_TIModeCmd                            0x0800545f   Thumb Code    24  stm32f4xx_spi.o(.text)
    I2S_FullDuplexConfig                     0x08005477   Thumb Code    80  stm32f4xx_spi.o(.text)
    SPI_I2S_ReceiveData                      0x080054c7   Thumb Code     6  stm32f4xx_spi.o(.text)
    SPI_I2S_SendData                         0x080054cd   Thumb Code     4  stm32f4xx_spi.o(.text)
    SPI_CalculateCRC                         0x080054d1   Thumb Code    24  stm32f4xx_spi.o(.text)
    SPI_TransmitCRC                          0x080054e9   Thumb Code    10  stm32f4xx_spi.o(.text)
    SPI_GetCRC                               0x080054f3   Thumb Code    16  stm32f4xx_spi.o(.text)
    SPI_GetCRCPolynomial                     0x08005503   Thumb Code     6  stm32f4xx_spi.o(.text)
    SPI_I2S_DMACmd                           0x08005509   Thumb Code    18  stm32f4xx_spi.o(.text)
    SPI_I2S_ITConfig                         0x0800551b   Thumb Code    32  stm32f4xx_spi.o(.text)
    SPI_I2S_GetFlagStatus                    0x0800553b   Thumb Code    50  stm32f4xx_spi.o(.text)
    SPI_I2S_ClearFlag                        0x0800556d   Thumb Code     6  stm32f4xx_spi.o(.text)
    SPI_I2S_GetITStatus                      0x08005573   Thumb Code    52  stm32f4xx_spi.o(.text)
    SPI_I2S_ClearITPendingBit                0x080055a7   Thumb Code    20  stm32f4xx_spi.o(.text)
    SYSCFG_DeInit                            0x080055bd   Thumb Code    22  stm32f4xx_syscfg.o(.text)
    SYSCFG_MemoryRemapConfig                 0x080055d3   Thumb Code     6  stm32f4xx_syscfg.o(.text)
    SYSCFG_MemorySwappingBank                0x080055d9   Thumb Code     6  stm32f4xx_syscfg.o(.text)
    SYSCFG_EXTILineConfig                    0x080055df   Thumb Code    66  stm32f4xx_syscfg.o(.text)
    SYSCFG_ETH_MediaInterfaceConfig          0x08005621   Thumb Code     8  stm32f4xx_syscfg.o(.text)
    SYSCFG_CompensationCellCmd               0x08005629   Thumb Code     6  stm32f4xx_syscfg.o(.text)
    SYSCFG_GetCompensationCellStatus         0x0800562f   Thumb Code    22  stm32f4xx_syscfg.o(.text)
    USART_DeInit                             0x08005651   Thumb Code   206  stm32f4xx_usart.o(.text)
    USART_Init                               0x0800571f   Thumb Code   204  stm32f4xx_usart.o(.text)
    USART_StructInit                         0x080057eb   Thumb Code    24  stm32f4xx_usart.o(.text)
    USART_ClockInit                          0x08005803   Thumb Code    32  stm32f4xx_usart.o(.text)
    USART_ClockStructInit                    0x08005823   Thumb Code    12  stm32f4xx_usart.o(.text)
    USART_Cmd                                0x0800582f   Thumb Code    24  stm32f4xx_usart.o(.text)
    USART_SetPrescaler                       0x08005847   Thumb Code    16  stm32f4xx_usart.o(.text)
    USART_OverSampling8Cmd                   0x08005857   Thumb Code    22  stm32f4xx_usart.o(.text)
    USART_OneBitMethodCmd                    0x0800586d   Thumb Code    24  stm32f4xx_usart.o(.text)
    USART_SendData                           0x08005885   Thumb Code     8  stm32f4xx_usart.o(.text)
    USART_ReceiveData                        0x0800588d   Thumb Code    10  stm32f4xx_usart.o(.text)
    USART_SetAddress                         0x08005897   Thumb Code    18  stm32f4xx_usart.o(.text)
    USART_ReceiverWakeUpCmd                  0x080058a9   Thumb Code    24  stm32f4xx_usart.o(.text)
    USART_WakeUpConfig                       0x080058c1   Thumb Code    18  stm32f4xx_usart.o(.text)
    USART_LINBreakDetectLengthConfig         0x080058d3   Thumb Code    18  stm32f4xx_usart.o(.text)
    USART_LINCmd                             0x080058e5   Thumb Code    24  stm32f4xx_usart.o(.text)
    USART_SendBreak                          0x080058fd   Thumb Code    10  stm32f4xx_usart.o(.text)
    USART_HalfDuplexCmd                      0x08005907   Thumb Code    24  stm32f4xx_usart.o(.text)
    USART_SetGuardTime                       0x0800591f   Thumb Code    16  stm32f4xx_usart.o(.text)
    USART_SmartCardCmd                       0x0800592f   Thumb Code    24  stm32f4xx_usart.o(.text)
    USART_SmartCardNACKCmd                   0x08005947   Thumb Code    24  stm32f4xx_usart.o(.text)
    USART_IrDAConfig                         0x0800595f   Thumb Code    18  stm32f4xx_usart.o(.text)
    USART_IrDACmd                            0x08005971   Thumb Code    24  stm32f4xx_usart.o(.text)
    USART_DMACmd                             0x08005989   Thumb Code    18  stm32f4xx_usart.o(.text)
    USART_ITConfig                           0x0800599b   Thumb Code    74  stm32f4xx_usart.o(.text)
    USART_GetFlagStatus                      0x080059e5   Thumb Code    26  stm32f4xx_usart.o(.text)
    USART_ClearFlag                          0x080059ff   Thumb Code    18  stm32f4xx_usart.o(.text)
    USART_GetITStatus                        0x08005a11   Thumb Code   118  stm32f4xx_usart.o(.text)
    USART_ClearITPendingBit                  0x08005a87   Thumb Code    30  stm32f4xx_usart.o(.text)
    __aeabi_memcpy                           0x08005aa5   Thumb Code     0  rt_memcpy_v6.o(.text)
    __rt_memcpy                              0x08005aa5   Thumb Code   138  rt_memcpy_v6.o(.text)
    _memcpy_lastbytes                        0x08005b0b   Thumb Code     0  rt_memcpy_v6.o(.text)
    __aeabi_memset                           0x08005b2f   Thumb Code    16  aeabi_memset.o(.text)
    __use_two_region_memory                  0x08005b3f   Thumb Code     2  heapauxi.o(.text)
    __rt_heap_escrow$2region                 0x08005b41   Thumb Code     2  heapauxi.o(.text)
    __rt_heap_expand$2region                 0x08005b43   Thumb Code     2  heapauxi.o(.text)
    __aeabi_memcpy4                          0x08005b45   Thumb Code     0  rt_memcpy_w.o(.text)
    __aeabi_memcpy8                          0x08005b45   Thumb Code     0  rt_memcpy_w.o(.text)
    __rt_memcpy_w                            0x08005b45   Thumb Code   100  rt_memcpy_w.o(.text)
    _memcpy_lastbytes_aligned                0x08005b8d   Thumb Code     0  rt_memcpy_w.o(.text)
    __aeabi_memclr                           0x08005ba9   Thumb Code     0  rt_memclr.o(.text)
    __rt_memclr                              0x08005ba9   Thumb Code    68  rt_memclr.o(.text)
    _memset                                  0x08005bad   Thumb Code     0  rt_memclr.o(.text)
    __aeabi_memclr4                          0x08005bed   Thumb Code     0  rt_memclr_w.o(.text)
    __aeabi_memclr8                          0x08005bed   Thumb Code     0  rt_memclr_w.o(.text)
    __rt_memclr_w                            0x08005bed   Thumb Code    78  rt_memclr_w.o(.text)
    _memset_w                                0x08005bf1   Thumb Code     0  rt_memclr_w.o(.text)
    __user_setup_stackheap                   0x08005c3b   Thumb Code    74  sys_stackheap_outer.o(.text)
    exit                                     0x08005c85   Thumb Code    18  exit.o(.text)
    __user_libspace                          0x08005c99   Thumb Code     8  libspace.o(.text)
    __user_perproc_libspace                  0x08005c99   Thumb Code     0  libspace.o(.text)
    __user_perthread_libspace                0x08005c99   Thumb Code     0  libspace.o(.text)
    _sys_exit                                0x08005ca1   Thumb Code     8  sys_exit.o(.text)
    __I$use$semihosting                      0x08005cad   Thumb Code     0  use_no_semi.o(.text)
    __use_no_semihosting_swi                 0x08005cad   Thumb Code     2  use_no_semi.o(.text)
    __semihosting_library_function           0x08005caf   Thumb Code     0  indicate_semi.o(.text)
    __aeabi_d2f                              0x08005cb1   Thumb Code     0  d2f.o(x$fpl$d2f)
    _d2f                                     0x08005cb1   Thumb Code    98  d2f.o(x$fpl$d2f)
    __aeabi_dadd                             0x08005d15   Thumb Code     0  daddsub_clz.o(x$fpl$dadd)
    _dadd                                    0x08005d15   Thumb Code   332  daddsub_clz.o(x$fpl$dadd)
    __fpl_dcmp_Inf                           0x08005e65   Thumb Code    24  dcmpi.o(x$fpl$dcmpinf)
    __aeabi_d2iz                             0x08005e7d   Thumb Code     0  dfix.o(x$fpl$dfix)
    _dfix                                    0x08005e7d   Thumb Code    94  dfix.o(x$fpl$dfix)
    __aeabi_cdcmple                          0x08005edd   Thumb Code     0  dleqf.o(x$fpl$dleqf)
    _dcmple                                  0x08005edd   Thumb Code   120  dleqf.o(x$fpl$dleqf)
    __fpl_dcmple_InfNaN                      0x08005f3f   Thumb Code     0  dleqf.o(x$fpl$dleqf)
    __aeabi_dmul                             0x08005f55   Thumb Code     0  dmul.o(x$fpl$dmul)
    _dmul                                    0x08005f55   Thumb Code   332  dmul.o(x$fpl$dmul)
    __fpl_dnaninf                            0x080060a9   Thumb Code   156  dnaninf.o(x$fpl$dnaninf)
    __fpl_dretinf                            0x08006145   Thumb Code    12  dretinf.o(x$fpl$dretinf)
    __aeabi_cdrcmple                         0x08006151   Thumb Code     0  drleqf.o(x$fpl$drleqf)
    _drcmple                                 0x08006151   Thumb Code   108  drleqf.o(x$fpl$drleqf)
    __aeabi_dsub                             0x080061bd   Thumb Code     0  daddsub_clz.o(x$fpl$dsub)
    _dsub                                    0x080061bd   Thumb Code   464  daddsub_clz.o(x$fpl$dsub)
    __aeabi_f2d                              0x08006391   Thumb Code     0  f2d.o(x$fpl$f2d)
    _f2d                                     0x08006391   Thumb Code    86  f2d.o(x$fpl$f2d)
    __fpl_fnaninf                            0x080063e7   Thumb Code   140  fnaninf.o(x$fpl$fnaninf)
    _fp_init                                 0x08006473   Thumb Code    10  fpinit.o(x$fpl$fpinit)
    __fplib_config_fpu_vfp                   0x0800647b   Thumb Code     0  fpinit.o(x$fpl$fpinit)
    __fplib_config_pureend_doubles           0x0800647b   Thumb Code     0  fpinit.o(x$fpl$fpinit)
    __fpl_fretinf                            0x0800647d   Thumb Code    10  fretinf.o(x$fpl$fretinf)
    __I$use$fp                               0x08006486   Number         0  usenofp.o(x$fpl$usenofp)
    GPIO_PIN                                 0x08006488   Data           8  discoveryf4utils.o(.constdata)
    GPIO_CLK                                 0x08006490   Data          16  discoveryf4utils.o(.constdata)
    BUTTON_PIN                               0x080064a0   Data           2  discoveryf4utils.o(.constdata)
    BUTTON_CLK                               0x080064a4   Data           4  discoveryf4utils.o(.constdata)
    BUTTON_EXTI_LINE                         0x080064a8   Data           2  discoveryf4utils.o(.constdata)
    BUTTON_PORT_SOURCE                       0x080064aa   Data           1  discoveryf4utils.o(.constdata)
    BUTTON_PIN_SOURCE                        0x080064ab   Data           1  discoveryf4utils.o(.constdata)
    BUTTON_IRQn                              0x080064ac   Data           1  discoveryf4utils.o(.constdata)
    COM_USART_CLK                            0x080064b0   Data           4  discoveryf4utils.o(.constdata)
    COM_TX_PORT_CLK                          0x080064b4   Data           4  discoveryf4utils.o(.constdata)
    COM_RX_PORT_CLK                          0x080064b8   Data           4  discoveryf4utils.o(.constdata)
    COM_TX_PIN                               0x080064bc   Data           2  discoveryf4utils.o(.constdata)
    COM_RX_PIN                               0x080064be   Data           2  discoveryf4utils.o(.constdata)
    COM_TX_PIN_SOURCE                        0x080064c0   Data           2  discoveryf4utils.o(.constdata)
    COM_RX_PIN_SOURCE                        0x080064c2   Data           2  discoveryf4utils.o(.constdata)
    COM_TX_AF                                0x080064c4   Data           2  discoveryf4utils.o(.constdata)
    COM_RX_AF                                0x080064c6   Data           2  discoveryf4utils.o(.constdata)
    Region$$Table$$Base                      0x080064c8   Number         0  anon$$obj.o(Region$$Table)
    Region$$Table$$Limit                     0x080064e8   Number         0  anon$$obj.o(Region$$Table)
    SystemCoreClock                          0x20000000   Data           4  system_stm32f4xx.o(.data)
    AHBPrescTable                            0x20000004   Data          16  system_stm32f4xx.o(.data)
    currLed                                  0x20000018   Data           4  main.o(.data)
    codecInit                                0x2000001c   Data           4  main.o(.data)
    leds                                     0x20000020   Data          16  main.o(.data)
    brew_times                               0x20000030   Data          16  main.o(.data)
    brew_count                               0x20000040   Data           4  main.o(.data)
    click_count                              0x20000044   Data           4  main.o(.data)
    sampleCounter                            0x20000048   Data           4  main.o(.data)
    sample                                   0x2000004c   Data           2  main.o(.data)
    sawWave                                  0x20000050   Data           8  main.o(.data)
    filteredSaw                              0x20000058   Data           4  main.o(.data)
    xDebounceLock                            0x2000005c   Data           4  main.o(.data)
    xLEDCycleLock                            0x20000060   Data           4  main.o(.data)
    xDoubleClickLock                         0x20000064   Data           4  main.o(.data)
    multiplier                               0x20000068   Data           4  main.o(.data)
    GPIO_PORT                                0x20000070   Data          16  discoveryf4utils.o(.data)
    BUTTON_PORT                              0x20000080   Data           4  discoveryf4utils.o(.data)
    NVIC_InitStructure                       0x20000084   Data           4  discoveryf4utils.o(.data)
    COM_USART                                0x20000088   Data           4  discoveryf4utils.o(.data)
    COM_TX_PORT                              0x2000008c   Data           4  discoveryf4utils.o(.data)
    COM_RX_PORT                              0x20000090   Data           4  discoveryf4utils.o(.data)
    pxCurrentTCB                             0x20000094   Data           4  tasks.o(.data)
    currently_brewing                        0x20000118   Data          16  main.o(.bss)
    filt                                     0x20000128   Data          68  main.o(.bss)
    xLEDBrewLock                             0x2000016c   Data          16  main.o(.bss)
    xQueueRegistry                           0x2000017c   Data          64  queue.o(.bss)
    __libspace_start                         0x20012eac   Data          96  libspace.o(.bss)
    __temporary_stack_top$libspace           0x20012f0c   Data           0  libspace.o(.bss)



==============================================================================

Memory Map of the image

  Image Entry point : 0x08000189

  Load Region LR_IROM1 (Base: 0x08000000, Size: 0x00006600, Max: 0x00100000, ABSOLUTE)

    Execution Region ER_IROM1 (Base: 0x08000000, Size: 0x000064e8, Max: 0x00100000, ABSOLUTE)

    Base Addr    Size         Type   Attr      Idx    E Section Name        Object

    0x08000000   0x00000188   Data   RO            3    RESET               startup_stm32f4xx.o
    0x08000188   0x00000008   Code   RO         1210  * !!!main             c_w.l(__main.o)
    0x08000190   0x00000034   Code   RO         1404    !!!scatter          c_w.l(__scatter.o)
    0x080001c4   0x0000001a   Code   RO         1406    !!handler_copy      c_w.l(__scatter_copy.o)
    0x080001de   0x00000002   PAD
    0x080001e0   0x0000001c   Code   RO         1408    !!handler_zi        c_w.l(__scatter_zi.o)
    0x080001fc   0x00000002   Code   RO         1274    .ARM.Collect$$libinit$$00000000  c_w.l(libinit.o)
    0x080001fe   0x00000004   Code   RO         1280    .ARM.Collect$$libinit$$00000001  c_w.l(libinit2.o)
    0x08000202   0x00000000   Code   RO         1283    .ARM.Collect$$libinit$$00000004  c_w.l(libinit2.o)
    0x08000202   0x00000000   Code   RO         1286    .ARM.Collect$$libinit$$0000000A  c_w.l(libinit2.o)
    0x08000202   0x00000000   Code   RO         1288    .ARM.Collect$$libinit$$0000000C  c_w.l(libinit2.o)
    0x08000202   0x00000000   Code   RO         1290    .ARM.Collect$$libinit$$0000000E  c_w.l(libinit2.o)
    0x08000202   0x00000000   Code   RO         1293    .ARM.Collect$$libinit$$00000011  c_w.l(libinit2.o)
    0x08000202   0x00000000   Code   RO         1295    .ARM.Collect$$libinit$$00000013  c_w.l(libinit2.o)
    0x08000202   0x00000000   Code   RO         1297    .ARM.Collect$$libinit$$00000015  c_w.l(libinit2.o)
    0x08000202   0x00000000   Code   RO         1299    .ARM.Collect$$libinit$$00000017  c_w.l(libinit2.o)
    0x08000202   0x00000000   Code   RO         1301    .ARM.Collect$$libinit$$00000019  c_w.l(libinit2.o)
    0x08000202   0x00000000   Code   RO         1303    .ARM.Collect$$libinit$$0000001B  c_w.l(libinit2.o)
    0x08000202   0x00000000   Code   RO         1305    .ARM.Collect$$libinit$$0000001D  c_w.l(libinit2.o)
    0x08000202   0x00000000   Code   RO         1307    .ARM.Collect$$libinit$$0000001F  c_w.l(libinit2.o)
    0x08000202   0x00000000   Code   RO         1309    .ARM.Collect$$libinit$$00000021  c_w.l(libinit2.o)
    0x08000202   0x00000000   Code   RO         1311    .ARM.Collect$$libinit$$00000023  c_w.l(libinit2.o)
    0x08000202   0x00000000   Code   RO         1313    .ARM.Collect$$libinit$$00000025  c_w.l(libinit2.o)
    0x08000202   0x00000000   Code   RO         1317    .ARM.Collect$$libinit$$0000002C  c_w.l(libinit2.o)
    0x08000202   0x00000000   Code   RO         1319    .ARM.Collect$$libinit$$0000002E  c_w.l(libinit2.o)
    0x08000202   0x00000000   Code   RO         1321    .ARM.Collect$$libinit$$00000030  c_w.l(libinit2.o)
    0x08000202   0x00000000   Code   RO         1323    .ARM.Collect$$libinit$$00000032  c_w.l(libinit2.o)
    0x08000202   0x00000002   Code   RO         1324    .ARM.Collect$$libinit$$00000033  c_w.l(libinit2.o)
    0x08000204   0x00000002   Code   RO         1344    .ARM.Collect$$libshutdown$$00000000  c_w.l(libshutdown.o)
    0x08000206   0x00000000   Code   RO         1357    .ARM.Collect$$libshutdown$$00000002  c_w.l(libshutdown2.o)
    0x08000206   0x00000000   Code   RO         1359    .ARM.Collect$$libshutdown$$00000004  c_w.l(libshutdown2.o)
    0x08000206   0x00000000   Code   RO         1362    .ARM.Collect$$libshutdown$$00000007  c_w.l(libshutdown2.o)
    0x08000206   0x00000000   Code   RO         1365    .ARM.Collect$$libshutdown$$0000000A  c_w.l(libshutdown2.o)
    0x08000206   0x00000000   Code   RO         1367    .ARM.Collect$$libshutdown$$0000000C  c_w.l(libshutdown2.o)
    0x08000206   0x00000000   Code   RO         1370    .ARM.Collect$$libshutdown$$0000000F  c_w.l(libshutdown2.o)
    0x08000206   0x00000002   Code   RO         1371    .ARM.Collect$$libshutdown$$00000010  c_w.l(libshutdown2.o)
    0x08000208   0x00000000   Code   RO         1230    .ARM.Collect$$rtentry$$00000000  c_w.l(__rtentry.o)
    0x08000208   0x00000000   Code   RO         1247    .ARM.Collect$$rtentry$$00000002  c_w.l(__rtentry2.o)
    0x08000208   0x00000006   Code   RO         1259    .ARM.Collect$$rtentry$$00000004  c_w.l(__rtentry4.o)
    0x0800020e   0x00000000   Code   RO         1249    .ARM.Collect$$rtentry$$00000009  c_w.l(__rtentry2.o)
    0x0800020e   0x00000004   Code   RO         1250    .ARM.Collect$$rtentry$$0000000A  c_w.l(__rtentry2.o)
    0x08000212   0x00000000   Code   RO         1252    .ARM.Collect$$rtentry$$0000000C  c_w.l(__rtentry2.o)
    0x08000212   0x00000008   Code   RO         1253    .ARM.Collect$$rtentry$$0000000D  c_w.l(__rtentry2.o)
    0x0800021a   0x00000002   Code   RO         1278    .ARM.Collect$$rtexit$$00000000  c_w.l(rtexit.o)
    0x0800021c   0x00000000   Code   RO         1326    .ARM.Collect$$rtexit$$00000002  c_w.l(rtexit2.o)
    0x0800021c   0x00000004   Code   RO         1327    .ARM.Collect$$rtexit$$00000003  c_w.l(rtexit2.o)
    0x08000220   0x00000006   Code   RO         1328    .ARM.Collect$$rtexit$$00000004  c_w.l(rtexit2.o)
    0x08000226   0x00000002   PAD
    0x08000228   0x000000b6   Code   RO          452    .emb_text           port.o
    0x080002de   0x00000002   PAD
    0x080002e0   0x00000040   Code   RO            4    .text               startup_stm32f4xx.o
    0x08000320   0x00000210   Code   RO           12    .text               system_stm32f4xx.o
    0x08000530   0x0000083c   Code   RO          139    .text               main.o
    0x08000d6c   0x00000228   Code   RO          219    .text               discoveryf4utils.o
    0x08000f94   0x00000014   Code   RO          243    .text               stm32f4xx_it.o
    0x08000fa8   0x0000041c   Code   RO          266    .text               codec.o
    0x080013c4   0x00000094   Code   RO          344    .text               list.o
    0x08001458   0x00000c30   Code   RO          364    .text               queue.o
    0x08002088   0x000017c4   Code   RO          390    .text               tasks.o
    0x0800384c   0x000005e0   Code   RO          417    .text               timers.o
    0x08003e2c   0x0000030c   Code   RO          453    .text               port.o
    0x08004138   0x00000124   Code   RO          490    .text               heap_2.o
    0x0800425c   0x000000e0   Code   RO          513    .text               misc.o
    0x0800433c   0x00000110   Code   RO          776    .text               stm32f4xx_exti.o
    0x0800444c   0x00000294   Code   RO          836    .text               stm32f4xx_gpio.o
    0x080046e0   0x00000456   Code   RO          916    .text               stm32f4xx_i2c.o
    0x08004b36   0x00000002   PAD
    0x08004b38   0x00000634   Code   RO          999    .text               stm32f4xx_rcc.o
    0x0800516c   0x0000044e   Code   RO         1104    .text               stm32f4xx_spi.o
    0x080055ba   0x00000002   PAD
    0x080055bc   0x00000094   Code   RO         1124    .text               stm32f4xx_syscfg.o
    0x08005650   0x00000454   Code   RO         1164    .text               stm32f4xx_usart.o
    0x08005aa4   0x0000008a   Code   RO         1204    .text               c_w.l(rt_memcpy_v6.o)
    0x08005b2e   0x00000010   Code   RO         1206    .text               c_w.l(aeabi_memset.o)
    0x08005b3e   0x00000006   Code   RO         1208    .text               c_w.l(heapauxi.o)
    0x08005b44   0x00000064   Code   RO         1231    .text               c_w.l(rt_memcpy_w.o)
    0x08005ba8   0x00000044   Code   RO         1233    .text               c_w.l(rt_memclr.o)
    0x08005bec   0x0000004e   Code   RO         1261    .text               c_w.l(rt_memclr_w.o)
    0x08005c3a   0x0000004a   Code   RO         1265    .text               c_w.l(sys_stackheap_outer.o)
    0x08005c84   0x00000012   Code   RO         1267    .text               c_w.l(exit.o)
    0x08005c96   0x00000002   PAD
    0x08005c98   0x00000008   Code   RO         1275    .text               c_w.l(libspace.o)
    0x08005ca0   0x0000000c   Code   RO         1336    .text               c_w.l(sys_exit.o)
    0x08005cac   0x00000002   Code   RO         1347    .text               c_w.l(use_no_semi.o)
    0x08005cae   0x00000000   Code   RO         1349    .text               c_w.l(indicate_semi.o)
    0x08005cae   0x00000002   PAD
    0x08005cb0   0x00000062   Code   RO         1212    x$fpl$d2f           fz_wm.l(d2f.o)
    0x08005d12   0x00000002   PAD
    0x08005d14   0x00000150   Code   RO         1214    x$fpl$dadd          fz_wm.l(daddsub_clz.o)
    0x08005e64   0x00000018   Code   RO         1263    x$fpl$dcmpinf       fz_wm.l(dcmpi.o)
    0x08005e7c   0x0000005e   Code   RO         1220    x$fpl$dfix          fz_wm.l(dfix.o)
    0x08005eda   0x00000002   PAD
    0x08005edc   0x00000078   Code   RO         1235    x$fpl$dleqf         fz_wm.l(dleqf.o)
    0x08005f54   0x00000154   Code   RO         1224    x$fpl$dmul          fz_wm.l(dmul.o)
    0x080060a8   0x0000009c   Code   RO         1237    x$fpl$dnaninf       fz_wm.l(dnaninf.o)
    0x08006144   0x0000000c   Code   RO         1239    x$fpl$dretinf       fz_wm.l(dretinf.o)
    0x08006150   0x0000006c   Code   RO         1226    x$fpl$drleqf        fz_wm.l(drleqf.o)
    0x080061bc   0x000001d4   Code   RO         1216    x$fpl$dsub          fz_wm.l(daddsub_clz.o)
    0x08006390   0x00000056   Code   RO         1228    x$fpl$f2d           fz_wm.l(f2d.o)
    0x080063e6   0x0000008c   Code   RO         1241    x$fpl$fnaninf       fz_wm.l(fnaninf.o)
    0x08006472   0x0000000a   Code   RO         1334    x$fpl$fpinit        fz_wm.l(fpinit.o)
    0x0800647c   0x0000000a   Code   RO         1243    x$fpl$fretinf       fz_wm.l(fretinf.o)
    0x08006486   0x00000000   Code   RO         1245    x$fpl$usenofp       fz_wm.l(usenofp.o)
    0x08006486   0x00000002   PAD
    0x08006488   0x00000040   Data   RO          220    .constdata          discoveryf4utils.o
    0x080064c8   0x00000020   Data   RO         1402    Region$$Table       anon$$obj.o


    Execution Region RW_IRAM1 (Base: 0x20000000, Size: 0x00013510, Max: 0x00020000, ABSOLUTE)

    Base Addr    Size         Type   Attr      Idx    E Section Name        Object

    0x20000000   0x00000014   Data   RW           13    .data               system_stm32f4xx.o
    0x20000014   0x00000004   PAD
    0x20000018   0x00000058   Data   RW          141    .data               main.o
    0x20000070   0x00000024   Data   RW          221    .data               discoveryf4utils.o
    0x20000094   0x0000003c   Data   RW          392    .data               tasks.o
    0x200000d0   0x00000014   Data   RW          419    .data               timers.o
    0x200000e4   0x0000000c   Data   RW          454    .data               port.o
    0x200000f0   0x00000018   Data   RW          492    .data               heap_2.o
    0x20000108   0x00000010   Data   RW         1000    .data               stm32f4xx_rcc.o
    0x20000118   0x00000064   Zero   RW          140    .bss                main.o
    0x2000017c   0x00000040   Zero   RW          365    .bss                queue.o
    0x200001bc   0x000000c8   Zero   RW          391    .bss                tasks.o
    0x20000284   0x00000028   Zero   RW          418    .bss                timers.o
    0x200002ac   0x00012c00   Zero   RW          491    .bss                heap_2.o
    0x20012eac   0x00000060   Zero   RW         1276    .bss                c_w.l(libspace.o)
    0x20012f0c   0x00000004   PAD
    0x20012f10   0x00000200   Zero   RW            2    HEAP                startup_stm32f4xx.o
    0x20013110   0x00000400   Zero   RW            1    STACK               startup_stm32f4xx.o


==============================================================================

Image component sizes


      Code (inc. data)   RO Data    RW Data    ZI Data      Debug   Object Name

      1052         46          0          0          0       2125   codec.o
       552         88         64         36          0       3901   discoveryf4utils.o
         0          0          0          0          0       9448   event_groups.o
       292         26          0         24      76800       3332   heap_2.o
       148          0          0          0          0       1994   list.o
      2108        304          0         88        100      48495   main.o
       224         20          0          0          0       2021   misc.o
       962         52          0         12          0       8991   port.o
      3120         14          0          0         64      16460   queue.o
        64         26        392          0       1536        888   startup_stm32f4xx.o
       272         10          0          0          0       2487   stm32f4xx_exti.o
       660         44          0          0          0       4357   stm32f4xx_gpio.o
      1110         26          0          0          0       8879   stm32f4xx_i2c.o
        20          0          0          0          0        991   stm32f4xx_it.o
      1588         52          0         16          0      13142   stm32f4xx_rcc.o
      1102         32          0          0          0       7133   stm32f4xx_spi.o
       148         12          0          0          0       1929   stm32f4xx_syscfg.o
      1108         34          0          0          0       8084   stm32f4xx_usart.o
       528         46          0         20          0     282311   system_stm32f4xx.o
      6084        338          0         60        200      25962   tasks.o
      1504         68          0         20         40      16971   timers.o

    ----------------------------------------------------------------------
     22652       1238        488        280      78740     469901   Object Totals
         0          0         32          0          0          0   (incl. Generated)
         6          0          0          4          0          0   (incl. Padding)

    ----------------------------------------------------------------------

      Code (inc. data)   RO Data    RW Data    ZI Data      Debug   Library Member Name

         8          0          0          0          0         68   __main.o
         0          0          0          0          0          0   __rtentry.o
        12          0          0          0          0          0   __rtentry2.o
         6          0          0          0          0          0   __rtentry4.o
        52          8          0          0          0          0   __scatter.o
        26          0          0          0          0          0   __scatter_copy.o
        28          0          0          0          0          0   __scatter_zi.o
        16          0          0          0          0         68   aeabi_memset.o
        18          0          0          0          0         80   exit.o
         6          0          0          0          0        152   heapauxi.o
         0          0          0          0          0          0   indicate_semi.o
         2          0          0          0          0          0   libinit.o
         6          0          0          0          0          0   libinit2.o
         2          0          0          0          0          0   libshutdown.o
         2          0          0          0          0          0   libshutdown2.o
         8          4          0          0         96         68   libspace.o
        68          0          0          0          0         68   rt_memclr.o
        78          0          0          0          0         80   rt_memclr_w.o
       138          0          0          0          0         68   rt_memcpy_v6.o
       100          0          0          0          0         80   rt_memcpy_w.o
         2          0          0          0          0          0   rtexit.o
        10          0          0          0          0          0   rtexit2.o
        12          4          0          0          0         68   sys_exit.o
        74          0          0          0          0         80   sys_stackheap_outer.o
         2          0          0          0          0         68   use_no_semi.o
        98          4          0          0          0        140   d2f.o
       804         16          0          0          0        368   daddsub_clz.o
        24          0          0          0          0        116   dcmpi.o
        94          4          0          0          0        140   dfix.o
       120          4          0          0          0        140   dleqf.o
       340         12          0          0          0        152   dmul.o
       156          4          0          0          0        140   dnaninf.o
        12          0          0          0          0        116   dretinf.o
       108          0          0          0          0        128   drleqf.o
        86          4          0          0          0        132   f2d.o
       140          4          0          0          0        132   fnaninf.o
        10          0          0          0          0        116   fpinit.o
        10          0          0          0          0        116   fretinf.o
         0          0          0          0          0          0   usenofp.o

    ----------------------------------------------------------------------
      2692         68          0          0        100       2884   Library Totals
        14          0          0          0          4          0   (incl. Padding)

    ----------------------------------------------------------------------

      Code (inc. data)   RO Data    RW Data    ZI Data      Debug   Library Name

       676         16          0          0         96        948   c_w.l
      2002         52          0          0          0       1936   fz_wm.l

    ----------------------------------------------------------------------
      2692         68          0          0        100       2884   Library Totals

    ----------------------------------------------------------------------

==============================================================================


      Code (inc. data)   RO Data    RW Data    ZI Data      Debug   

     25344       1306        488        280      78840     465969   Grand Totals
     25344       1306        488        280      78840     465969   ELF Image Totals
     25344       1306        488        280          0          0   ROM Totals

==============================================================================

    Total RO  Size (Code + RO Data)                25832 (  25.23kB)
    Total RW  Size (RW Data + ZI Data)             79120 (  77.27kB)
    Total ROM Size (Code + RO Data + RW Data)      26112 (  25.50kB)

==============================================================================

