Component: ARM Compiler 5.06 update 4 (build 422) Tool: armlink [4d35d2]

==============================================================================

Section Cross References

    startup_stm32f4xx.o(STACK) refers (Special) to heapauxi.o(.text) for __use_two_region_memory
    startup_stm32f4xx.o(HEAP) refers (Special) to heapauxi.o(.text) for __use_two_region_memory
    startup_stm32f4xx.o(RESET) refers (Special) to heapauxi.o(.text) for __use_two_region_memory
    startup_stm32f4xx.o(RESET) refers to startup_stm32f4xx.o(STACK) for __initial_sp
    startup_stm32f4xx.o(RESET) refers to startup_stm32f4xx.o(.text) for Reset_Handler
    startup_stm32f4xx.o(RESET) refers to stm32f4xx_it.o(.text) for NMI_Handler
    startup_stm32f4xx.o(RESET) refers to port.o(.emb_text) for SVC_Handler
    startup_stm32f4xx.o(RESET) refers to port.o(.text) for SysTick_Handler
    startup_stm32f4xx.o(RESET) refers to main.o(.text) for EXTI0_IRQHandler
    startup_stm32f4xx.o(.text) refers (Special) to heapauxi.o(.text) for __use_two_region_memory
    startup_stm32f4xx.o(.text) refers to system_stm32f4xx.o(.text) for SystemInit
    startup_stm32f4xx.o(.text) refers to __main.o(!!!main) for __main
    startup_stm32f4xx.o(.text) refers to startup_stm32f4xx.o(HEAP) for Heap_Mem
    startup_stm32f4xx.o(.text) refers to startup_stm32f4xx.o(STACK) for Stack_Mem
    system_stm32f4xx.o(.text) refers to system_stm32f4xx.o(.data) for SystemCoreClock
    main.o(.text) refers to stm32f4xx_rcc.o(.text) for RCC_GetClocksFreq
    main.o(.text) refers to codec.o(.text) for codec_init
    main.o(.text) refers to stm32f4xx_spi.o(.text) for I2S_Cmd
    main.o(.text) refers to daddsub_clz.o(x$fpl$dadd) for __aeabi_dadd
    main.o(.text) refers to drleqf.o(x$fpl$drleqf) for __aeabi_cdrcmple
    main.o(.text) refers to daddsub_clz.o(x$fpl$dsub) for __aeabi_dsub
    main.o(.text) refers to d2f.o(x$fpl$d2f) for __aeabi_d2f
    main.o(.text) refers to f2d.o(x$fpl$f2d) for __aeabi_f2d
    main.o(.text) refers to dmul.o(x$fpl$dmul) for __aeabi_dmul
    main.o(.text) refers to dfix.o(x$fpl$dfix) for __aeabi_d2iz
    main.o(.text) refers to queue.o(.text) for xQueueGenericReceive
    main.o(.text) refers to rt_memcpy_w.o(.text) for __aeabi_memcpy4
    main.o(.text) refers to discoveryf4utils.o(.text) for STM_EVAL_LEDOn
    main.o(.text) refers to tasks.o(.text) for vTaskDelete
    main.o(.text) refers to main.o(.data) for multiplier
    main.o(.text) refers to main.o(.bss) for filt
    main.o(.text) refers to stm32f4xx_exti.o(.text) for EXTI_GetITStatus
    main.o(.text) refers to stm32f4xx_gpio.o(.text) for GPIO_PinAFConfig
    main.o(.text) refers to stm32f4xx_i2c.o(.text) for I2C_Init
    main.o(.text) refers to misc.o(.text) for NVIC_PriorityGroupConfig
    main.o(.text) refers to system_stm32f4xx.o(.data) for SystemCoreClock
    discoveryf4utils.o(.text) refers to stm32f4xx_rcc.o(.text) for RCC_AHB1PeriphClockCmd
    discoveryf4utils.o(.text) refers to stm32f4xx_gpio.o(.text) for GPIO_Init
    discoveryf4utils.o(.text) refers to stm32f4xx_syscfg.o(.text) for SYSCFG_EXTILineConfig
    discoveryf4utils.o(.text) refers to stm32f4xx_exti.o(.text) for EXTI_Init
    discoveryf4utils.o(.text) refers to misc.o(.text) for NVIC_Init
    discoveryf4utils.o(.text) refers to stm32f4xx_usart.o(.text) for USART_Init
    discoveryf4utils.o(.text) refers to discoveryf4utils.o(.constdata) for GPIO_CLK
    discoveryf4utils.o(.text) refers to discoveryf4utils.o(.data) for GPIO_PORT
    codec.o(.text) refers to stm32f4xx_gpio.o(.text) for GPIO_StructInit
    codec.o(.text) refers to stm32f4xx_rcc.o(.text) for RCC_AHB1PeriphClockCmd
    codec.o(.text) refers to stm32f4xx_spi.o(.text) for SPI_I2S_DeInit
    codec.o(.text) refers to stm32f4xx_i2c.o(.text) for I2C_DeInit
    event_groups.o(.text) refers to heap_2.o(.text) for pvPortMalloc
    event_groups.o(.text) refers to list.o(.text) for vListInitialise
    event_groups.o(.text) refers to tasks.o(.text) for vTaskSuspendAll
    event_groups.o(.text) refers to port.o(.text) for vPortEnterCritical
    queue.o(.text) refers to port.o(.text) for vPortEnterCritical
    queue.o(.text) refers to tasks.o(.text) for xTaskRemoveFromEventList
    queue.o(.text) refers to list.o(.text) for vListInitialise
    queue.o(.text) refers to heap_2.o(.text) for pvPortMalloc
    queue.o(.text) refers to rt_memcpy_v6.o(.text) for __aeabi_memcpy
    queue.o(.text) refers to queue.o(.bss) for xQueueRegistry
    tasks.o(.text) refers to list.o(.text) for vListInitialise
    tasks.o(.text) refers to port.o(.text) for vPortEnterCritical
    tasks.o(.text) refers to aeabi_memset.o(.text) for __aeabi_memset
    tasks.o(.text) refers to heap_2.o(.text) for pvPortMalloc
    tasks.o(.text) refers to tasks.o(.bss) for pxReadyTasksLists
    tasks.o(.text) refers to tasks.o(.data) for pxDelayedTaskList
    tasks.o(.text) refers to timers.o(.text) for xTimerCreateTimerTask
    timers.o(.text) refers to list.o(.text) for vListInsert
[...]
    .ARM.Collect$$libinit$$00000023          0x08000242   Section        0  libinit2.o(.ARM.Collect$$libinit$$00000023)
    .ARM.Collect$$libinit$$00000025          0x08000242   Section        0  libinit2.o(.ARM.Collect$$libinit$$00000025)
    .ARM.Collect$$libinit$$0000002C          0x08000242   Section        0  libinit2.o(.ARM.Collect$$libinit$$0000002C)
    .ARM.Collect$$libinit$$0000002E          0x08000242   Section        0  libinit2.o(.ARM.Collect$$libinit$$0000002E)
    .ARM.Collect$$libinit$$00000030          0x08000242   Section        0  libinit2.o(.ARM.Collect$$libinit$$00000030)
    .ARM.Collect$$libinit$$00000032          0x08000242   Section        0  libinit2.o(.ARM.Collect$$libinit$$00000032)
    .ARM.Collect$$libinit$$00000033          0x08000242   Section        2  libinit2.o(.ARM.Collect$$libinit$$00000033)
    .ARM.Collect$$libshutdown$$00000000      0x08000244   Section        2  libshutdown.o(.ARM.Collect$$libshutdown$$00000000)
    .ARM.Collect$$libshutdown$$00000002      0x08000246   Section        0  libshutdown2.o(.ARM.Collect$$libshutdown$$00000002)
    .ARM.Collect$$libshutdown$$00000004      0x08000246   Section        0  libshutdown2.o(.ARM.Collect$$libshutdown$$00000004)
    .ARM.Collect$$libshutdown$$00000007      0x08000246   Section        0  libshutdown2.o(.ARM.Collect$$libshutdown$$00000007)
    .ARM.Collect$$libshutdown$$0000000A      0x08000246   Section        0  libshutdown2.o(.ARM.Collect$$libshutdown$$0000000A)
    .ARM.Collect$$libshutdown$$0000000C      0x08000246   Section        0  libshutdown2.o(.ARM.Collect$$libshutdown$$0000000C)
    .ARM.Collect$$libshutdown$$0000000F      0x08000246   Section        0  libshutdown2.o(.ARM.Collect$$libshutdown$$0000000F)
    .ARM.Collect$$libshutdown$$00000010      0x08000246   Section        2  libshutdown2.o(.ARM.Collect$$libshutdown$$00000010)
    .ARM.Collect$$rtentry$$00000000          0x08000248   Section        0  __rtentry.o(.ARM.Collect$$rtentry$$00000000)
    .ARM.Collect$$rtentry$$00000002          0x08000248   Section        0  __rtentry2.o(.ARM.Collect$$rtentry$$00000002)
    .ARM.Collect$$rtentry$$00000004          0x08000248   Section        6  __rtentry4.o(.ARM.Collect$$rtentry$$00000004)
    .ARM.Collect$$rtentry$$00000009          0x0800024e   Section        0  __rtentry2.o(.ARM.Collect$$rtentry$$00000009)
    .ARM.Collect$$rtentry$$0000000A          0x0800024e   Section        4  __rtentry2.o(.ARM.Collect$$rtentry$$0000000A)
    .ARM.Collect$$rtentry$$0000000C          0x08000252   Section        0  __rtentry2.o(.ARM.Collect$$rtentry$$0000000C)
    .ARM.Collect$$rtentry$$0000000D          0x08000252   Section        8  __rtentry2.o(.ARM.Collect$$rtentry$$0000000D)
    .ARM.Collect$$rtexit$$00000000           0x0800025a   Section        2  rtexit.o(.ARM.Collect$$rtexit$$00000000)
    .ARM.Collect$$rtexit$$00000002           0x0800025c   Section        0  rtexit2.o(.ARM.Collect$$rtexit$$00000002)
    .ARM.Collect$$rtexit$$00000003           0x0800025c   Section        4  rtexit2.o(.ARM.Collect$$rtexit$$00000003)
    .ARM.Collect$$rtexit$$00000004           0x08000260   Section        6  rtexit2.o(.ARM.Collect$$rtexit$$00000004)
    .emb_text                                0x08000268   Section      182  port.o(.emb_text)
    $v0                                      0x08000268   Number         0  port.o(.emb_text)
    .text                                    0x08000320   Section       64  startup_stm32f4xx.o(.text)
    $v0                                      0x08000320   Number         0  startup_stm32f4xx.o(.text)
    .text                                    0x08000360   Section        0  system_stm32f4xx.o(.text)
    SetSysClock                              0x08000361   Thumb Code   220  system_stm32f4xx.o(.text)
    .text                                    0x08000570   Section        0  main.o(.text)
    vBrewTask0                               0x08000751   Thumb Code   174  main.o(.text)
    vBrewTask1                               0x080007ff   Thumb Code   184  main.o(.text)
    vScheduler                               0x080008b7   Thumb Code  1114  main.o(.text)
    .text                                    0x08001224   Section        0  discoveryf4utils.o(.text)
    .text                                    0x0800144c   Section        0  stm32f4xx_it.o(.text)
    .text                                    0x08001460   Section        0  codec.o(.text)
    .text                                    0x0800187c   Section        0  list.o(.text)
    .text                                    0x08001910   Section        0  queue.o(.text)
    prvInitialiseNewQueue                    0x080019a3   Thumb Code    42  queue.o(.text)
    prvUnlockQueue                           0x08001a25   Thumb Code   126  queue.o(.text)
    prvIsQueueFull                           0x08001aa3   Thumb Code    30  queue.o(.text)
    prvCopyDataToQueue                       0x08001ac1   Thumb Code   124  queue.o(.text)
    prvInitialiseMutex                       0x08001ce1   Thumb Code    28  queue.o(.text)
    prvIsQueueEmpty                          0x08001d6b   Thumb Code    26  queue.o(.text)
    prvCopyDataFromQueue                     0x08001d85   Thumb Code    42  queue.o(.text)
    .text                                    0x08002540   Section        0  tasks.o(.text)
    prvInitialiseTaskLists                   0x08002541   Thumb Code    70  tasks.o(.text)
    prvAddNewTaskToReadyList                 0x08002587   Thumb Code   156  tasks.o(.text)
    prvInitialiseNewTask                     0x08002623   Thumb Code   180  tasks.o(.text)
    prvResetNextTaskUnblockTime              0x08002737   Thumb Code    42  tasks.o(.text)
    prvDeleteTCB                             0x08002761   Thumb Code    18  tasks.o(.text)
    prvAddCurrentTaskToDelayedList           0x08002a83   Thumb Code   124  tasks.o(.text)
    prvTaskIsTaskSuspended                   0x08002f6d   Thumb Code    80  tasks.o(.text)
    prvCheckTasksWaitingTermination          0x080030db   Thumb Code    86  tasks.o(.text)
    prvIdleTask                              0x08003131   Thumb Code    32  tasks.o(.text)
    prvTaskCheckFreeStackSpace               0x08003279   Thumb Code    22  tasks.o(.text)
    prvListTasksWithinSingleList             0x08003301   Thumb Code   106  tasks.o(.text)
    .text                                    0x08003d04   Section        0  timers.o(.text)
    prvInsertTimerInActiveList               0x08003d05   Thumb Code    80  timers.o(.text)
    prvSwitchTimerLists                      0x08003dd3   Thumb Code   150  timers.o(.text)
    prvSampleTimeNow                         0x08003e69   Thumb Code    40  timers.o(.text)
    prvProcessReceivedCommands               0x08003e91   Thumb Code   242  timers.o(.text)
    prvProcessExpiredTimer                   0x08003f83   Thumb Code    94  timers.o(.text)
    prvProcessTimerOrBlockTask               0x08003fe1   Thumb Code   102  timers.o(.text)
    prvGetNextExpireTime                     0x08004047   Thumb Code    36  timers.o(.text)
    prvTimerTask                             0x0800406b   Thumb Code    26  timers.o(.text)
    prvCheckForValidListAndQueue             0x08004085   Thumb Code    72  timers.o(.text)
    prvInitialiseNewTimer                    0x08004145   Thumb Code    78  timers.o(.text)
    .text                                    0x080042e4   Section        0  port.o(.text)
    prvTaskExitError                         0x080042e5   Thumb Code    60  port.o(.text)
    .text                                    0x080045f0   Section        0  heap_2.o(.text)
    prvHeapInit                              0x080045f1   Thumb Code    38  heap_2.o(.text)
    .text                                    0x08004714   Section        0  misc.o(.text)
    .text                                    0x080047f4   Section        0  stm32f4xx_exti.o(.text)
    .text                                    0x08004904   Section        0  stm32f4xx_gpio.o(.text)
    .text                                    0x08004b98   Section        0  stm32f4xx_i2c.o(.text)
    .text                                    0x08004ff0   Section        0  stm32f4xx_rcc.o(.text)
    .text                                    0x08005624   Section        0  stm32f4xx_spi.o(.text)
    .text                                    0x08005a74   Section        0  stm32f4xx_syscfg.o(.text)
    .text                                    0x08005b08   Section        0  stm32f4xx_usart.o(.text)
    .text                                    0x08005f5c   Section      138  rt_memcpy_v6.o(.text)
    .text                                    0x08005fe6   Section      100  rt_memcpy_w.o(.text)
    .text                                    0x0800604a   Section       16  aeabi_memset.o(.text)
    .text                                    0x0800605a   Section        0  heapauxi.o(.text)
    .text                                    0x08006060   Section       68  rt_memclr.o(.text)
    .text                                    0x080060a4   Section       78  rt_memclr_w.o(.text)
    .text                                    0x080060f2   Section       74  sys_stackheap_outer.o(.text)
    .text                                    0x0800613c   Section        0  exit.o(.text)
    .text                                    0x08006150   Section        8  libspace.o(.text)
    .text                                    0x08006158   Section        0  sys_exit.o(.text)
    .text                                    0x08006164   Section        2  use_no_semi.o(.text)
    .text                                    0x08006166   Section        0  indicate_semi.o(.text)
    x$fpl$d2f                                0x08006168   Section       98  d2f.o(x$fpl$d2f)
    $v0                                      0x08006168   Number         0  d2f.o(x$fpl$d2f)
    x$fpl$dadd                               0x080061cc   Section      336  daddsub_clz.o(x$fpl$dadd)
    $v0                                      0x080061cc   Number         0  daddsub_clz.o(x$fpl$dadd)
    _dadd1                                   0x080061dd   Thumb Code     0  daddsub_clz.o(x$fpl$dadd)
    x$fpl$dcmpinf                            0x0800631c   Section       24  dcmpi.o(x$fpl$dcmpinf)
    $v0                                      0x0800631c   Number         0  dcmpi.o(x$fpl$dcmpinf)
    x$fpl$dfix                               0x08006334   Section       94  dfix.o(x$fpl$dfix)
    $v0                                      0x08006334   Number         0  dfix.o(x$fpl$dfix)
    x$fpl$dleqf                              0x08006394   Section      120  dleqf.o(x$fpl$dleqf)
    $v0                                      0x08006394   Number         0  dleqf.o(x$fpl$dleqf)
    x$fpl$dmul                               0x0800640c   Section      340  dmul.o(x$fpl$dmul)
    $v0                                      0x0800640c   Number         0  dmul.o(x$fpl$dmul)
    x$fpl$dnaninf                            0x08006560   Section      156  dnaninf.o(x$fpl$dnaninf)
    $v0                                      0x08006560   Number         0  dnaninf.o(x$fpl$dnaninf)
    x$fpl$dretinf                            0x080065fc   Section       12  dretinf.o(x$fpl$dretinf)
    $v0                                      0x080065fc   Number         0  dretinf.o(x$fpl$dretinf)
    x$fpl$drleqf                             0x08006608   Section      108  drleqf.o(x$fpl$drleqf)
    $v0                                      0x08006608   Number         0  drleqf.o(x$fpl$drleqf)
    x$fpl$dsub                               0x08006674   Section      468  daddsub_clz.o(x$fpl$dsub)
    $v0                                      0x08006674   Number         0  daddsub_clz.o(x$fpl$dsub)
    _dsub1                                   0x08006685   Thumb Code     0  daddsub_clz.o(x$fpl$dsub)
    x$fpl$f2d                                0x08006848   Section       86  f2d.o(x$fpl$f2d)
    $v0                                      0x08006848   Number         0  f2d.o(x$fpl$f2d)
    x$fpl$fnaninf                            0x0800689e   Section      140  fnaninf.o(x$fpl$fnaninf)
    $v0                                      0x0800689e   Number         0  fnaninf.o(x$fpl$fnaninf)
    x$fpl$fpinit                             0x0800692a   Section       10  fpinit.o(x$fpl$fpinit)
    $v0                                      0x0800692a   Number         0  fpinit.o(x$fpl$fpinit)
    x$fpl$fretinf                            0x08006934   Section       10  fretinf.o(x$fpl$fretinf)
    $v0                                      0x08006934   Number         0  fretinf.o(x$fpl$fretinf)
    x$fpl$usenofp                            0x0800693e   Section        0  usenofp.o(x$fpl$usenofp)
    .constdata                               0x08006940   Section       64  discoveryf4utils.o(.constdata)
    .data                                    0x20000000   Section       20  system_stm32f4xx.o(.data)
    .data                                    0x20000018   Section      124  main.o(.data)
    xHigherPriorityTaskWoken                 0x20000090   Data           4  main.o(.data)
    .data                                    0x20000094   Section       36  discoveryf4utils.o(.data)
    .data                                    0x200000b8   Section       60  tasks.o(.data)
    pxDelayedTaskList                        0x200000bc   Data           4  tasks.o(.data)
    pxOverflowDelayedTaskList                0x200000c0   Data           4  tasks.o(.data)
    uxDeletedTasksWaitingCleanUp             0x200000c4   Data           4  tasks.o(.data)
    uxCurrentNumberOfTasks                   0x200000c8   Data           4  tasks.o(.data)
    xTickCount                               0x200000cc   Data           4  tasks.o(.data)
    uxTopReadyPriority                       0x200000d0   Data           4  tasks.o(.data)
    xSchedulerRunning                        0x200000d4   Data           4  tasks.o(.data)
    uxPendedTicks                            0x200000d8   Data           4  tasks.o(.data)
    xYieldPending                            0x200000dc   Data           4  tasks.o(.data)
    xNumOfOverflows                          0x200000e0   Data           4  tasks.o(.data)
    uxTaskNumber                             0x200000e4   Data           4  tasks.o(.data)
    xNextTaskUnblockTime                     0x200000e8   Data           4  tasks.o(.data)
    xIdleTaskHandle                          0x200000ec   Data           4  tasks.o(.data)
    uxSchedulerSuspended                     0x200000f0   Data           4  tasks.o(.data)
    .data                                    0x200000f4   Section       20  timers.o(.data)
    pxCurrentTimerList                       0x200000f4   Data           4  timers.o(.data)
    pxOverflowTimerList                      0x200000f8   Data           4  timers.o(.data)
    xTimerQueue                              0x200000fc   Data           4  timers.o(.data)
    xTimerTaskHandle                         0x20000100   Data           4  timers.o(.data)
    xLastTime                                0x20000104   Data           4  timers.o(.data)
    .data                                    0x20000108   Section       12  port.o(.data)
    uxCriticalNesting                        0x20000108   Data           4  port.o(.data)
    ucMaxSysCallPriority                     0x2000010c   Data           1  port.o(.data)
    ulMaxPRIGROUPValue                       0x20000110   Data           4  port.o(.data)
    .data                                    0x20000114   Section       24  heap_2.o(.data)
    xStart                                   0x20000114   Data           8  heap_2.o(.data)
    xEnd                                     0x2000011c   Data           8  heap_2.o(.data)
    xFreeBytesRemaining                      0x20000124   Data           4  heap_2.o(.data)
    xHeapHasBeenInitialised                  0x20000128   Data           4  heap_2.o(.data)
    .data                                    0x2000012c   Section       16  stm32f4xx_rcc.o(.data)
    APBAHBPrescTable                         0x2000012c   Data          16  stm32f4xx_rcc.o(.data)
    .bss                                     0x2000013c   Section      372  main.o(.bss)
    .bss                                     0x200002b0   Section       64  queue.o(.bss)
    .bss                                     0x200002f0   Section      200  tasks.o(.bss)
    pxReadyTasksLists                        0x200002f0   Data         100  tasks.o(.bss)
    xDelayedTaskList1                        0x20000354   Data          20  tasks.o(.bss)
    xDelayedTaskList2                        0x20000368   Data          20  tasks.o(.bss)
    xPendingReadyList                        0x2000037c   Data          20  tasks.o(.bss)
    xTasksWaitingTermination                 0x20000390   Data          20  tasks.o(.bss)
    xSuspendedTaskList                       0x200003a4   Data          20  tasks.o(.bss)
    .bss                                     0x200003b8   Section       40  timers.o(.bss)
    xActiveTimerList1                        0x200003b8   Data          20  timers.o(.bss)
    xActiveTimerList2                        0x200003cc   Data          20  timers.o(.bss)
    .bss                                     0x200003e0   Section    76800  heap_2.o(.bss)
    ucHeap                                   0x200003e0   Data       76800  heap_2.o(.bss)
    .bss                                     0x20012fe0   Section       96  libspace.o(.bss)
    HEAP                                     0x20013040   Section      512  startup_stm32f4xx.o(HEAP)
    Heap_Mem                                 0x20013040   Data         512  startup_stm32f4xx.o(HEAP)
    STACK                                    0x20013240   Section     1024  startup_stm32f4xx.o(STACK)
    Stack_Mem                                0x20013240   Data        1024  startup_stm32f4xx.o(STACK)
    __initial_sp                             0x20013640   Data           0  startup_stm32f4xx.o(STACK)

    Global Symbols

    Symbol Name                              Value     Ov Type        Size  Object(Section)

    BuildAttributes$$THM_ISAv4$E$P$D$K$B$S$7EM$VFPi3$EXTD16$VFPS$VFMA$PE$A:L22UL41UL21$X:L11$S22US41US21$IEEE1$IW$USESV6$~STKCKD$USESV7$~SHL$OSPACE$ROPI$EBA8$UX$STANDARDLIB$REQ8$PRES8$EABIv2 0x00000000   Number         0  anon$$obj.o ABSOLUTE
    __ARM_use_no_argv                        0x00000000   Number         0  main.o ABSOLUTE
    __ARM_exceptions_init                     - Undefined Weak Reference
    __alloca_initialize                       - Undefined Weak Reference
    __arm_preinit_                            - Undefined Weak Reference
    __cpp_initialize__aeabi_                  - Undefined Weak Reference
    __cxa_finalize                            - Undefined Weak Reference
    __rt_locale                               - Undefined Weak Reference
    __sigvec_lookup                           - Undefined Weak Reference
    _atexit_init                              - Undefined Weak Reference
    _call_atexit_fns                          - Undefined Weak Reference
    _clock_init                               - Undefined Weak Reference
    _fp_trap_init                             - Undefined Weak Reference
    _fp_trap_shutdown                         - Undefined Weak Reference
    _get_lc_collate                           - Undefined Weak Reference
    _get_lc_ctype                             - Undefined Weak Reference
    _get_lc_monetary                          - Undefined Weak Reference
    _get_lc_numeric                           - Undefined Weak Reference
    _get_lc_time                              - Undefined Weak Reference
    _getenv_init                              - Undefined Weak Reference
    _handle_redirection                       - Undefined Weak Reference
    _init_alloc                               - Undefined Weak Reference
    _init_user_alloc                          - Undefined Weak Reference
    _initio                                   - Undefined Weak Reference
    _rand_init                                - Undefined Weak Reference
    _signal_finish                            - Undefined Weak Reference
    _signal_init                              - Undefined Weak Reference
    _terminate_alloc                          - Undefined Weak Reference
    _terminate_user_alloc                     - Undefined Weak Reference
    _terminateio                              - Undefined Weak Reference
    __Vectors_Size                           0x00000188   Number         0  startup_stm32f4xx.o ABSOLUTE
    __Vectors                                0x08000000   Data           4  startup_stm32f4xx.o(RESET)
    __Vectors_End                            0x08000188   Data           0  startup_stm32f4xx.o(RESET)
    __main                                   0x08000189   Thumb Code     8  __main.o(!!!main)
    __scatterload                            0x08000191   Thumb Code     0  __scatter.o(!!!scatter)
    __scatterload_rt2                        0x08000191   Thumb Code    44  __scatter.o(!!!scatter)
    __scatterload_rt2_thumb_only             0x08000191   Thumb Code     0  __scatter.o(!!!scatter)
    __scatterload_null                       0x0800019f   Thumb Code     0  __scatter.o(!!!scatter)
    __decompress                             0x080001c5   Thumb Code    90  __dczerorl2.o(!!dczerorl2)
    __decompress1                            0x080001c5   Thumb Code     0  __dczerorl2.o(!!dczerorl2)
    __scatterload_zeroinit                   0x08000221   Thumb Code    28  __scatter_zi.o(!!handler_zi)
    __rt_lib_init                            0x0800023d   Thumb Code     0  libinit.o(.ARM.Collect$$libinit$$00000000)
    __rt_lib_init_fp_1                       0x0800023f   Thumb Code     0  libinit2.o(.ARM.Collect$$libinit$$00000001)
    __rt_lib_init_alloca_1                   0x08000243   Thumb Code     0  libinit2.o(.ARM.Collect$$libinit$$0000002E)
    __rt_lib_init_argv_1                     0x08000243   Thumb Code     0  libinit2.o(.ARM.Collect$$libinit$$0000002C)
    __rt_lib_init_atexit_1                   0x08000243   Thumb Code     0  libinit2.o(.ARM.Collect$$libinit$$0000001B)
    __rt_lib_init_clock_1                    0x08000243   Thumb Code     0  libinit2.o(.ARM.Collect$$libinit$$00000021)
    __rt_lib_init_cpp_1                      0x08000243   Thumb Code     0  libinit2.o(.ARM.Collect$$libinit$$00000032)
    __rt_lib_init_exceptions_1               0x08000243   Thumb Code     0  libinit2.o(.ARM.Collect$$libinit$$00000030)
    __rt_lib_init_fp_trap_1                  0x08000243   Thumb Code     0  libinit2.o(.ARM.Collect$$libinit$$0000001F)
    __rt_lib_init_getenv_1                   0x08000243   Thumb Code     0  libinit2.o(.ARM.Collect$$libinit$$00000023)
    __rt_lib_init_heap_1                     0x08000243   Thumb Code     0  libinit2.o(.ARM.Collect$$libinit$$0000000A)
    __rt_lib_init_lc_collate_1               0x08000243   Thumb Code     0  libinit2.o(.ARM.Collect$$libinit$$00000011)
    __rt_lib_init_lc_ctype_1                 0x08000243   Thumb Code     0  libinit2.o(.ARM.Collect$$libinit$$00000013)
    __rt_lib_init_lc_monetary_1              0x08000243   Thumb Code     0  libinit2.o(.ARM.Collect$$libinit$$00000015)
    __rt_lib_init_lc_numeric_1               0x08000243   Thumb Code     0  libinit2.o(.ARM.Collect$$libinit$$00000017)
    __rt_lib_init_lc_time_1                  0x08000243   Thumb Code     0  libinit2.o(.ARM.Collect$$libinit$$00000019)
    __rt_lib_init_preinit_1                  0x08000243   Thumb Code     0  libinit2.o(.ARM.Collect$$libinit$$00000004)
    __rt_lib_init_rand_1                     0x08000243   Thumb Code     0  libinit2.o(.ARM.Collect$$libinit$$0000000E)
    __rt_lib_init_return                     0x08000243   Thumb Code     0  libinit2.o(.ARM.Collect$$libinit$$00000033)
    __rt_lib_init_signal_1                   0x08000243   Thumb Code     0  libinit2.o(.ARM.Collect$$libinit$$0000001D)
    __rt_lib_init_stdio_1                    0x08000243   Thumb Code     0  libinit2.o(.ARM.Collect$$libinit$$00000025)
    __rt_lib_init_user_alloc_1               0x08000243   Thumb Code     0  libinit2.o(.ARM.Collect$$libinit$$0000000C)
    __rt_lib_shutdown                        0x08000245   Thumb Code     0  libshutdown.o(.ARM.Collect$$libshutdown$$00000000)
    __rt_lib_shutdown_cpp_1                  0x08000247   Thumb Code     0  libshutdown2.o(.ARM.Collect$$libshutdown$$00000002)
    __rt_lib_shutdown_fp_trap_1              0x08000247   Thumb Code     0  libshutdown2.o(.ARM.Collect$$libshutdown$$00000007)
    __rt_lib_shutdown_heap_1                 0x08000247   Thumb Code     0  libshutdown2.o(.ARM.Collect$$libshutdown$$0000000F)
    __rt_lib_shutdown_return                 0x08000247   Thumb Code     0  libshutdown2.o(.ARM.Collect$$libshutdown$$00000010)
    __rt_lib_shutdown_signal_1               0x08000247   Thumb Code     0  libshutdown2.o(.ARM.Collect$$libshutdown$$0000000A)
    __rt_lib_shutdown_stdio_1                0x08000247   Thumb Code     0  libshutdown2.o(.ARM.Collect$$libshutdown$$00000004)
    __rt_lib_shutdown_user_alloc_1           0x08000247   Thumb Code     0  libshutdown2.o(.ARM.Collect$$libshutdown$$0000000C)
    __rt_entry                               0x08000249   Thumb Code     0  __rtentry.o(.ARM.Collect$$rtentry$$00000000)
    __rt_entry_presh_1                       0x08000249   Thumb Code     0  __rtentry2.o(.ARM.Collect$$rtentry$$00000002)
    __rt_entry_sh                            0x08000249   Thumb Code     0  __rtentry4.o(.ARM.Collect$$rtentry$$00000004)
    __rt_entry_li                            0x0800024f   Thumb Code     0  __rtentry2.o(.ARM.Collect$$rtentry$$0000000A)
    __rt_entry_postsh_1                      0x0800024f   Thumb Code     0  __rtentry2.o(.ARM.Collect$$rtentry$$00000009)
    __rt_entry_main                          0x08000253   Thumb Code     0  __rtentry2.o(.ARM.Collect$$rtentry$$0000000D)
    __rt_entry_postli_1                      0x08000253   Thumb Code     0  __rtentry2.o(.ARM.Collect$$rtentry$$0000000C)
    __rt_exit                                0x0800025b   Thumb Code     0  rtexit.o(.ARM.Collect$$rtexit$$00000000)
    __rt_exit_ls                             0x0800025d   Thumb Code     0  rtexit2.o(.ARM.Collect$$rtexit$$00000003)
    __rt_exit_prels_1                        0x0800025d   Thumb Code     0  rtexit2.o(.ARM.Collect$$rtexit$$00000002)
    __rt_exit_exit                           0x08000261   Thumb Code     0  rtexit2.o(.ARM.Collect$$rtexit$$00000004)
    SVC_Handler                              0x08000269   Thumb Code    28  port.o(.emb_text)
    __asm___6_port_c_39a90d8d__prvStartFirstTask 0x08000289   Thumb Code    28  port.o(.emb_text)
    __asm___6_port_c_39a90d8d__prvEnableVFP  0x080002a9   Thumb Code    16  port.o(.emb_text)
    PendSV_Handler                           0x080002bd   Thumb Code    88  port.o(.emb_text)
    vPortGetIPSR                             0x08000319   Thumb Code     6  port.o(.emb_text)
    Reset_Handler                            0x08000321   Thumb Code     8  startup_stm32f4xx.o(.text)
    ADC_IRQHandler                           0x0800033b   Thumb Code     0  startup_stm32f4xx.o(.text)
    CAN1_RX0_IRQHandler                      0x0800033b   Thumb Code     0  startup_stm32f4xx.o(.text)
    CAN1_RX1_IRQHandler                      0x0800033b   Thumb Code     0  startup_stm32f4xx.o(.text)
    CAN1_SCE_IRQHandler                      0x0800033b   Thumb Code     0  startup_stm32f4xx.o(.text)
    CAN1_TX_IRQHandler                       0x0800033b   Thumb Code     0  startup_stm32f4xx.o(.text)
    CAN2_RX0_IRQHandler                      0x0800033b   Thumb Code     0  startup_stm32f4xx.o(.text)
    CAN2_RX1_IRQHandler                      0x0800033b   Thumb Code     0  startup_stm32f4xx.o(.text)
    CAN2_SCE_IRQHandler                      0x0800033b   Thumb Code     0  startup_stm32f4xx.o(.text)
    CAN2_TX_IRQHandler                       0x0800033b   Thumb Code     0  startup_stm32f4xx.o(.text)
    CRYP_IRQHandler                          0x0800033b   Thumb Code     0  startup_stm32f4xx.o(.text)
    DCMI_IRQHandler                          0x0800033b   Thumb Code     0  startup_stm32f4xx.o(.text)
    DMA1_Stream0_IRQHandler                  0x0800033b   Thumb Code     0  startup_stm32f4xx.o(.text)
    DMA1_Stream1_IRQHandler                  0x0800033b   Thumb Code     0  startup_stm32f4xx.o(.text)
    DMA1_Stream2_IRQHandler                  0x0800033b   Thumb Code     0  startup_stm32f4xx.o(.text)
    DMA1_Stream3_IRQHandler                  0x0800033b   Thumb Code     0  startup_stm32f4xx.o(.text)
    DMA1_Stream4_IRQHandler                  0x0800033b   Thumb Code     0  startup_stm32f4xx.o(.text)
    DMA1_Stream5_IRQHandler                  0x0800033b   Thumb Code     0  startup_stm32f4xx.o(.text)
    DMA1_Stream6_IRQHandler                  0x0800033b   Thumb Code     0  startup_stm32f4xx.o(.text)
    DMA1_Stream7_IRQHandler                  0x0800033b   Thumb Code     0  startup_stm32f4xx.o(.text)
    DMA2_Stream0_IRQHandler                  0x0800033b   Thumb Code     0  startup_stm32f4xx.o(.text)
    DMA2_Stream1_IRQHandler                  0x0800033b   Thumb Code     0  startup_stm32f4xx.o(.text)
    DMA2_Stream2_IRQHandler                  0x0800033b   Thumb Code     0  startup_stm32f4xx.o(.text)
    DMA2_Stream3_IRQHandler                  0x0800033b   Thumb Code     0  startup_stm32f4xx.o(.text)
    DMA2_Stream4_IRQHandler                  0x0800033b   Thumb Code     0  startup_stm32f4xx.o(.text)
    DMA2_Stream5_IRQHandler                  0x0800033b   Thumb Code     0  startup_stm32f4xx.o(.text)
    DMA2_Stream6_IRQHandler                  0x0800033b   Thumb Code     0  startup_stm32f4xx.o(.text)
    DMA2_Stream7_IRQHandler                  0x0800033b   Thumb Code     0  startup_stm32f4xx.o(.text)
    ETH_IRQHandler                           0x0800033b   Thumb Code     0  startup_stm32f4xx.o(.text)
    ETH_WKUP_IRQHandler                      0x0800033b   Thumb Code     0  startup_stm32f4xx.o(.text)
    EXTI15_10_IRQHandler                     0x0800033b   Thumb Code     0  startup_stm32f4xx.o(.text)
    EXTI1_IRQHandler                         0x0800033b   Thumb Code     0  startup_stm32f4xx.o(.text)
    EXTI2_IRQHandler                         0x0800033b   Thumb Code     0  startup_stm32f4xx.o(.text)
    EXTI3_IRQHandler                         0x0800033b   Thumb Code     0  startup_stm32f4xx.o(.text)
    EXTI4_IRQHandler                         0x0800033b   Thumb Code     0  startup_stm32f4xx.o(.text)
    EXTI9_5_IRQHandler                       0x0800033b   Thumb Code     0  startup_stm32f4xx.o(.text)
    FLASH_IRQHandler                         0x0800033b   Thumb Code     0  startup_stm32f4xx.o(.text)
    FPU_IRQHandler                           0x0800033b   Thumb Code     0  startup_stm32f4xx.o(.text)
    FSMC_IRQHandler                          0x0800033b   Thumb Code     0  startup_stm32f4xx.o(.text)
    HASH_RNG_IRQHandler                      0x0800033b   Thumb Code     0  startup_stm32f4xx.o(.text)
    I2C1_ER_IRQHandler                       0x0800033b   Thumb Code     0  startup_stm32f4xx.o(.text)
    I2C1_EV_IRQHandler                       0x0800033b   Thumb Code     0  startup_stm32f4xx.o(.text)
    I2C2_ER_IRQHandler                       0x0800033b   Thumb Code     0  startup_stm32f4xx.o(.text)
    I2C2_EV_IRQHandler                       0x0800033b   Thumb Code     0  startup_stm32f4xx.o(.text)
    I2C3_ER_IRQHandler                       0x0800033b   Thumb Code     0  startup_stm32f4xx.o(.text)
    I2C3_EV_IRQHandler                       0x0800033b   Thumb Code     0  startup_stm32f4xx.o(.text)
    OTG_FS_IRQHandler                        0x0800033b   Thumb Code     0  startup_stm32f4xx.o(.text)
    OTG_FS_WKUP_IRQHandler                   0x0800033b   Thumb Code     0  startup_stm32f4xx.o(.text)
    OTG_HS_EP1_IN_IRQHandler                 0x0800033b   Thumb Code     0  startup_stm32f4xx.o(.text)
    OTG_HS_EP1_OUT_IRQHandler                0x0800033b   Thumb Code     0  startup_stm32f4xx.o(.text)
    OTG_HS_IRQHandler                        0x0800033b   Thumb Code     0  startup_stm32f4xx.o(.text)
    OTG_HS_WKUP_IRQHandler                   0x0800033b   Thumb Code     0  startup_stm32f4xx.o(.text)
    PVD_IRQHandler                           0x0800033b   Thumb Code     0  startup_stm32f4xx.o(.text)
    RCC_IRQHandler                           0x0800033b   Thumb Code     0  startup_stm32f4xx.o(.text)
    RTC_Alarm_IRQHandler                     0x0800033b   Thumb Code     0  startup_stm32f4xx.o(.text)
    RTC_WKUP_IRQHandler                      0x0800033b   Thumb Code     0  startup_stm32f4xx.o(.text)
    SDIO_IRQHandler                          0x0800033b   Thumb Code     0  startup_stm32f4xx.o(.text)
    SPI1_IRQHandler                          0x0800033b   Thumb Code     0  startup_stm32f4xx.o(.text)
    SPI2_IRQHandler                          0x0800033b   Thumb Code     0  startup_stm32f4xx.o(.text)
    SPI3_IRQHandler                          0x0800033b   Thumb Code     0  startup_stm32f4xx.o(.text)
    TAMP_STAMP_IRQHandler                    0x0800033b   Thumb Code     0  startup_stm32f4xx.o(.text)
    TIM1_BRK_TIM9_IRQHandler                 0x0800033b   Thumb Code     0  startup_stm32f4xx.o(.text)
    TIM1_CC_IRQHandler                       0x0800033b   Thumb Code     0  startup_stm32f4xx.o(.text)
    TIM1_TRG_COM_TIM11_IRQHandler            0x0800033b   Thumb Code     0  startup_stm32f4xx.o(.text)
    TIM1_UP_TIM10_IRQHandler                 0x0800033b   Thumb Code     0  startup_stm32f4xx.o(.text)
    TIM2_IRQHandler                          0x0800033b   Thumb Code     0  startup_stm32f4xx.o(.text)
    TIM3_IRQHandler                          0x0800033b   Thumb Code     0  startup_stm32f4xx.o(.text)
    TIM4_IRQHandler                          0x0800033b   Thumb Code     0  startup_stm32f4xx.o(.text)
    TIM5_IRQHandler                          0x0800033b   Thumb Code     0  startup_stm32f4xx.o(.text)
    TIM6_DAC_IRQHandler                      0x0800033b   Thumb Code     0  startup_stm32f4xx.o(.text)
    TIM7_IRQHandler                          0x0800033b   Thumb Code     0  startup_stm32f4xx.o(.text)
    TIM8_BRK_TIM12_IRQHandler                0x0800033b   Thumb Code     0  startup_stm32f4xx.o(.text)
    TIM8_CC_IRQHandler                       0x0800033b   Thumb Code     0  startup_stm32f4xx.o(.text)
    TIM8_TRG_COM_TIM14_IRQHandler            0x0800033b   Thumb Code     0  startup_stm32f4xx.o(.text)
    TIM8_UP_TIM13_IRQHandler                 0x0800033b   Thumb Code     0  startup_stm32f4xx.o(.text)
    UART4_IRQHandler                         0x0800033b   Thumb Code     0  startup_stm32f4xx.o(.text)
    UART5_IRQHandler                         0x0800033b   Thumb Code     0  startup_stm32f4xx.o(.text)
    USART1_IRQHandler                        0x0800033b   Thumb Code     0  startup_stm32f4xx.o(.text)
    USART2_IRQHandler                        0x0800033b   Thumb Code     0  startup_stm32f4xx.o(.text)
    USART3_IRQHandler                        0x0800033b   Thumb Code     0  startup_stm32f4xx.o(.text)
    USART6_IRQHandler                        0x0800033b   Thumb Code     0  startup_stm32f4xx.o(.text)
    WWDG_IRQHandler                          0x0800033b   Thumb Code     0  startup_stm32f4xx.o(.text)
    __user_initial_stackheap                 0x0800033d   Thumb Code     0  startup_stm32f4xx.o(.text)
    SystemInit                               0x0800043d   Thumb Code    88  system_stm32f4xx.o(.text)
    SystemCoreClockUpdate                    0x08000495   Thumb Code   174  system_stm32f4xx.o(.text)
    TM_Delay_Init                            0x08000571   Thumb Code    22  main.o(.text)
    TM_DelayMillis                           0x08000587   Thumb Code    28  main.o(.text)
    updateFilter                             0x080005a3   Thumb Code    88  main.o(.text)
    initFilter                               0x080005fb   Thumb Code    96  main.o(.text)
    playSound                                0x0800065b   Thumb Code   246  main.o(.text)
    EXTI0_IRQHandler                         0x08000d11   Thumb Code   106  main.o(.text)
    initPlayback                             0x08000d7b   Thumb Code   240  main.o(.text)
    initDelayCoffees                         0x08000e6b   Thumb Code   242  main.o(.text)
    initCoffees                              0x08000f5d   Thumb Code   320  main.o(.text)
    main                                     0x0800109d   Thumb Code   282  main.o(.text)
    STM_EVAL_LEDInit                         0x08001225   Thumb Code    62  discoveryf4utils.o(.text)
    STM_EVAL_LEDOn                           0x08001263   Thumb Code    16  discoveryf4utils.o(.text)
    STM_EVAL_LEDOff                          0x08001273   Thumb Code    16  discoveryf4utils.o(.text)
    STM_EVAL_LEDToggle                       0x08001283   Thumb Code    26  discoveryf4utils.o(.text)
    STM_EVAL_PBInit                          0x0800129d   Thumb Code   140  discoveryf4utils.o(.text)
    STM_EVAL_PBGetState                      0x08001329   Thumb Code    22  discoveryf4utils.o(.text)
    STM_EVAL_COMInit                         0x0800133f   Thumb Code   182  discoveryf4utils.o(.text)
    NMI_Handler                              0x0800144d   Thumb Code     2  stm32f4xx_it.o(.text)
    HardFault_Handler                        0x0800144f   Thumb Code     4  stm32f4xx_it.o(.text)
    MemManage_Handler                        0x08001453   Thumb Code     4  stm32f4xx_it.o(.text)
    BusFault_Handler                         0x08001457   Thumb Code     4  stm32f4xx_it.o(.text)
    UsageFault_Handler                       0x0800145b   Thumb Code     4  stm32f4xx_it.o(.text)
    DebugMon_Handler                         0x0800145f   Thumb Code     2  stm32f4xx_it.o(.text)
    codec_init                               0x08001461   Thumb Code   324  codec.o(.text)
    send_codec_ctrl                          0x080015a5   Thumb Code   130  codec.o(.text)
    read_codec_register                      0x08001627   Thumb Code   206  codec.o(.text)
    codec_ctrl_init                          0x080016f5   Thumb Code   346  codec.o(.text)
    vListInitialise                          0x0800187d   Thumb Code    26  list.o(.text)
    vListInitialiseItem                      0x08001897   Thumb Code     6  list.o(.text)
    vListInsertEnd                           0x0800189d   Thumb Code    24  list.o(.text)
    vListInsert                              0x080018b5   Thumb Code    52  list.o(.text)
    uxListRemove                             0x080018e9   Thumb Code    40  list.o(.text)
    xQueueGenericReset                       0x08001911   Thumb Code   146  queue.o(.text)
    xQueueGenericCreate                      0x080019cd   Thumb Code    88  queue.o(.text)
    xQueueGenericSend                        0x08001b3d   Thumb Code   420  queue.o(.text)
    xQueueCreateMutex                        0x08001cfd   Thumb Code    34  queue.o(.text)
    xQueueGiveMutexRecursive                 0x08001d1f   Thumb Code    76  queue.o(.text)
    xQueueGenericReceive                     0x08001daf   Thumb Code   446  queue.o(.text)
    xQueueTakeMutexRecursive                 0x08001f6d   Thumb Code    82  queue.o(.text)
    xQueueCreateCountingSemaphore            0x08001fbf   Thumb Code    92  queue.o(.text)
    xQueueGenericSendFromISR                 0x0800201b   Thumb Code   248  queue.o(.text)
    xQueueGiveFromISR                        0x08002113   Thumb Code   224  queue.o(.text)
    xQueueReceiveFromISR                     0x080021f3   Thumb Code   210  queue.o(.text)
    xQueuePeekFromISR                        0x080022c5   Thumb Code   176  queue.o(.text)
    uxQueueMessagesWaiting                   0x08002375   Thumb Code    42  queue.o(.text)
    uxQueueSpacesAvailable                   0x0800239f   Thumb Code    48  queue.o(.text)
    uxQueueMessagesWaitingFromISR            0x080023cf   Thumb Code    30  queue.o(.text)
    vQueueUnregisterQueue                    0x080023ed   Thumb Code    44  queue.o(.text)
    vQueueDelete                             0x08002419   Thumb Code    44  queue.o(.text)
    uxQueueGetQueueNumber                    0x08002445   Thumb Code     6  queue.o(.text)
    vQueueSetQueueNumber                     0x0800244b   Thumb Code     4  queue.o(.text)
    ucQueueGetQueueType                      0x0800244f   Thumb Code     8  queue.o(.text)
    xQueueIsQueueEmptyFromISR                0x08002457   Thumb Code    38  queue.o(.text)
    xQueueIsQueueFullFromISR                 0x0800247d   Thumb Code    42  queue.o(.text)
    vQueueAddToRegistry                      0x080024a7   Thumb Code    38  queue.o(.text)
    pcQueueGetName                           0x080024cd   Thumb Code    38  queue.o(.text)
    vQueueWaitForMessageRestricted           0x080024f3   Thumb Code    74  queue.o(.text)
    xTaskCreate                              0x080026d7   Thumb Code    96  tasks.o(.text)
    vTaskDelete                              0x08002773   Thumb Code   202  tasks.o(.text)
    xTaskIncrementTick                       0x0800283d   Thumb Code   358  tasks.o(.text)
    xTaskResumeAll                           0x080029a3   Thumb Code   224  tasks.o(.text)
    vTaskSuspendAll                          0x08002aff   Thumb Code    12  tasks.o(.text)
    vTaskDelayUntil                          0x08002b0b   Thumb Code   200  tasks.o(.text)
    vTaskDelay                               0x08002bd3   Thumb Code    82  tasks.o(.text)
    eTaskGetState                            0x08002c25   Thumb Code   112  tasks.o(.text)
    uxTaskPriorityGet                        0x08002c95   Thumb Code    30  tasks.o(.text)
    uxTaskPriorityGetFromISR                 0x08002cb3   Thumb Code    62  tasks.o(.text)
    vTaskPrioritySet                         0x08002cf1   Thumb Code   322  tasks.o(.text)
    vTaskSwitchContext                       0x08002e33   Thumb Code   118  tasks.o(.text)
    vTaskSuspend                             0x08002ea9   Thumb Code   196  tasks.o(.text)
    vTaskResume                              0x08002fbd   Thumb Code   128  tasks.o(.text)
    xTaskResumeFromISR                       0x0800303d   Thumb Code   158  tasks.o(.text)
    vTaskStartScheduler                      0x08003151   Thumb Code   192  tasks.o(.text)
    vTaskEndScheduler                        0x08003211   Thumb Code    32  tasks.o(.text)
    xTaskGetTickCount                        0x08003231   Thumb Code     6  tasks.o(.text)
    xTaskGetTickCountFromISR                 0x08003237   Thumb Code    16  tasks.o(.text)
    uxTaskGetNumberOfTasks                   0x08003247   Thumb Code     6  tasks.o(.text)
    pcTaskGetName                            0x0800324d   Thumb Code    44  tasks.o(.text)
    vTaskGetInfo                             0x0800328f   Thumb Code   114  tasks.o(.text)
    uxTaskGetSystemState                     0x0800336b   Thumb Code   152  tasks.o(.text)
    vTaskPlaceOnEventList                    0x08003403   Thumb Code    52  tasks.o(.text)
    vTaskPlaceOnUnorderedEventList           0x08003437   Thumb Code   100  tasks.o(.text)
    vTaskPlaceOnEventListRestricted          0x0800349b   Thumb Code    60  tasks.o(.text)
    xTaskRemoveFromEventList                 0x080034d7   Thumb Code   128  tasks.o(.text)
    xTaskRemoveFromUnorderedEventList        0x08003557   Thumb Code   154  tasks.o(.text)
    vTaskSetTimeOutState                     0x080035f1   Thumb Code    90  tasks.o(.text)
    xTaskCheckForTimeOut                     0x0800364b   Thumb Code   132  tasks.o(.text)
    vTaskMissedYield                         0x080036cf   Thumb Code     8  tasks.o(.text)
    uxTaskGetTaskNumber                      0x080036d7   Thumb Code    14  tasks.o(.text)
    vTaskSetTaskNumber                       0x080036e5   Thumb Code     8  tasks.o(.text)
    xTaskGetCurrentTaskHandle                0x080036ed   Thumb Code     6  tasks.o(.text)
    xTaskGetSchedulerState                   0x080036f3   Thumb Code    24  tasks.o(.text)
    vTaskPriorityInherit                     0x0800370b   Thumb Code   164  tasks.o(.text)
    xTaskPriorityDisinherit                  0x080037af   Thumb Code   188  tasks.o(.text)
    uxTaskResetEventItemValue                0x0800386b   Thumb Code    24  tasks.o(.text)
    pvTaskIncrementMutexHeldCount            0x08003883   Thumb Code    26  tasks.o(.text)
    ulTaskNotifyTake                         0x0800389d   Thumb Code   108  tasks.o(.text)
    xTaskNotifyWait                          0x08003909   Thumb Code   150  tasks.o(.text)
    xTaskGenericNotify                       0x0800399f   Thumb Code   280  tasks.o(.text)
    xTaskGenericNotifyFromISR                0x08003ab7   Thumb Code   298  tasks.o(.text)
    vTaskNotifyGiveFromISR                   0x08003be1   Thumb Code   216  tasks.o(.text)
    xTaskNotifyStateClear                    0x08003cb9   Thumb Code    48  tasks.o(.text)
    xTimerGenericCommand                     0x08003d55   Thumb Code   126  timers.o(.text)
    xTimerCreateTimerTask                    0x080040cd   Thumb Code   120  timers.o(.text)
    xTimerCreate                             0x08004193   Thumb Code    48  timers.o(.text)
    xTimerGetTimerDaemonTaskHandle           0x080041c3   Thumb Code    42  timers.o(.text)
    xTimerGetPeriod                          0x080041ed   Thumb Code    32  timers.o(.text)
    xTimerGetExpiryTime                      0x0800420d   Thumb Code    34  timers.o(.text)
    pcTimerGetName                           0x0800422f   Thumb Code    32  timers.o(.text)
    xTimerIsTimerActive                      0x0800424f   Thumb Code    56  timers.o(.text)
    pvTimerGetTimerID                        0x08004287   Thumb Code    44  timers.o(.text)
    vTimerSetTimerID                         0x080042b3   Thumb Code    44  timers.o(.text)
    pxPortInitialiseStack                    0x08004321   Thumb Code    38  port.o(.text)
    vPortSetupTimerInterrupt                 0x08004347   Thumb Code    26  port.o(.text)
    xPortStartScheduler                      0x08004361   Thumb Code   288  port.o(.text)
    vPortEndScheduler                        0x08004481   Thumb Code    42  port.o(.text)
    vPortEnterCritical                       0x080044ab   Thumb Code    78  port.o(.text)
    vPortExitCritical                        0x080044f9   Thumb Code    56  port.o(.text)
    SysTick_Handler                          0x08004531   Thumb Code    48  port.o(.text)
    vPortValidateInterruptPriority           0x08004561   Thumb Code   108  port.o(.text)
    pvPortMalloc                             0x08004617   Thumb Code   164  heap_2.o(.text)
    vPortFree                                0x080046bb   Thumb Code    56  heap_2.o(.text)
    xPortGetFreeHeapSize                     0x080046f3   Thumb Code     6  heap_2.o(.text)
    vPortInitialiseBlocks                    0x080046f9   Thumb Code     2  heap_2.o(.text)
    NVIC_PriorityGroupConfig                 0x08004715   Thumb Code    10  misc.o(.text)
    NVIC_Init                                0x0800471f   Thumb Code   106  misc.o(.text)
    NVIC_SetVectorTable                      0x08004789   Thumb Code    14  misc.o(.text)
    NVIC_SystemLPConfig                      0x08004797   Thumb Code    34  misc.o(.text)
    SysTick_CLKSourceConfig                  0x080047b9   Thumb Code    40  misc.o(.text)
    EXTI_DeInit                              0x080047f5   Thumb Code    28  stm32f4xx_exti.o(.text)
    EXTI_Init                                0x08004811   Thumb Code   142  stm32f4xx_exti.o(.text)
    EXTI_StructInit                          0x0800489f   Thumb Code    16  stm32f4xx_exti.o(.text)
    EXTI_GenerateSWInterrupt                 0x080048af   Thumb Code    16  stm32f4xx_exti.o(.text)
    EXTI_GetFlagStatus                       0x080048bf   Thumb Code    22  stm32f4xx_exti.o(.text)
    EXTI_ClearFlag                           0x080048d5   Thumb Code     8  stm32f4xx_exti.o(.text)
    EXTI_GetITStatus                         0x080048dd   Thumb Code    22  stm32f4xx_exti.o(.text)
    EXTI_ClearITPendingBit                   0x080048f3   Thumb Code     8  stm32f4xx_exti.o(.text)
    GPIO_DeInit                              0x08004905   Thumb Code   268  stm32f4xx_gpio.o(.text)
    GPIO_Init                                0x08004a11   Thumb Code   144  stm32f4xx_gpio.o(.text)
    GPIO_StructInit                          0x08004aa1   Thumb Code    18  stm32f4xx_gpio.o(.text)
    GPIO_PinLockConfig                       0x08004ab3   Thumb Code    34  stm32f4xx_gpio.o(.text)
    GPIO_ReadInputDataBit                    0x08004ad5   Thumb Code    18  stm32f4xx_gpio.o(.text)
    GPIO_ReadInputData                       0x08004ae7   Thumb Code     8  stm32f4xx_gpio.o(.text)
    GPIO_ReadOutputDataBit                   0x08004aef   Thumb Code    18  stm32f4xx_gpio.o(.text)
    GPIO_ReadOutputData                      0x08004b01   Thumb Code     8  stm32f4xx_gpio.o(.text)
    GPIO_SetBits                             0x08004b09   Thumb Code     4  stm32f4xx_gpio.o(.text)
    GPIO_ResetBits                           0x08004b0d   Thumb Code     4  stm32f4xx_gpio.o(.text)
    GPIO_WriteBit                            0x08004b11   Thumb Code    10  stm32f4xx_gpio.o(.text)
    GPIO_Write                               0x08004b1b   Thumb Code     4  stm32f4xx_gpio.o(.text)
    GPIO_ToggleBits                          0x08004b1f   Thumb Code     8  stm32f4xx_gpio.o(.text)
    GPIO_PinAFConfig                         0x08004b27   Thumb Code    70  stm32f4xx_gpio.o(.text)
    I2C_DeInit                               0x08004b99   Thumb Code    82  stm32f4xx_i2c.o(.text)
    I2C_Init                                 0x08004beb   Thumb Code   218  stm32f4xx_i2c.o(.text)
    I2C_StructInit                           0x08004cc5   Thumb Code    30  stm32f4xx_i2c.o(.text)
    I2C_Cmd                                  0x08004ce3   Thumb Code    24  stm32f4xx_i2c.o(.text)
    I2C_AnalogFilterCmd                      0x08004cfb   Thumb Code    24  stm32f4xx_i2c.o(.text)
    I2C_DigitalFilterConfig                  0x08004d13   Thumb Code    22  stm32f4xx_i2c.o(.text)
    I2C_GenerateSTART                        0x08004d29   Thumb Code    24  stm32f4xx_i2c.o(.text)
    I2C_GenerateSTOP                         0x08004d41   Thumb Code    24  stm32f4xx_i2c.o(.text)
    I2C_Send7bitAddress                      0x08004d59   Thumb Code    16  stm32f4xx_i2c.o(.text)
    I2C_AcknowledgeConfig                    0x08004d69   Thumb Code    24  stm32f4xx_i2c.o(.text)
    I2C_OwnAddress2Config                    0x08004d81   Thumb Code    22  stm32f4xx_i2c.o(.text)
    I2C_DualAddressCmd                       0x08004d97   Thumb Code    24  stm32f4xx_i2c.o(.text)
    I2C_GeneralCallCmd                       0x08004daf   Thumb Code    24  stm32f4xx_i2c.o(.text)
    I2C_SoftwareResetCmd                     0x08004dc7   Thumb Code    22  stm32f4xx_i2c.o(.text)
    I2C_StretchClockCmd                      0x08004ddd   Thumb Code    24  stm32f4xx_i2c.o(.text)
    I2C_FastModeDutyCycleConfig              0x08004df5   Thumb Code    28  stm32f4xx_i2c.o(.text)
    I2C_NACKPositionConfig                   0x08004e11   Thumb Code    28  stm32f4xx_i2c.o(.text)
    I2C_SMBusAlertConfig                     0x08004e2d   Thumb Code    28  stm32f4xx_i2c.o(.text)
    I2C_ARPCmd                               0x08004e49   Thumb Code    24  stm32f4xx_i2c.o(.text)
    I2C_SendData                             0x08004e61   Thumb Code     4  stm32f4xx_i2c.o(.text)
    I2C_ReceiveData                          0x08004e65   Thumb Code     8  stm32f4xx_i2c.o(.text)
    I2C_TransmitPEC                          0x08004e6d   Thumb Code    24  stm32f4xx_i2c.o(.text)
    I2C_PECPositionConfig                    0x08004e85   Thumb Code    28  stm32f4xx_i2c.o(.text)
    I2C_CalculatePEC                         0x08004ea1   Thumb Code    24  stm32f4xx_i2c.o(.text)
    I2C_GetPEC                               0x08004eb9   Thumb Code     8  stm32f4xx_i2c.o(.text)
    I2C_DMACmd                               0x08004ec1   Thumb Code    24  stm32f4xx_i2c.o(.text)
    I2C_DMALastTransferCmd                   0x08004ed9   Thumb Code    24  stm32f4xx_i2c.o(.text)
    I2C_ReadRegister                         0x08004ef1   Thumb Code    22  stm32f4xx_i2c.o(.text)
    I2C_ITConfig                             0x08004f07   Thumb Code    18  stm32f4xx_i2c.o(.text)
    I2C_CheckEvent                           0x08004f19   Thumb Code    42  stm32f4xx_i2c.o(.text)
    I2C_GetLastEvent                         0x08004f43   Thumb Code    26  stm32f4xx_i2c.o(.text)
    I2C_GetFlagStatus                        0x08004f5d   Thumb Code    84  stm32f4xx_i2c.o(.text)
    I2C_ClearFlag                            0x08004fb1   Thumb Code    12  stm32f4xx_i2c.o(.text)
    I2C_GetITStatus                          0x08004fbd   Thumb Code    38  stm32f4xx_i2c.o(.text)
    I2C_ClearITPendingBit                    0x08004fe3   Thumb Code    12  stm32f4xx_i2c.o(.text)
    RCC_DeInit                               0x08004ff1   Thumb Code    82  stm32f4xx_rcc.o(.text)
    RCC_HSEConfig                            0x08005043   Thumb Code    14  stm32f4xx_rcc.o(.text)
    RCC_GetFlagStatus                        0x08005051   Thumb Code    60  stm32f4xx_rcc.o(.text)
    RCC_WaitForHSEStartUp                    0x0800508d   Thumb Code    56  stm32f4xx_rcc.o(.text)
    RCC_AdjustHSICalibrationValue            0x080050c5   Thumb Code    20  stm32f4xx_rcc.o(.text)
    RCC_HSICmd                               0x080050d9   Thumb Code     6  stm32f4xx_rcc.o(.text)
    RCC_LSEConfig                            0x080050df   Thumb Code    46  stm32f4xx_rcc.o(.text)
    RCC_LSICmd                               0x0800510d   Thumb Code     6  stm32f4xx_rcc.o(.text)
    RCC_PLLConfig                            0x08005113   Thumb Code    32  stm32f4xx_rcc.o(.text)
    RCC_PLLCmd                               0x08005133   Thumb Code     6  stm32f4xx_rcc.o(.text)
    RCC_PLLI2SConfig                         0x08005139   Thumb Code    14  stm32f4xx_rcc.o(.text)
    RCC_PLLI2SCmd                            0x08005147   Thumb Code     6  stm32f4xx_rcc.o(.text)
    RCC_PLLSAIConfig                         0x0800514d   Thumb Code    20  stm32f4xx_rcc.o(.text)
    RCC_PLLSAICmd                            0x08005161   Thumb Code     6  stm32f4xx_rcc.o(.text)
    RCC_ClockSecuritySystemCmd               0x08005167   Thumb Code     6  stm32f4xx_rcc.o(.text)
    RCC_MCO1Config                           0x0800516d   Thumb Code    28  stm32f4xx_rcc.o(.text)
    RCC_MCO2Config                           0x08005189   Thumb Code    28  stm32f4xx_rcc.o(.text)
    RCC_SYSCLKConfig                         0x080051a5   Thumb Code    20  stm32f4xx_rcc.o(.text)
    RCC_GetSYSCLKSource                      0x080051b9   Thumb Code    12  stm32f4xx_rcc.o(.text)
    RCC_HCLKConfig                           0x080051c5   Thumb Code    20  stm32f4xx_rcc.o(.text)
    RCC_PCLK1Config                          0x080051d9   Thumb Code    20  stm32f4xx_rcc.o(.text)
    RCC_PCLK2Config                          0x080051ed   Thumb Code    22  stm32f4xx_rcc.o(.text)
    RCC_GetClocksFreq                        0x08005203   Thumb Code   222  stm32f4xx_rcc.o(.text)
    RCC_RTCCLKConfig                         0x080052e1   Thumb Code    54  stm32f4xx_rcc.o(.text)
    RCC_RTCCLKCmd                            0x08005317   Thumb Code     8  stm32f4xx_rcc.o(.text)
    RCC_BackupResetCmd                       0x0800531f   Thumb Code     8  stm32f4xx_rcc.o(.text)
    RCC_I2SCLKConfig                         0x08005327   Thumb Code     6  stm32f4xx_rcc.o(.text)
    RCC_SAIPLLI2SClkDivConfig                0x0800532d   Thumb Code    26  stm32f4xx_rcc.o(.text)
    RCC_SAIPLLSAIClkDivConfig                0x08005347   Thumb Code    28  stm32f4xx_rcc.o(.text)
    RCC_SAIBlockACLKConfig                   0x08005363   Thumb Code    20  stm32f4xx_rcc.o(.text)
    RCC_SAIBlockBCLKConfig                   0x08005377   Thumb Code    20  stm32f4xx_rcc.o(.text)
    RCC_LTDCCLKDivConfig                     0x0800538b   Thumb Code    20  stm32f4xx_rcc.o(.text)
    RCC_TIMCLKPresConfig                     0x0800539f   Thumb Code     6  stm32f4xx_rcc.o(.text)
    RCC_AHB1PeriphClockCmd                   0x080053a5   Thumb Code    34  stm32f4xx_rcc.o(.text)
    RCC_AHB2PeriphClockCmd                   0x080053c7   Thumb Code    78  stm32f4xx_rcc.o(.text)
    RCC_AHB3PeriphClockCmd                   0x08005415   Thumb Code    34  stm32f4xx_rcc.o(.text)
    RCC_APB1PeriphClockCmd                   0x08005437   Thumb Code    34  stm32f4xx_rcc.o(.text)
    RCC_APB2PeriphClockCmd                   0x08005459   Thumb Code    34  stm32f4xx_rcc.o(.text)
    RCC_AHB1PeriphResetCmd                   0x0800547b   Thumb Code    34  stm32f4xx_rcc.o(.text)
    RCC_AHB2PeriphResetCmd                   0x0800549d   Thumb Code    34  stm32f4xx_rcc.o(.text)
    RCC_AHB3PeriphResetCmd                   0x080054bf   Thumb Code    34  stm32f4xx_rcc.o(.text)
    RCC_APB1PeriphResetCmd                   0x080054e1   Thumb Code    34  stm32f4xx_rcc.o(.text)
    RCC_APB2PeriphResetCmd                   0x08005503   Thumb Code    34  stm32f4xx_rcc.o(.text)
    RCC_AHB1PeriphClockLPModeCmd             0x08005525   Thumb Code    34  stm32f4xx_rcc.o(.text)
    RCC_AHB2PeriphClockLPModeCmd             0x08005547   Thumb Code    34  stm32f4xx_rcc.o(.text)
    RCC_AHB3PeriphClockLPModeCmd             0x08005569   Thumb Code    34  stm32f4xx_rcc.o(.text)
    RCC_APB1PeriphClockLPModeCmd             0x0800558b   Thumb Code    34  stm32f4xx_rcc.o(.text)
    RCC_APB2PeriphClockLPModeCmd             0x080055ad   Thumb Code    34  stm32f4xx_rcc.o(.text)
    RCC_ITConfig                             0x080055cf   Thumb Code    34  stm32f4xx_rcc.o(.text)
    RCC_ClearFlag                            0x080055f1   Thumb Code    18  stm32f4xx_rcc.o(.text)
    RCC_GetITStatus                          0x08005603   Thumb Code    22  stm32f4xx_rcc.o(.text)
    RCC_ClearITPendingBit                    0x08005619   Thumb Code     8  stm32f4xx_rcc.o(.text)
    SPI_I2S_DeInit                           0x08005625   Thumb Code   152  stm32f4xx_spi.o(.text)
    SPI_Init                                 0x080056bd   Thumb Code    60  stm32f4xx_spi.o(.text)
    I2S_Init                                 0x080056f9   Thumb Code   350  stm32f4xx_spi.o(.text)
    SPI_StructInit                           0x08005857   Thumb Code    24  stm32f4xx_spi.o(.text)
    I2S_StructInit                           0x0800586f   Thumb Code    20  stm32f4xx_spi.o(.text)
    SPI_Cmd                                  0x08005883   Thumb Code    24  stm32f4xx_spi.o(.text)
    I2S_Cmd                                  0x0800589b   Thumb Code    24  stm32f4xx_spi.o(.text)
    SPI_DataSizeConfig                       0x080058b3   Thumb Code    18  stm32f4xx_spi.o(.text)
    SPI_BiDirectionalLineConfig              0x080058c5   Thumb Code    28  stm32f4xx_spi.o(.text)
    SPI_NSSInternalSoftwareConfig            0x080058e1   Thumb Code    30  stm32f4xx_spi.o(.text)
    SPI_SSOutputCmd                          0x080058ff   Thumb Code    24  stm32f4xx_spi.o(.text)
    SPI_TIModeCmd                            0x08005917   Thumb Code    24  stm32f4xx_spi.o(.text)
    I2S_FullDuplexConfig                     0x0800592f   Thumb Code    80  stm32f4xx_spi.o(.text)
    SPI_I2S_ReceiveData                      0x0800597f   Thumb Code     6  stm32f4xx_spi.o(.text)
    SPI_I2S_SendData                         0x08005985   Thumb Code     4  stm32f4xx_spi.o(.text)
    SPI_CalculateCRC                         0x08005989   Thumb Code    24  stm32f4xx_spi.o(.text)
    SPI_TransmitCRC                          0x080059a1   Thumb Code    10  stm32f4xx_spi.o(.text)
    SPI_GetCRC                               0x080059ab   Thumb Code    16  stm32f4xx_spi.o(.text)
    SPI_GetCRCPolynomial                     0x080059bb   Thumb Code     6  stm32f4xx_spi.o(.text)
    SPI_I2S_DMACmd                           0x080059c1   Thumb Code    18  stm32f4xx_spi.o(.text)
    SPI_I2S_ITConfig                         0x080059d3   Thumb Code    32  stm32f4xx_spi.o(.text)
    SPI_I2S_GetFlagStatus                    0x080059f3   Thumb Code    50  stm32f4xx_spi.o(.text)
    SPI_I2S_ClearFlag                        0x08005a25   Thumb Code     6  stm32f4xx_spi.o(.text)
    SPI_I2S_GetITStatus                      0x08005a2b   Thumb Code    52  stm32f4xx_spi.o(.text)
    SPI_I2S_ClearITPendingBit                0x08005a5f   Thumb Code    20  stm32f4xx_spi.o(.text)
    SYSCFG_DeInit                            0x08005a75   Thumb Code    22  stm32f4xx_syscfg.o(.text)
    SYSCFG_MemoryRemapConfig                 0x08005a8b   Thumb Code     6  stm32f4xx_syscfg.o(.text)
    SYSCFG_MemorySwappingBank                0x08005a91   Thumb Code     6  stm32f4xx_syscfg.o(.text)
    SYSCFG_EXTILineConfig                    0x08005a97   Thumb Code    66  stm32f4xx_syscfg.o(.text)
    SYSCFG_ETH_MediaInterfaceConfig          0x08005ad9   Thumb Code     8  stm32f4xx_syscfg.o(.text)
    SYSCFG_CompensationCellCmd               0x08005ae1   Thumb Code     6  stm32f4xx_syscfg.o(.text)
    SYSCFG_GetCompensationCellStatus         0x08005ae7   Thumb Code    22  stm32f4xx_syscfg.o(.text)
    USART_DeInit                             0x08005b09   Thumb Code   206  stm32f4xx_usart.o(.text)
    USART_Init                               0x08005bd7   Thumb Code   204  stm32f4xx_usart.o(.text)
    USART_StructInit                         0x08005ca3   Thumb Code    24  stm32f4xx_usart.o(.text)
    USART_ClockInit                          0x08005cbb   Thumb Code    32  stm32f4xx_usart.o(.text)
    USART_ClockStructInit                    0x08005cdb   Thumb Code    12  stm32f4xx_usart.o(.text)
    USART_Cmd                                0x08005ce7   Thumb Code    24  stm32f4xx_usart.o(.text)
    USART_SetPrescaler                       0x08005cff   Thumb Code    16  stm32f4xx_usart.o(.text)
    USART_OverSampling8Cmd                   0x08005d0f   Thumb Code    22  stm32f4xx_usart.o(.text)
    USART_OneBitMethodCmd                    0x08005d25   Thumb Code    24  stm32f4xx_usart.o(.text)
    USART_SendData                           0x08005d3d   Thumb Code     8  stm32f4xx_usart.o(.text)
    USART_ReceiveData                        0x08005d45   Thumb Code    10  stm32f4xx_usart.o(.text)
    USART_SetAddress                         0x08005d4f   Thumb Code    18  stm32f4xx_usart.o(.text)
    USART_ReceiverWakeUpCmd                  0x08005d61   Thumb Code    24  stm32f4xx_usart.o(.text)
    USART_WakeUpConfig                       0x08005d79   Thumb Code    18  stm32f4xx_usart.o(.text)
    USART_LINBreakDetectLengthConfig         0x08005d8b   Thumb Code    18  stm32f4xx_usart.o(.text)
    USART_LINCmd                             0x08005d9d   Thumb Code    24  stm32f4xx_usart.o(.text)
    USART_SendBreak                          0x08005db5   Thumb Code    10  stm32f4xx_usart.o(.text)
    USART_HalfDuplexCmd                      0x08005dbf   Thumb Code    24  stm32f4xx_usart.o(.text)
    USART_SetGuardTime                       0x08005dd7   Thumb Code    16  stm32f4xx_usart.o(.text)
    USART_SmartCardCmd                       0x08005de7   Thumb Code    24  stm32f4xx_usart.o(.text)
    USART_SmartCardNACKCmd                   0x08005dff   Thumb Code    24  stm32f4xx_usart.o(.text)
    USART_IrDAConfig                         0x08005e17   Thumb Code    18  stm32f4xx_usart.o(.text)
    USART_IrDACmd                            0x08005e29   Thumb Code    24  stm32f4xx_usart.o(.text)
    USART_DMACmd                             0x08005e41   Thumb Code    18  stm32f4xx_usart.o(.text)
    USART_ITConfig                           0x08005e53   Thumb Code    74  stm32f4xx_usart.o(.text)
    USART_GetFlagStatus                      0x08005e9d   Thumb Code    26  stm32f4xx_usart.o(.text)
    USART_ClearFlag                          0x08005eb7   Thumb Code    18  stm32f4xx_usart.o(.text)
    USART_GetITStatus                        0x08005ec9   Thumb Code   118  stm32f4xx_usart.o(.text)
    USART_ClearITPendingBit                  0x08005f3f   Thumb Code    30  stm32f4xx_usart.o(.text)
    __aeabi_memcpy                           0x08005f5d   Thumb Code     0  rt_memcpy_v6.o(.text)
    __rt_memcpy                              0x08005f5d   Thumb Code   138  rt_memcpy_v6.o(.text)
    _memcpy_lastbytes                        0x08005fc3   Thumb Code     0  rt_memcpy_v6.o(.text)
    __aeabi_memcpy4                          0x08005fe7   Thumb Code     0  rt_memcpy_w.o(.text)
    __aeabi_memcpy8                          0x08005fe7   Thumb Code     0  rt_memcpy_w.o(.text)
    __rt_memcpy_w                            0x08005fe7   Thumb Code   100  rt_memcpy_w.o(.text)
    _memcpy_lastbytes_aligned                0x0800602f   Thumb Code     0  rt_memcpy_w.o(.text)
    __aeabi_memset                           0x0800604b   Thumb Code    16  aeabi_memset.o(.text)
    __use_two_region_memory                  0x0800605b   Thumb Code     2  heapauxi.o(.text)
    __rt_heap_escrow$2region                 0x0800605d   Thumb Code     2  heapauxi.o(.text)
    __rt_heap_expand$2region                 0x0800605f   Thumb Code     2  heapauxi.o(.text)
    __aeabi_memclr                           0x08006061   Thumb Code     0  rt_memclr.o(.text)
    __rt_memclr                              0x08006061   Thumb Code    68  rt_memclr.o(.text)
    _memset                                  0x08006065   Thumb Code     0  rt_memclr.o(.text)
    __aeabi_memclr4                          0x080060a5   Thumb Code     0  rt_memclr_w.o(.text)
    __aeabi_memclr8                          0x080060a5   Thumb Code     0  rt_memclr_w.o(.text)
    __rt_memclr_w                            0x080060a5   Thumb Code    78  rt_memclr_w.o(.text)
    _memset_w                                0x080060a9   Thumb Code     0  rt_memclr_w.o(.text)
    __user_setup_stackheap                   0x080060f3   Thumb Code    74  sys_stackheap_outer.o(.text)
    exit                                     0x0800613d   Thumb Code    18  exit.o(.text)
    __user_libspace                          0x08006151   Thumb Code     8  libspace.o(.text)
    __user_perproc_libspace                  0x08006151   Thumb Code     0  libspace.o(.text)
    __user_perthread_libspace                0x08006151   Thumb Code     0  libspace.o(.text)
    _sys_exit                                0x08006159   Thumb Code     8  sys_exit.o(.text)
    __I$use$semihosting                      0x08006165   Thumb Code     0  use_no_semi.o(.text)
    __use_no_semihosting_swi                 0x08006165   Thumb Code     2  use_no_semi.o(.text)
    __semihosting_library_function           0x08006167   Thumb Code     0  indicate_semi.o(.text)
    __aeabi_d2f                              0x08006169   Thumb Code     0  d2f.o(x$fpl$d2f)
    _d2f                                     0x08006169   Thumb Code    98  d2f.o(x$fpl$d2f)
    __aeabi_dadd                             0x080061cd   Thumb Code     0  daddsub_clz.o(x$fpl$dadd)
    _dadd                                    0x080061cd   Thumb Code   332  daddsub_clz.o(x$fpl$dadd)
    __fpl_dcmp_Inf                           0x0800631d   Thumb Code    24  dcmpi.o(x$fpl$dcmpinf)
    __aeabi_d2iz                             0x08006335   Thumb Code     0  dfix.o(x$fpl$dfix)
    _dfix                                    0x08006335   Thumb Code    94  dfix.o(x$fpl$dfix)
    __aeabi_cdcmple                          0x08006395   Thumb Code     0  dleqf.o(x$fpl$dleqf)
    _dcmple                                  0x08006395   Thumb Code   120  dleqf.o(x$fpl$dleqf)
    __fpl_dcmple_InfNaN                      0x080063f7   Thumb Code     0  dleqf.o(x$fpl$dleqf)
    __aeabi_dmul                             0x0800640d   Thumb Code     0  dmul.o(x$fpl$dmul)
    _dmul                                    0x0800640d   Thumb Code   332  dmul.o(x$fpl$dmul)
    __fpl_dnaninf                            0x08006561   Thumb Code   156  dnaninf.o(x$fpl$dnaninf)
    __fpl_dretinf                            0x080065fd   Thumb Code    12  dretinf.o(x$fpl$dretinf)
    __aeabi_cdrcmple                         0x08006609   Thumb Code     0  drleqf.o(x$fpl$drleqf)
    _drcmple                                 0x08006609   Thumb Code   108  drleqf.o(x$fpl$drleqf)
    __aeabi_dsub                             0x08006675   Thumb Code     0  daddsub_clz.o(x$fpl$dsub)
    _dsub                                    0x08006675   Thumb Code   464  daddsub_clz.o(x$fpl$dsub)
    __aeabi_f2d                              0x08006849   Thumb Code     0  f2d.o(x$fpl$f2d)
    _f2d                                     0x08006849   Thumb Code    86  f2d.o(x$fpl$f2d)
    __fpl_fnaninf                            0x0800689f   Thumb Code   140  fnaninf.o(x$fpl$fnaninf)
    _fp_init                                 0x0800692b   Thumb Code    10  fpinit.o(x$fpl$fpinit)
    __fplib_config_fpu_vfp                   0x08006933   Thumb Code     0  fpinit.o(x$fpl$fpinit)
    __fplib_config_pureend_doubles           0x08006933   Thumb Code     0  fpinit.o(x$fpl$fpinit)
    __fpl_fretinf                            0x08006935   Thumb Code    10  fretinf.o(x$fpl$fretinf)
    __I$use$fp                               0x0800693e   Number         0  usenofp.o(x$fpl$usenofp)
    GPIO_PIN                                 0x08006940   Data           8  discoveryf4utils.o(.constdata)
    GPIO_CLK                                 0x08006948   Data          16  discoveryf4utils.o(.constdata)
    BUTTON_PIN                               0x08006958   Data           2  discoveryf4utils.o(.constdata)
    BUTTON_CLK                               0x0800695c   Data           4  discoveryf4utils.o(.constdata)
    BUTTON_EXTI_LINE                         0x08006960   Data           2  discoveryf4utils.o(.constdata)
    BUTTON_PORT_SOURCE                       0x08006962   Data           1  discoveryf4utils.o(.constdata)
    BUTTON_PIN_SOURCE                        0x08006963   Data           1  discoveryf4utils.o(.constdata)
    BUTTON_IRQn                              0x08006964   Data           1  discoveryf4utils.o(.constdata)
    COM_USART_CLK                            0x08006968   Data           4  discoveryf4utils.o(.constdata)
    COM_TX_PORT_CLK                          0x0800696c   Data           4  discoveryf4utils.o(.constdata)
    COM_RX_PORT_CLK                          0x08006970   Data           4  discoveryf4utils.o(.constdata)
    COM_TX_PIN                               0x08006974   Data           2  discoveryf4utils.o(.constdata)
    COM_RX_PIN                               0x08006976   Data           2  discoveryf4utils.o(.constdata)
    COM_TX_PIN_SOURCE                        0x08006978   Data           2  discoveryf4utils.o(.constdata)
    COM_RX_PIN_SOURCE                        0x0800697a   Data           2  discoveryf4utils.o(.constdata)
    COM_TX_AF                                0x0800697c   Data           2  discoveryf4utils.o(.constdata)
    COM_RX_AF                                0x0800697e   Data           2  discoveryf4utils.o(.constdata)
    Region$$Table$$Base                      0x08006980   Number         0  anon$$obj.o(Region$$Table)
    Region$$Table$$Limit                     0x080069a0   Number         0  anon$$obj.o(Region$$Table)
    SystemCoreClock                          0x20000000   Data           4  system_stm32f4xx.o(.data)
    AHBPrescTable                            0x20000004   Data          16  system_stm32f4xx.o(.data)
    SCHED_TYPE                               0x20000018   Data           4  main.o(.data)
    COFFEE_START                             0x2000001c   Data           4  main.o(.data)
    schedPrio                                0x20000020   Data           4  main.o(.data)
    brewPrio                                 0x20000024   Data           4  main.o(.data)
    prio1                                    0x20000028   Data           4  main.o(.data)
    prio2                                    0x2000002c   Data           4  main.o(.data)
    prio3                                    0x20000030   Data           4  main.o(.data)
    prio1Count                               0x20000034   Data           4  main.o(.data)
    prio2Count                               0x20000038   Data           4  main.o(.data)
    prio3Count                               0x2000003c   Data           4  main.o(.data)
    running                                  0x20000040   Data           4  main.o(.data)
    ticks                                    0x20000044   Data           4  main.o(.data)
    currLed                                  0x20000048   Data           4  main.o(.data)
    codecInit                                0x2000004c   Data           4  main.o(.data)
    leds                                     0x20000050   Data          16  main.o(.data)
    brew_times                               0x20000060   Data          16  main.o(.data)
    sampleCounter                            0x20000070   Data           4  main.o(.data)
    sample                                   0x20000074   Data           2  main.o(.data)
    sawWave                                  0x20000078   Data           8  main.o(.data)
    filteredSaw                              0x20000080   Data           4  main.o(.data)
    xDebounceLock                            0x20000084   Data           4  main.o(.data)
    xSchedulerLock                           0x20000088   Data           4  main.o(.data)
    multiplier                               0x2000008c   Data           4  main.o(.data)
    GPIO_PORT                                0x20000094   Data          16  discoveryf4utils.o(.data)
    BUTTON_PORT                              0x200000a4   Data           4  discoveryf4utils.o(.data)
    NVIC_InitStructure                       0x200000a8   Data           4  discoveryf4utils.o(.data)
    COM_USART                                0x200000ac   Data           4  discoveryf4utils.o(.data)
    COM_TX_PORT                              0x200000b0   Data           4  discoveryf4utils.o(.data)
    COM_RX_PORT                              0x200000b4   Data           4  discoveryf4utils.o(.data)
    pxCurrentTCB                             0x200000b8   Data           4  tasks.o(.data)
    espresso                                 0x2000013c   Data          20  main.o(.bss)
    lattee                                   0x20000150   Data          20  main.o(.bss)
    cappuccino                               0x20000164   Data          20  main.o(.bss)
    mocha                                    0x20000178   Data          20  main.o(.bss)
    eTask                                    0x2000018c   Data          28  main.o(.bss)
    lTask                                    0x200001a8   Data          28  main.o(.bss)
    cTask                                    0x200001c4   Data          28  main.o(.bss)
    mTask                                    0x200001e0   Data          28  main.o(.bss)
    coffees                                  0x200001fc   Data         112  main.o(.bss)
    filt                                     0x2000026c   Data          68  main.o(.bss)
    xQueueRegistry                           0x200002b0   Data          64  queue.o(.bss)
    __libspace_start                         0x20012fe0   Data          96  libspace.o(.bss)
    __temporary_stack_top$libspace           0x20013040   Data           0  libspace.o(.bss)



==============================================================================

Memory Map of the image

  Image Entry point : 0x08000189

  Load Region LR_IROM1 (Base: 0x08000000, Size: 0x00006adc, Max: 0x00100000, ABSOLUTE, COMPRESSED[0x000069f4])

    Execution Region ER_IROM1 (Base: 0x08000000, Size: 0x000069a0, Max: 0x00100000, ABSOLUTE)

    Base Addr    Size         Type   Attr      Idx    E Section Name        Object

    0x08000000   0x00000188   Data   RO            3    RESET               startup_stm32f4xx.o
    0x08000188   0x00000008   Code   RO         1212  * !!!main             c_w.l(__main.o)
    0x08000190   0x00000034   Code   RO         1406    !!!scatter          c_w.l(__scatter.o)
    0x080001c4   0x0000005a   Code   RO         1404    !!dczerorl2         c_w.l(__dczerorl2.o)
    0x0800021e   0x00000002   PAD
    0x08000220   0x0000001c   Code   RO         1408    !!handler_zi        c_w.l(__scatter_zi.o)
    0x0800023c   0x00000002   Code   RO         1274    .ARM.Collect$$libinit$$00000000  c_w.l(libinit.o)
    0x0800023e   0x00000004   Code   RO         1280    .ARM.Collect$$libinit$$00000001  c_w.l(libinit2.o)
    0x08000242   0x00000000   Code   RO         1283    .ARM.Collect$$libinit$$00000004  c_w.l(libinit2.o)
    0x08000242   0x00000000   Code   RO         1286    .ARM.Collect$$libinit$$0000000A  c_w.l(libinit2.o)
    0x08000242   0x00000000   Code   RO         1288    .ARM.Collect$$libinit$$0000000C  c_w.l(libinit2.o)
    0x08000242   0x00000000   Code   RO         1290    .ARM.Collect$$libinit$$0000000E  c_w.l(libinit2.o)
    0x08000242   0x00000000   Code   RO         1293    .ARM.Collect$$libinit$$00000011  c_w.l(libinit2.o)
    0x08000242   0x00000000   Code   RO         1295    .ARM.Collect$$libinit$$00000013  c_w.l(libinit2.o)
    0x08000242   0x00000000   Code   RO         1297    .ARM.Collect$$libinit$$00000015  c_w.l(libinit2.o)
    0x08000242   0x00000000   Code   RO         1299    .ARM.Collect$$libinit$$00000017  c_w.l(libinit2.o)
    0x08000242   0x00000000   Code   RO         1301    .ARM.Collect$$libinit$$00000019  c_w.l(libinit2.o)
    0x08000242   0x00000000   Code   RO         1303    .ARM.Collect$$libinit$$0000001B  c_w.l(libinit2.o)
    0x08000242   0x00000000   Code   RO         1305    .ARM.Collect$$libinit$$0000001D  c_w.l(libinit2.o)
    0x08000242   0x00000000   Code   RO         1307    .ARM.Collect$$libinit$$0000001F  c_w.l(libinit2.o)
    0x08000242   0x00000000   Code   RO         1309    .ARM.Collect$$libinit$$00000021  c_w.l(libinit2.o)
    0x08000242   0x00000000   Code   RO         1311    .ARM.Collect$$libinit$$00000023  c_w.l(libinit2.o)
    0x08000242   0x00000000   Code   RO         1313    .ARM.Collect$$libinit$$00000025  c_w.l(libinit2.o)
    0x08000242   0x00000000   Code   RO         1317    .ARM.Collect$$libinit$$0000002C  c_w.l(libinit2.o)
    0x08000242   0x00000000   Code   RO         1319    .ARM.Collect$$libinit$$0000002E  c_w.l(libinit2.o)
    0x08000242   0x00000000   Code   RO         1321    .ARM.Collect$$libinit$$00000030  c_w.l(libinit2.o)
    0x08000242   0x00000000   Code   RO         1323    .ARM.Collect$$libinit$$00000032  c_w.l(libinit2.o)
    0x08000242   0x00000002   Code   RO         1324    .ARM.Collect$$libinit$$00000033  c_w.l(libinit2.o)
    0x08000244   0x00000002   Code   RO         1344    .ARM.Collect$$libshutdown$$00000000  c_w.l(libshutdown.o)
    0x08000246   0x00000000   Code   RO         1357    .ARM.Collect$$libshutdown$$00000002  c_w.l(libshutdown2.o)
    0x08000246   0x00000000   Code   RO         1359    .ARM.Collect$$libshutdown$$00000004  c_w.l(libshutdown2.o)
    0x08000246   0x00000000   Code   RO         1362    .ARM.Collect$$libshutdown$$00000007  c_w.l(libshutdown2.o)
    0x08000246   0x00000000   Code   RO         1365    .ARM.Collect$$libshutdown$$0000000A  c_w.l(libshutdown2.o)
    0x08000246   0x00000000   Code   RO         1367    .ARM.Collect$$libshutdown$$0000000C  c_w.l(libshutdown2.o)
    0x08000246   0x00000000   Code   RO         1370    .ARM.Collect$$libshutdown$$0000000F  c_w.l(libshutdown2.o)
    0x08000246   0x00000002   Code   RO         1371    .ARM.Collect$$libshutdown$$00000010  c_w.l(libshutdown2.o)
    0x08000248   0x00000000   Code   RO         1232    .ARM.Collect$$rtentry$$00000000  c_w.l(__rtentry.o)
    0x08000248   0x00000000   Code   RO         1247    .ARM.Collect$$rtentry$$00000002  c_w.l(__rtentry2.o)
    0x08000248   0x00000006   Code   RO         1259    .ARM.Collect$$rtentry$$00000004  c_w.l(__rtentry4.o)
    0x0800024e   0x00000000   Code   RO         1249    .ARM.Collect$$rtentry$$00000009  c_w.l(__rtentry2.o)
    0x0800024e   0x00000004   Code   RO         1250    .ARM.Collect$$rtentry$$0000000A  c_w.l(__rtentry2.o)
    0x08000252   0x00000000   Code   RO         1252    .ARM.Collect$$rtentry$$0000000C  c_w.l(__rtentry2.o)
    0x08000252   0x00000008   Code   RO         1253    .ARM.Collect$$rtentry$$0000000D  c_w.l(__rtentry2.o)
    0x0800025a   0x00000002   Code   RO         1278    .ARM.Collect$$rtexit$$00000000  c_w.l(rtexit.o)
    0x0800025c   0x00000000   Code   RO         1326    .ARM.Collect$$rtexit$$00000002  c_w.l(rtexit2.o)
    0x0800025c   0x00000004   Code   RO         1327    .ARM.Collect$$rtexit$$00000003  c_w.l(rtexit2.o)
    0x08000260   0x00000006   Code   RO         1328    .ARM.Collect$$rtexit$$00000004  c_w.l(rtexit2.o)
    0x08000266   0x00000002   PAD
    0x08000268   0x000000b6   Code   RO          452    .emb_text           port.o
    0x0800031e   0x00000002   PAD
    0x08000320   0x00000040   Code   RO            4    .text               startup_stm32f4xx.o
    0x08000360   0x00000210   Code   RO           12    .text               system_stm32f4xx.o
    0x08000570   0x00000cb4   Code   RO          139    .text               main.o
    0x08001224   0x00000228   Code   RO          219    .text               discoveryf4utils.o
    0x0800144c   0x00000014   Code   RO          243    .text               stm32f4xx_it.o
    0x08001460   0x0000041c   Code   RO          266    .text               codec.o
    0x0800187c   0x00000094   Code   RO          344    .text               list.o
    0x08001910   0x00000c30   Code   RO          364    .text               queue.o
    0x08002540   0x000017c4   Code   RO          390    .text               tasks.o
    0x08003d04   0x000005e0   Code   RO          417    .text               timers.o
    0x080042e4   0x0000030c   Code   RO          453    .text               port.o
    0x080045f0   0x00000124   Code   RO          490    .text               heap_2.o
    0x08004714   0x000000e0   Code   RO          513    .text               misc.o
    0x080047f4   0x00000110   Code   RO          776    .text               stm32f4xx_exti.o
    0x08004904   0x00000294   Code   RO          836    .text               stm32f4xx_gpio.o
    0x08004b98   0x00000456   Code   RO          916    .text               stm32f4xx_i2c.o
    0x08004fee   0x00000002   PAD
    0x08004ff0   0x00000634   Code   RO          999    .text               stm32f4xx_rcc.o
    0x08005624   0x0000044e   Code   RO         1104    .text               stm32f4xx_spi.o
    0x08005a72   0x00000002   PAD
    0x08005a74   0x00000094   Code   RO         1124    .text               stm32f4xx_syscfg.o
    0x08005b08   0x00000454   Code   RO         1164    .text               stm32f4xx_usart.o
    0x08005f5c   0x0000008a   Code   RO         1204    .text               c_w.l(rt_memcpy_v6.o)
    0x08005fe6   0x00000064   Code   RO         1206    .text               c_w.l(rt_memcpy_w.o)
    0x0800604a   0x00000010   Code   RO         1208    .text               c_w.l(aeabi_memset.o)
    0x0800605a   0x00000006   Code   RO         1210    .text               c_w.l(heapauxi.o)
    0x08006060   0x00000044   Code   RO         1233    .text               c_w.l(rt_memclr.o)
    0x080060a4   0x0000004e   Code   RO         1261    .text               c_w.l(rt_memclr_w.o)
    0x080060f2   0x0000004a   Code   RO         1265    .text               c_w.l(sys_stackheap_outer.o)
    0x0800613c   0x00000012   Code   RO         1267    .text               c_w.l(exit.o)
    0x0800614e   0x00000002   PAD
    0x08006150   0x00000008   Code   RO         1275    .text               c_w.l(libspace.o)
    0x08006158   0x0000000c   Code   RO         1336    .text               c_w.l(sys_exit.o)
    0x08006164   0x00000002   Code   RO         1347    .text               c_w.l(use_no_semi.o)
    0x08006166   0x00000000   Code   RO         1349    .text               c_w.l(indicate_semi.o)
    0x08006166   0x00000002   PAD
    0x08006168   0x00000062   Code   RO         1214    x$fpl$d2f           fz_wm.l(d2f.o)
    0x080061ca   0x00000002   PAD
    0x080061cc   0x00000150   Code   RO         1216    x$fpl$dadd          fz_wm.l(daddsub_clz.o)
    0x0800631c   0x00000018   Code   RO         1263    x$fpl$dcmpinf       fz_wm.l(dcmpi.o)
    0x08006334   0x0000005e   Code   RO         1222    x$fpl$dfix          fz_wm.l(dfix.o)
    0x08006392   0x00000002   PAD
    0x08006394   0x00000078   Code   RO         1235    x$fpl$dleqf         fz_wm.l(dleqf.o)
    0x0800640c   0x00000154   Code   RO         1226    x$fpl$dmul          fz_wm.l(dmul.o)
    0x08006560   0x0000009c   Code   RO         1237    x$fpl$dnaninf       fz_wm.l(dnaninf.o)
    0x080065fc   0x0000000c   Code   RO         1239    x$fpl$dretinf       fz_wm.l(dretinf.o)
    0x08006608   0x0000006c   Code   RO         1228    x$fpl$drleqf        fz_wm.l(drleqf.o)
    0x08006674   0x000001d4   Code   RO         1218    x$fpl$dsub          fz_wm.l(daddsub_clz.o)
    0x08006848   0x00000056   Code   RO         1230    x$fpl$f2d           fz_wm.l(f2d.o)
    0x0800689e   0x0000008c   Code   RO         1241    x$fpl$fnaninf       fz_wm.l(fnaninf.o)
    0x0800692a   0x0000000a   Code   RO         1334    x$fpl$fpinit        fz_wm.l(fpinit.o)
    0x08006934   0x0000000a   Code   RO         1243    x$fpl$fretinf       fz_wm.l(fretinf.o)
    0x0800693e   0x00000000   Code   RO         1245    x$fpl$usenofp       fz_wm.l(usenofp.o)
    0x0800693e   0x00000002   PAD
    0x08006940   0x00000040   Data   RO          220    .constdata          discoveryf4utils.o
    0x08006980   0x00000020   Data   RO         1402    Region$$Table       anon$$obj.o


    Execution Region RW_IRAM1 (Base: 0x20000000, Size: 0x00013640, Max: 0x00020000, ABSOLUTE, COMPRESSED[0x00000054])

    Base Addr    Size         Type   Attr      Idx    E Section Name        Object

    0x20000000   0x00000014   Data   RW           13    .data               system_stm32f4xx.o
    0x20000014   0x00000004   PAD
    0x20000018   0x0000007c   Data   RW          141    .data               main.o
    0x20000094   0x00000024   Data   RW          221    .data               discoveryf4utils.o
    0x200000b8   0x0000003c   Data   RW          392    .data               tasks.o
    0x200000f4   0x00000014   Data   RW          419    .data               timers.o
    0x20000108   0x0000000c   Data   RW          454    .data               port.o
    0x20000114   0x00000018   Data   RW          492    .data               heap_2.o
    0x2000012c   0x00000010   Data   RW         1000    .data               stm32f4xx_rcc.o
    0x2000013c   0x00000174   Zero   RW          140    .bss                main.o
    0x200002b0   0x00000040   Zero   RW          365    .bss                queue.o
    0x200002f0   0x000000c8   Zero   RW          391    .bss                tasks.o
    0x200003b8   0x00000028   Zero   RW          418    .bss                timers.o
    0x200003e0   0x00012c00   Zero   RW          491    .bss                heap_2.o
    0x20012fe0   0x00000060   Zero   RW         1276    .bss                c_w.l(libspace.o)
    0x20013040   0x00000200   Zero   RW            2    HEAP                startup_stm32f4xx.o
    0x20013240   0x00000400   Zero   RW            1    STACK               startup_stm32f4xx.o


==============================================================================

Image component sizes


      Code (inc. data)   RO Data    RW Data    ZI Data      Debug   Object Name

      1052         46          0          0          0       2125   codec.o
       552         88         64         36          0       3901   discoveryf4utils.o
         0          0          0          0          0       9448   event_groups.o
       292         26          0         24      76800       3332   heap_2.o
       148          0          0          0          0       1994   list.o
      3252        340          0        124        372      49991   main.o
       224         20          0          0          0       2021   misc.o
       962         52          0         12          0       8991   port.o
      3120         14          0          0         64      16460   queue.o
        64         26        392          0       1536        888   startup_stm32f4xx.o
       272         10          0          0          0       2487   stm32f4xx_exti.o
       660         44          0          0          0       4357   stm32f4xx_gpio.o
      1110         26          0          0          0       8879   stm32f4xx_i2c.o
        20          0          0          0          0        991   stm32f4xx_it.o
      1588         52          0         16          0      13142   stm32f4xx_rcc.o
      1102         32          0          0          0       7133   stm32f4xx_spi.o
       148         12          0          0          0       1929   stm32f4xx_syscfg.o
      1108         34          0          0          0       8084   stm32f4xx_usart.o
       528         46          0         20          0     282311   system_stm32f4xx.o
      6084        338          0         60        200      25962   tasks.o
      1504         68          0         20         40      16971   timers.o

    ----------------------------------------------------------------------
     23796       1274        488        316      79012     471397   Object Totals
         0          0         32          0          0          0   (incl. Generated)
         6          0          0          4          0          0   (incl. Padding)

    ----------------------------------------------------------------------

      Code (inc. data)   RO Data    RW Data    ZI Data      Debug   Library Member Name

        90          0          0          0          0          0   __dczerorl2.o
         8          0          0          0          0         68   __main.o
         0          0          0          0          0          0   __rtentry.o
        12          0          0          0          0          0   __rtentry2.o
         6          0          0          0          0          0   __rtentry4.o
        52          8          0          0          0          0   __scatter.o
        28          0          0          0          0          0   __scatter_zi.o
        16          0          0          0          0         68   aeabi_memset.o
        18          0          0          0          0         80   exit.o
         6          0          0          0          0        152   heapauxi.o
         0          0          0          0          0          0   indicate_semi.o
         2          0          0          0          0          0   libinit.o
         6          0          0          0          0          0   libinit2.o
         2          0          0          0          0          0   libshutdown.o
         2          0          0          0          0          0   libshutdown2.o
         8          4          0          0         96         68   libspace.o
        68          0          0          0          0         68   rt_memclr.o
        78          0          0          0          0         80   rt_memclr_w.o
       138          0          0          0          0         68   rt_memcpy_v6.o
       100          0          0          0          0         80   rt_memcpy_w.o
         2          0          0          0          0          0   rtexit.o
        10          0          0          0          0          0   rtexit2.o
        12          4          0          0          0         68   sys_exit.o
        74          0          0          0          0         80   sys_stackheap_outer.o
         2          0          0          0          0         68   use_no_semi.o
        98          4          0          0          0        140   d2f.o
       804         16          0          0          0        368   daddsub_clz.o
        24          0          0          0          0        116   dcmpi.o
        94          4          0          0          0        140   dfix.o
       120          4          0          0          0        140   dleqf.o
       340         12          0          0          0        152   dmul.o
       156          4          0          0          0        140   dnaninf.o
        12          0          0          0          0        116   dretinf.o
       108          0          0          0          0        128   drleqf.o
        86          4          0          0          0        132   f2d.o
       140          4          0          0          0        132   fnaninf.o
        10          0          0          0          0        116   fpinit.o
        10          0          0          0          0        116   fretinf.o
         0          0          0          0          0          0   usenofp.o

    ----------------------------------------------------------------------
      2756         68          0          0         96       2884   Library Totals
        14          0          0          0          0          0   (incl. Padding)

    ----------------------------------------------------------------------

      Code (inc. data)   RO Data    RW Data    ZI Data      Debug   Library Name

       740         16          0          0         96        948   c_w.l
      2002         52          0          0          0       1936   fz_wm.l

    ----------------------------------------------------------------------
      2756         68          0          0         96       2884   Library Totals

    ----------------------------------------------------------------------

==============================================================================


      Code (inc. data)   RO Data    RW Data    ZI Data      Debug   

     26552       1342        488        316      79108     467465   Grand Totals
     26552       1342        488         84      79108     467465   ELF Image Totals (compressed)
     26552       1342        488         84          0          0   ROM Totals

==============================================================================

    Total RO  Size (Code + RO Data)                27040 (  26.41kB)
    Total RW  Size (RW Data + ZI Data)             79424 (  77.56kB)
    Total ROM Size (Code + RO Data + RW Data)      27124 (  26.49kB)

==============================================================================

